node.exe : X [ERROR] The symbol "userId" has already been declared
At line:1 char:1
+ & "C:\Program Files\nodejs/node.exe" "C:\Program Files\nodejs/node_mo ...
+ ~~~~~~~~~~~~~~~~~~~~~~~~~~~~~~~~~~~~~~~~~~~~~~~~~~~~~~~~~~~~~~~~~~~~~
    + CategoryInfo          : NotSpecified: (X [ERROR] The s...y been declared:String) [], RemoteException
    + FullyQualifiedErrorId : NativeCommandError
 

    server/mock-exam-routes.ts:293:10:
      293 Γöé     const userId = getCurrentUser(req);
          Γò╡           ~~~~~~

  The symbol "userId" was originally declared here:

    server/mock-exam-routes.ts:237:10:
      237 Γöé     const userId = getCurrentUser(req);
          Γò╡           ~~~~~~

1 error
node:child_process:964
    throw err;
    ^

Error: Command failed: C:\Users\Ekta\Downloads\ZeroPage\node_modules\@esbuild\win32-x64\esbuild.exe server/index.ts 
--platform=node --packages=external --bundle --format=esm --outfile=dist/index.js
    at genericNodeError (node:internal/errors:985:15)
    at wrappedFn (node:internal/errors:539:14)
    at checkExecSyncError (node:child_process:925:11)
    at Object.execFileSync (node:child_process:961:15)
    at Object.<anonymous> (C:\Users\Ekta\Downloads\ZeroPage\node_modules\esbuild\bin\esbuild:222:28)
    at Module._compile (node:internal/modules/cjs/loader:1761:14)
    at Object..js (node:internal/modules/cjs/loader:1893:10)
    at Module.load (node:internal/modules/cjs/loader:1481:32)
    at Module._load (node:internal/modules/cjs/loader:1300:12)
    at TracingChannel.traceSync (node:diagnostics_channel:328:14) {
  status: 1,
  signal: null,
  output: [ null, null, null ],
  pid: 8016,
  stdout: null,
  stderr: null
}

Node.js v24.11.1
