
> rest-express@1.0.0 dev
> concurrently "npm run dev:backend" "npm run dev:frontend"

[0]
[0] > rest-express@1.0.0 dev:backend
[0] > cross-env NODE_ENV=development PORT=5001 tsx server/index.ts
[0]
[1]
[1] > rest-express@1.0.0 dev:frontend
[1] > vite
[1]
[1]
[1]   VITE v5.4.21  ready in 309 ms
[1]
[1]   ➜  Local:   http://localhost:5002/
[1]   ➜  Network: http://192.168.0.2:5002/
[0] [FCM] FIREBASE_SERVICE_ACCOUNT not found in environment. Push notifications will be logged only.
[0] [ObjectStorage] Using Local Storage provider (Coolify Volume compatible)
[0] ✗ Failed to connect to database: Connection terminated due to connection timeout
[0] Retrying connection in 4000ms... (4 attempts remaining)
[0] ✗ Failed to connect to database: Connection terminated due to connection timeout
[0] Retrying connection in 6000ms... (3 attempts remaining)
[0] 3:51:31 PM [express] [Database] Checking for missing columns in mock_exam_attempts...
[0] [Database] Error updating mock_exam_attempts table: Connection terminated due to connection timeout
[0] [Server] Listening on port 5001 (development)
[0] ✗ Failed to connect to database: Connection terminated due to connection timeout
[0] Retrying connection in 8000ms... (2 attempts remaining)
[1]
[1] warn - The class `duration-[4000ms]` is ambiguous and matches multiple utilities.
[1] warn - If this is content and not a class, replace it with `duration-&lsqb;4000ms&rsqb;` to silence this warning.
[0] Error fetching preview questions: Error: Connection terminated due to connection timeout
[0]     at /app/node_modules/pg-pool/index.js:45:11
[0]     at process.processTicksAndRejections (node:internal/process/task_queues:103:5)
[0]     at async <anonymous> (/app/node_modules/src/node-postgres/session.ts:104:19)
[0]     at async <anonymous> (/app/server/routes.ts:505:32) {
[0]   [cause]: Error: Connection terminated unexpectedly
[0]       at Connection.<anonymous> (/app/node_modules/pg/lib/client.js:136:73)
[0]       at Object.onceWrapper (node:events:633:28)
[0]       at Connection.emit (node:events:519:28)
[0]       at Socket.<anonymous> (/app/node_modules/pg/lib/connection.js:62:12)
[0]       at Socket.emit (node:events:519:28)
[0]       at TCP.<anonymous> (node:net:346:12)
[0] }
[0] Error fetching preview questions: Error: Connection terminated due to connection timeout
[0]     at /app/node_modules/pg-pool/index.js:45:11
[0]     at process.processTicksAndRejections (node:internal/process/task_queues:103:5)
[0]     at async <anonymous> (/app/node_modules/src/node-postgres/session.ts:104:19)
[0]     at async <anonymous> (/app/server/routes.ts:505:32) {
[0]   [cause]: Error: Connection terminated unexpectedly
[0]       at Connection.<anonymous> (/app/node_modules/pg/lib/client.js:136:73)
[0]       at Object.onceWrapper (node:events:633:28)
[0]       at Connection.emit (node:events:519:28)
[0]       at Socket.<anonymous> (/app/node_modules/pg/lib/connection.js:62:12)
[0]       at Socket.emit (node:events:519:28)
[0]       at TCP.<anonymous> (node:net:346:12)
[0] }
[0] Error fetching subscription plans: Error: Connection terminated due to connection timeout
[0]     at /app/node_modules/pg-pool/index.js:45:11
[0]     at process.processTicksAndRejections (node:internal/process/task_queues:103:5)
[0]     at async <anonymous> (/app/node_modules/src/node-postgres/session.ts:104:19)
[0]     at async <anonymous> (/app/server/routes.ts:310:21) {
[0]   [cause]: Error: Connection terminated unexpectedly
[0]       at Connection.<anonymous> (/app/node_modules/pg/lib/client.js:136:73)
[0]       at Object.onceWrapper (node:events:633:28)
[0]       at Connection.emit (node:events:519:28)
[0]       at Socket.<anonymous> (/app/node_modules/pg/lib/connection.js:62:12)
[0]       at Socket.emit (node:events:519:28)
[0]       at TCP.<anonymous> (node:net:346:12)
[0] }
[0] ✗ Failed to connect to database: Connection terminated due to connection timeout
[0] Retrying connection in 10000ms... (1 attempts remaining)
[0] ✗ Failed to connect to database: Connection terminated due to connection timeout
[0] Retrying connection in 12000ms... (0 attempts remaining)
[0] ✗ Failed to connect to database: Connection terminated due to connection timeout
[0] FATAL: Database connection failed after all retries.
[0] npm run dev:backend exited with code 1
[1] 3:55:05 PM [vite] http proxy error: /api/questions/preview
[1] AggregateError [ECONNREFUSED]:
[1]     at internalConnectMultiple (node:net:1134:18)
[1]     at afterConnectMultiple (node:net:1715:7)
[1] 3:55:05 PM [vite] http proxy error: /api/auth/me
[1] AggregateError [ECONNREFUSED]:
[1]     at internalConnectMultiple (node:net:1134:18)
[1]     at afterConnectMultiple (node:net:1715:7)
[1] 3:55:05 PM [vite] http proxy error: /api/questions/preview
[1] AggregateError [ECONNREFUSED]:
[1]     at internalConnectMultiple (node:net:1134:18)
[1]     at afterConnectMultiple (node:net:1715:7)
[1] 3:55:05 PM [vite] http proxy error: /api/auth/me
[1] AggregateError [ECONNREFUSED]:
[1]     at internalConnectMultiple (node:net:1134:18)
[1]     at afterConnectMultiple (node:net:1715:7)
[1] 3:55:06 PM [vite] http proxy error: /api/questions/preview
[1] AggregateError [ECONNREFUSED]:
[1]     at internalConnectMultiple (node:net:1134:18)
[1]     at afterConnectMultiple (node:net:1715:7)
[1] 3:55:06 PM [vite] http proxy error: /api/subscription-plans
[1] AggregateError [ECONNREFUSED]:
[1]     at internalConnectMultiple (node:net:1134:18)
[1]     at afterConnectMultiple (node:net:1715:7)
[1] 3:55:06 PM [vite] http proxy error: /api/auth/me
[1] AggregateError [ECONNREFUSED]:
[1]     at internalConnectMultiple (node:net:1134:18)
[1]     at afterConnectMultiple (node:net:1715:7)
[1] 3:55:06 PM [vite] http proxy error: /api/subscription-plans
[1] AggregateError [ECONNREFUSED]:
[1]     at internalConnectMultiple (node:net:1134:18)
[1]     at afterConnectMultiple (node:net:1715:7)
[1] 3:55:07 PM [vite] http proxy error: /api/subscription-plans
[1] AggregateError [ECONNREFUSED]:
[1]     at internalConnectMultiple (node:net:1134:18)
[1]     at afterConnectMultiple (node:net:1715:7)
[1] 3:55:07 PM [vite] http proxy error: /api/telemetry/vitals
[1] AggregateError [ECONNREFUSED]:
[1]     at internalConnectMultiple (node:net:1134:18)
[1]     at afterConnectMultiple (node:net:1715:7)
[1] 3:56:31 PM [vite] http proxy error: /api/auth/me
[1] AggregateError [ECONNREFUSED]:
[1]     at internalConnectMultiple (node:net:1134:18)
[1]     at afterConnectMultiple (node:net:1715:7)
[1] 3:56:31 PM [vite] http proxy error: /api/questions/preview
[1] AggregateError [ECONNREFUSED]:
[1]     at internalConnectMultiple (node:net:1134:18)
[1]     at afterConnectMultiple (node:net:1715:7)
[1] 3:56:31 PM [vite] http proxy error: /api/questions/preview
[1] AggregateError [ECONNREFUSED]:
[1]     at internalConnectMultiple (node:net:1134:18)
[1]     at afterConnectMultiple (node:net:1715:7)
[1] 3:56:31 PM [vite] http proxy error: /api/auth/me
[1] AggregateError [ECONNREFUSED]:
[1]     at internalConnectMultiple (node:net:1134:18)
[1]     at afterConnectMultiple (node:net:1715:7)
[1] 3:56:31 PM [vite] http proxy error: /api/questions/preview
[1] AggregateError [ECONNREFUSED]:
[1]     at internalConnectMultiple (node:net:1134:18)
[1]     at afterConnectMultiple (node:net:1715:7)
[1] 3:56:31 PM [vite] http proxy error: /api/subscription-plans
[1] AggregateError [ECONNREFUSED]:
[1]     at internalConnectMultiple (node:net:1134:18)
[1]     at afterConnectMultiple (node:net:1715:7)
[1] 3:56:32 PM [vite] http proxy error: /api/auth/me
[1] AggregateError [ECONNREFUSED]:
[1]     at internalConnectMultiple (node:net:1134:18)
[1]     at afterConnectMultiple (node:net:1715:7)
[1] 3:56:32 PM [vite] http proxy error: /api/subscription-plans
[1] AggregateError [ECONNREFUSED]:
[1]     at internalConnectMultiple (node:net:1134:18)
[1]     at afterConnectMultiple (node:net:1715:7)
[1] 3:56:33 PM [vite] http proxy error: /api/subscription-plans
[1] AggregateError [ECONNREFUSED]:
[1]     at internalConnectMultiple (node:net:1134:18)
[1]     at afterConnectMultiple (node:net:1715:7)
[1] 3:56:33 PM [vite] http proxy error: /api/telemetry/vitals
[1] AggregateError [ECONNREFUSED]:
[1]     at internalConnectMultiple (node:net:1134:18)
[1]     at afterConnectMultiple (node:net:1715:7)
[1] 3:58:30 PM [vite] http proxy error: /api/questions/preview
[1] AggregateError [ECONNREFUSED]:
[1]     at internalConnectMultiple (node:net:1134:18)
[1]     at afterConnectMultiple (node:net:1715:7)
[1] 3:58:30 PM [vite] http proxy error: /api/auth/me
[1] AggregateError [ECONNREFUSED]:
[1]     at internalConnectMultiple (node:net:1134:18)
[1]     at afterConnectMultiple (node:net:1715:7)
[1] 3:58:30 PM [vite] http proxy error: /api/questions/preview
[1] AggregateError [ECONNREFUSED]:
[1]     at internalConnectMultiple (node:net:1134:18)
[1]     at afterConnectMultiple (node:net:1715:7)
[1] 3:58:30 PM [vite] http proxy error: /api/auth/me
[1] AggregateError [ECONNREFUSED]:
[1]     at internalConnectMultiple (node:net:1134:18)
[1]     at afterConnectMultiple (node:net:1715:7)
[1] 3:58:30 PM [vite] http proxy error: /api/questions/preview
[1] AggregateError [ECONNREFUSED]:
[1]     at internalConnectMultiple (node:net:1134:18)
[1]     at afterConnectMultiple (node:net:1715:7)
[1] 3:58:30 PM [vite] http proxy error: /api/subscription-plans
[1] AggregateError [ECONNREFUSED]:
[1]     at internalConnectMultiple (node:net:1134:18)
[1]     at afterConnectMultiple (node:net:1715:7)
[1] 3:58:31 PM [vite] http proxy error: /api/auth/me
[1] AggregateError [ECONNREFUSED]:
[1]     at internalConnectMultiple (node:net:1134:18)
[1]     at afterConnectMultiple (node:net:1715:7)
[1] 4:03:15 PM [vite] page reload src/data/videos.ts
[1] 4:04:35 PM [vite] page reload src/components/simulations/DnaHelixViewer.tsx
[1] 4:06:48 PM [vite] page reload src/components/DashboardMetrics.tsx
[1] 4:09:28 PM [vite] page reload src/components/ChapterQuiz.tsx
