
> rest-express@1.0.0 check
> tsc --pretty false

client/src/components/ChemistryChapter1.tsx(179,20): error TS2345: Argument of type '(prev: { [key: number]: number; }) => { [x: number]: string | number; }' is not assignable to parameter of type 'SetStateAction<{ [key: number]: number; }>'.
  Type '(prev: { [key: number]: number; }) => { [x: number]: string | number; }' is not assignable to type '(prevState: { [key: number]: number; }) => { [key: number]: number; }'.
    Type '{ [x: number]: string | number; }' is not assignable to type '{ [key: number]: number; }'.
      'number' index signatures are incompatible.
        Type 'string | number' is not assignable to type 'number'.
          Type 'string' is not assignable to type 'number'.
client/src/components/ChemistryChapter1.tsx(194,26): error TS2367: This comparison appears to be unintentional because the types 'number' and 'string' have no overlap.
client/src/components/ChemistryChapter1.tsx(542,33): error TS2367: This comparison appears to be unintentional because the types 'number' and 'string' have no overlap.
client/src/components/ChemistryChapter1.tsx(552,85): error TS2345: Argument of type 'number' is not assignable to parameter of type 'string'.
client/src/components/ChemistryChapter10.tsx(264,20): error TS2345: Argument of type '(prev: { [key: number]: number; }) => { [x: number]: string | number; }' is not assignable to parameter of type 'SetStateAction<{ [key: number]: number; }>'.
  Type '(prev: { [key: number]: number; }) => { [x: number]: string | number; }' is not assignable to type '(prevState: { [key: number]: number; }) => { [key: number]: number; }'.
    Type '{ [x: number]: string | number; }' is not assignable to type '{ [key: number]: number; }'.
      'number' index signatures are incompatible.
        Type 'string | number' is not assignable to type 'number'.
          Type 'string' is not assignable to type 'number'.
client/src/components/ChemistryChapter10.tsx(279,26): error TS2367: This comparison appears to be unintentional because the types 'number' and 'string' have no overlap.
client/src/components/ChemistryChapter10.tsx(498,33): error TS2367: This comparison appears to be unintentional because the types 'number' and 'string' have no overlap.
client/src/components/ChemistryChapter10.tsx(508,85): error TS2345: Argument of type 'number' is not assignable to parameter of type 'string'.
client/src/components/ChemistryChapter11.tsx(209,20): error TS2345: Argument of type '(prev: { [key: number]: number; }) => { [x: number]: string | number; }' is not assignable to parameter of type 'SetStateAction<{ [key: number]: number; }>'.
  Type '(prev: { [key: number]: number; }) => { [x: number]: string | number; }' is not assignable to type '(prevState: { [key: number]: number; }) => { [key: number]: number; }'.
    Type '{ [x: number]: string | number; }' is not assignable to type '{ [key: number]: number; }'.
      'number' index signatures are incompatible.
        Type 'string | number' is not assignable to type 'number'.
          Type 'string' is not assignable to type 'number'.
client/src/components/ChemistryChapter11.tsx(224,26): error TS2367: This comparison appears to be unintentional because the types 'number' and 'string' have no overlap.
client/src/components/ChemistryChapter11.tsx(457,33): error TS2367: This comparison appears to be unintentional because the types 'number' and 'string' have no overlap.
client/src/components/ChemistryChapter11.tsx(467,85): error TS2345: Argument of type 'number' is not assignable to parameter of type 'string'.
client/src/components/ChemistryChapter12.tsx(169,20): error TS2345: Argument of type '(prev: { [key: number]: number; }) => { [x: number]: string | number; }' is not assignable to parameter of type 'SetStateAction<{ [key: number]: number; }>'.
  Type '(prev: { [key: number]: number; }) => { [x: number]: string | number; }' is not assignable to type '(prevState: { [key: number]: number; }) => { [key: number]: number; }'.
    Type '{ [x: number]: string | number; }' is not assignable to type '{ [key: number]: number; }'.
      'number' index signatures are incompatible.
        Type 'string | number' is not assignable to type 'number'.
          Type 'string' is not assignable to type 'number'.
client/src/components/ChemistryChapter12.tsx(184,26): error TS2367: This comparison appears to be unintentional because the types 'number' and 'string' have no overlap.
client/src/components/ChemistryChapter12.tsx(411,23): error TS2367: This comparison appears to be unintentional because the types 'number' and 'string' have no overlap.
client/src/components/ChemistryChapter12.tsx(440,35): error TS2367: This comparison appears to be unintentional because the types 'number' and 'string' have no overlap.
client/src/components/ChemistryChapter12.tsx(443,33): error TS2367: This comparison appears to be unintentional because the types 'number' and 'string' have no overlap.
client/src/components/ChemistryChapter13.tsx(156,20): error TS2345: Argument of type '(prev: { [key: number]: number; }) => { [x: number]: string | number; }' is not assignable to parameter of type 'SetStateAction<{ [key: number]: number; }>'.
  Type '(prev: { [key: number]: number; }) => { [x: number]: string | number; }' is not assignable to type '(prevState: { [key: number]: number; }) => { [key: number]: number; }'.
    Type '{ [x: number]: string | number; }' is not assignable to type '{ [key: number]: number; }'.
      'number' index signatures are incompatible.
        Type 'string | number' is not assignable to type 'number'.
          Type 'string' is not assignable to type 'number'.
client/src/components/ChemistryChapter13.tsx(171,26): error TS2367: This comparison appears to be unintentional because the types 'number' and 'string' have no overlap.
client/src/components/ChemistryChapter13.tsx(398,23): error TS2367: This comparison appears to be unintentional because the types 'number' and 'string' have no overlap.
client/src/components/ChemistryChapter13.tsx(427,35): error TS2367: This comparison appears to be unintentional because the types 'number' and 'string' have no overlap.
client/src/components/ChemistryChapter13.tsx(430,33): error TS2367: This comparison appears to be unintentional because the types 'number' and 'string' have no overlap.
client/src/components/ChemistryChapter14.tsx(258,20): error TS2345: Argument of type '(prev: { [key: number]: number; }) => { [x: number]: string | number; }' is not assignable to parameter of type 'SetStateAction<{ [key: number]: number; }>'.
  Type '(prev: { [key: number]: number; }) => { [x: number]: string | number; }' is not assignable to type '(prevState: { [key: number]: number; }) => { [key: number]: number; }'.
    Type '{ [x: number]: string | number; }' is not assignable to type '{ [key: number]: number; }'.
      'number' index signatures are incompatible.
        Type 'string | number' is not assignable to type 'number'.
          Type 'string' is not assignable to type 'number'.
client/src/components/ChemistryChapter14.tsx(273,26): error TS2367: This comparison appears to be unintentional because the types 'number' and 'string' have no overlap.
client/src/components/ChemistryChapter14.tsx(610,33): error TS2367: This comparison appears to be unintentional because the types 'number' and 'string' have no overlap.
client/src/components/ChemistryChapter14.tsx(620,85): error TS2345: Argument of type 'number' is not assignable to parameter of type 'string'.
client/src/components/ChemistryChapter15.tsx(274,20): error TS2345: Argument of type '(prev: { [key: number]: number; }) => { [x: number]: string | number; }' is not assignable to parameter of type 'SetStateAction<{ [key: number]: number; }>'.
  Type '(prev: { [key: number]: number; }) => { [x: number]: string | number; }' is not assignable to type '(prevState: { [key: number]: number; }) => { [key: number]: number; }'.
    Type '{ [x: number]: string | number; }' is not assignable to type '{ [key: number]: number; }'.
      'number' index signatures are incompatible.
        Type 'string | number' is not assignable to type 'number'.
          Type 'string' is not assignable to type 'number'.
client/src/components/ChemistryChapter15.tsx(289,26): error TS2367: This comparison appears to be unintentional because the types 'number' and 'string' have no overlap.
client/src/components/ChemistryChapter15.tsx(641,33): error TS2367: This comparison appears to be unintentional because the types 'number' and 'string' have no overlap.
client/src/components/ChemistryChapter15.tsx(651,85): error TS2345: Argument of type 'number' is not assignable to parameter of type 'string'.
client/src/components/ChemistryChapter16.tsx(277,20): error TS2345: Argument of type '(prev: { [key: number]: number; }) => { [x: number]: string | number; }' is not assignable to parameter of type 'SetStateAction<{ [key: number]: number; }>'.
  Type '(prev: { [key: number]: number; }) => { [x: number]: string | number; }' is not assignable to type '(prevState: { [key: number]: number; }) => { [key: number]: number; }'.
    Type '{ [x: number]: string | number; }' is not assignable to type '{ [key: number]: number; }'.
      'number' index signatures are incompatible.
        Type 'string | number' is not assignable to type 'number'.
          Type 'string' is not assignable to type 'number'.
client/src/components/ChemistryChapter16.tsx(292,26): error TS2367: This comparison appears to be unintentional because the types 'number' and 'string' have no overlap.
client/src/components/ChemistryChapter16.tsx(677,33): error TS2367: This comparison appears to be unintentional because the types 'number' and 'string' have no overlap.
client/src/components/ChemistryChapter16.tsx(687,85): error TS2345: Argument of type 'number' is not assignable to parameter of type 'string'.
client/src/components/ChemistryChapter17.tsx(205,20): error TS2345: Argument of type '(prev: { [key: number]: number; }) => { [x: number]: string | number; }' is not assignable to parameter of type 'SetStateAction<{ [key: number]: number; }>'.
  Type '(prev: { [key: number]: number; }) => { [x: number]: string | number; }' is not assignable to type '(prevState: { [key: number]: number; }) => { [key: number]: number; }'.
    Type '{ [x: number]: string | number; }' is not assignable to type '{ [key: number]: number; }'.
      'number' index signatures are incompatible.
        Type 'string | number' is not assignable to type 'number'.
          Type 'string' is not assignable to type 'number'.
client/src/components/ChemistryChapter17.tsx(220,26): error TS2367: This comparison appears to be unintentional because the types 'number' and 'string' have no overlap.
client/src/components/ChemistryChapter17.tsx(562,33): error TS2367: This comparison appears to be unintentional because the types 'number' and 'string' have no overlap.
client/src/components/ChemistryChapter17.tsx(572,85): error TS2345: Argument of type 'number' is not assignable to parameter of type 'string'.
client/src/components/ChemistryChapter18.tsx(162,20): error TS2345: Argument of type '(prev: { [key: number]: number; }) => { [x: number]: string | number; }' is not assignable to parameter of type 'SetStateAction<{ [key: number]: number; }>'.
  Type '(prev: { [key: number]: number; }) => { [x: number]: string | number; }' is not assignable to type '(prevState: { [key: number]: number; }) => { [key: number]: number; }'.
    Type '{ [x: number]: string | number; }' is not assignable to type '{ [key: number]: number; }'.
      'number' index signatures are incompatible.
        Type 'string | number' is not assignable to type 'number'.
          Type 'string' is not assignable to type 'number'.
client/src/components/ChemistryChapter18.tsx(177,26): error TS2367: This comparison appears to be unintentional because the types 'number' and 'string' have no overlap.
client/src/components/ChemistryChapter18.tsx(416,33): error TS2367: This comparison appears to be unintentional because the types 'number' and 'string' have no overlap.
client/src/components/ChemistryChapter18.tsx(426,85): error TS2345: Argument of type 'number' is not assignable to parameter of type 'string'.
client/src/components/ChemistryChapter19.tsx(351,17): error TS2322: Type '"benzene"' is not assignable to type '"cell" | "atom" | "molecule" | "organ"'.
client/src/components/ChemistryChapter19.tsx(439,33): error TS2367: This comparison appears to be unintentional because the types 'number' and 'string' have no overlap.
client/src/components/ChemistryChapter19.tsx(441,35): error TS2367: This comparison appears to be unintentional because the types 'string' and 'number' have no overlap.
client/src/components/ChemistryChapter19.tsx(444,33): error TS2367: This comparison appears to be unintentional because the types 'string' and 'number' have no overlap.
client/src/components/ChemistryChapter19.tsx(449,85): error TS2345: Argument of type 'number' is not assignable to parameter of type 'string'.
client/src/components/ChemistryChapter2.tsx(250,20): error TS2345: Argument of type '(prev: { [key: number]: number; }) => { [x: number]: string | number; }' is not assignable to parameter of type 'SetStateAction<{ [key: number]: number; }>'.
  Type '(prev: { [key: number]: number; }) => { [x: number]: string | number; }' is not assignable to type '(prevState: { [key: number]: number; }) => { [key: number]: number; }'.
    Type '{ [x: number]: string | number; }' is not assignable to type '{ [key: number]: number; }'.
      'number' index signatures are incompatible.
        Type 'string | number' is not assignable to type 'number'.
          Type 'string' is not assignable to type 'number'.
client/src/components/ChemistryChapter2.tsx(265,26): error TS2367: This comparison appears to be unintentional because the types 'number' and 'string' have no overlap.
client/src/components/ChemistryChapter2.tsx(571,33): error TS2367: This comparison appears to be unintentional because the types 'number' and 'string' have no overlap.
client/src/components/ChemistryChapter2.tsx(581,85): error TS2345: Argument of type 'number' is not assignable to parameter of type 'string'.
client/src/components/ChemistryChapter20.tsx(324,17): error TS2322: Type '"chloromethane"' is not assignable to type '"cell" | "atom" | "molecule" | "organ"'.
client/src/components/ChemistryChapter20.tsx(411,33): error TS2367: This comparison appears to be unintentional because the types 'number' and 'string' have no overlap.
client/src/components/ChemistryChapter20.tsx(413,35): error TS2367: This comparison appears to be unintentional because the types 'string' and 'number' have no overlap.
client/src/components/ChemistryChapter20.tsx(416,33): error TS2367: This comparison appears to be unintentional because the types 'string' and 'number' have no overlap.
client/src/components/ChemistryChapter20.tsx(421,85): error TS2345: Argument of type 'number' is not assignable to parameter of type 'string'.
client/src/components/ChemistryChapter21.tsx(458,17): error TS2322: Type '"ethanol"' is not assignable to type '"cell" | "atom" | "molecule" | "organ"'.
client/src/components/ChemistryChapter21.tsx(552,73): error TS2339: Property 'text' does not exist on type 'never'.
client/src/components/ChemistryChapter22.tsx(252,20): error TS2345: Argument of type '(prev: { [key: number]: number; }) => { [x: number]: string | number; }' is not assignable to parameter of type 'SetStateAction<{ [key: number]: number; }>'.
  Type '(prev: { [key: number]: number; }) => { [x: number]: string | number; }' is not assignable to type '(prevState: { [key: number]: number; }) => { [key: number]: number; }'.
    Type '{ [x: number]: string | number; }' is not assignable to type '{ [key: number]: number; }'.
      'number' index signatures are incompatible.
        Type 'string | number' is not assignable to type 'number'.
          Type 'string' is not assignable to type 'number'.
client/src/components/ChemistryChapter22.tsx(267,26): error TS2367: This comparison appears to be unintentional because the types 'number' and 'string' have no overlap.
client/src/components/ChemistryChapter22.tsx(569,33): error TS2367: This comparison appears to be unintentional because the types 'number' and 'string' have no overlap.
client/src/components/ChemistryChapter22.tsx(579,85): error TS2345: Argument of type 'number' is not assignable to parameter of type 'string'.
client/src/components/ChemistryChapter23.tsx(234,20): error TS2345: Argument of type '(prev: { [key: number]: number; }) => { [x: number]: string | number; }' is not assignable to parameter of type 'SetStateAction<{ [key: number]: number; }>'.
  Type '(prev: { [key: number]: number; }) => { [x: number]: string | number; }' is not assignable to type '(prevState: { [key: number]: number; }) => { [key: number]: number; }'.
    Type '{ [x: number]: string | number; }' is not assignable to type '{ [key: number]: number; }'.
      'number' index signatures are incompatible.
        Type 'string | number' is not assignable to type 'number'.
          Type 'string' is not assignable to type 'number'.
client/src/components/ChemistryChapter23.tsx(249,26): error TS2367: This comparison appears to be unintentional because the types 'number' and 'string' have no overlap.
client/src/components/ChemistryChapter23.tsx(556,33): error TS2367: This comparison appears to be unintentional because the types 'number' and 'string' have no overlap.
client/src/components/ChemistryChapter23.tsx(566,85): error TS2345: Argument of type 'number' is not assignable to parameter of type 'string'.
client/src/components/ChemistryChapter24.tsx(259,20): error TS2345: Argument of type '(prev: { [key: number]: number; }) => { [x: number]: string | number; }' is not assignable to parameter of type 'SetStateAction<{ [key: number]: number; }>'.
  Type '(prev: { [key: number]: number; }) => { [x: number]: string | number; }' is not assignable to type '(prevState: { [key: number]: number; }) => { [key: number]: number; }'.
    Type '{ [x: number]: string | number; }' is not assignable to type '{ [key: number]: number; }'.
      'number' index signatures are incompatible.
        Type 'string | number' is not assignable to type 'number'.
          Type 'string' is not assignable to type 'number'.
client/src/components/ChemistryChapter24.tsx(274,26): error TS2367: This comparison appears to be unintentional because the types 'number' and 'string' have no overlap.
client/src/components/ChemistryChapter24.tsx(567,33): error TS2367: This comparison appears to be unintentional because the types 'number' and 'string' have no overlap.
client/src/components/ChemistryChapter24.tsx(577,85): error TS2345: Argument of type 'number' is not assignable to parameter of type 'string'.
client/src/components/ChemistryChapter25.tsx(230,20): error TS2345: Argument of type '(prev: { [key: number]: number; }) => { [x: number]: string | number; }' is not assignable to parameter of type 'SetStateAction<{ [key: number]: number; }>'.
  Type '(prev: { [key: number]: number; }) => { [x: number]: string | number; }' is not assignable to type '(prevState: { [key: number]: number; }) => { [key: number]: number; }'.
    Type '{ [x: number]: string | number; }' is not assignable to type '{ [key: number]: number; }'.
      'number' index signatures are incompatible.
        Type 'string | number' is not assignable to type 'number'.
          Type 'string' is not assignable to type 'number'.
client/src/components/ChemistryChapter25.tsx(245,26): error TS2367: This comparison appears to be unintentional because the types 'number' and 'string' have no overlap.
client/src/components/ChemistryChapter25.tsx(569,33): error TS2367: This comparison appears to be unintentional because the types 'number' and 'string' have no overlap.
client/src/components/ChemistryChapter25.tsx(579,85): error TS2345: Argument of type 'number' is not assignable to parameter of type 'string'.
client/src/components/ChemistryChapter26.tsx(259,20): error TS2345: Argument of type '(prev: { [key: number]: number; }) => { [x: number]: string | number; }' is not assignable to parameter of type 'SetStateAction<{ [key: number]: number; }>'.
  Type '(prev: { [key: number]: number; }) => { [x: number]: string | number; }' is not assignable to type '(prevState: { [key: number]: number; }) => { [key: number]: number; }'.
    Type '{ [x: number]: string | number; }' is not assignable to type '{ [key: number]: number; }'.
      'number' index signatures are incompatible.
        Type 'string | number' is not assignable to type 'number'.
          Type 'string' is not assignable to type 'number'.
client/src/components/ChemistryChapter26.tsx(274,26): error TS2367: This comparison appears to be unintentional because the types 'number' and 'string' have no overlap.
client/src/components/ChemistryChapter26.tsx(564,33): error TS2367: This comparison appears to be unintentional because the types 'number' and 'string' have no overlap.
client/src/components/ChemistryChapter26.tsx(574,85): error TS2345: Argument of type 'number' is not assignable to parameter of type 'string'.
client/src/components/ChemistryChapter27.tsx(232,20): error TS2345: Argument of type '(prev: { [key: number]: number; }) => { [x: number]: string | number; }' is not assignable to parameter of type 'SetStateAction<{ [key: number]: number; }>'.
  Type '(prev: { [key: number]: number; }) => { [x: number]: string | number; }' is not assignable to type '(prevState: { [key: number]: number; }) => { [key: number]: number; }'.
    Type '{ [x: number]: string | number; }' is not assignable to type '{ [key: number]: number; }'.
      'number' index signatures are incompatible.
        Type 'string | number' is not assignable to type 'number'.
          Type 'string' is not assignable to type 'number'.
client/src/components/ChemistryChapter27.tsx(247,26): error TS2367: This comparison appears to be unintentional because the types 'number' and 'string' have no overlap.
client/src/components/ChemistryChapter27.tsx(456,33): error TS2367: This comparison appears to be unintentional because the types 'number' and 'string' have no overlap.
client/src/components/ChemistryChapter27.tsx(466,85): error TS2345: Argument of type 'number' is not assignable to parameter of type 'string'.
client/src/components/ChemistryChapter28.tsx(216,20): error TS2345: Argument of type '(prev: { [key: number]: number; }) => { [x: number]: string | number; }' is not assignable to parameter of type 'SetStateAction<{ [key: number]: number; }>'.
  Type '(prev: { [key: number]: number; }) => { [x: number]: string | number; }' is not assignable to type '(prevState: { [key: number]: number; }) => { [key: number]: number; }'.
    Type '{ [x: number]: string | number; }' is not assignable to type '{ [key: number]: number; }'.
      'number' index signatures are incompatible.
        Type 'string | number' is not assignable to type 'number'.
          Type 'string' is not assignable to type 'number'.
client/src/components/ChemistryChapter28.tsx(231,26): error TS2367: This comparison appears to be unintentional because the types 'number' and 'string' have no overlap.
client/src/components/ChemistryChapter28.tsx(455,55): error TS2551: Property 'difficultyLevel' does not exist on type '{ id: number; chapter: string; question: string; options: string[]; correctAnswer: number; solution: string; difficulty: string; } | { id: number; question: string; options: string[]; correctAnswer: number; solution: string; difficulty: string; chapter?: undefined; }'. Did you mean 'difficulty'?
  Property 'difficultyLevel' does not exist on type '{ id: number; chapter: string; question: string; options: string[]; correctAnswer: number; solution: string; difficulty: string; }'.
client/src/components/ChemistryChapter28.tsx(455,90): error TS2551: Property 'difficultyLevel' does not exist on type '{ id: number; chapter: string; question: string; options: string[]; correctAnswer: number; solution: string; difficulty: string; } | { id: number; question: string; options: string[]; correctAnswer: number; solution: string; difficulty: string; chapter?: undefined; }'. Did you mean 'difficulty'?
  Property 'difficultyLevel' does not exist on type '{ id: number; chapter: string; question: string; options: string[]; correctAnswer: number; solution: string; difficulty: string; }'.
client/src/components/ChemistryChapter28.tsx(458,69): error TS2551: Property 'questionText' does not exist on type '{ id: number; chapter: string; question: string; options: string[]; correctAnswer: number; solution: string; difficulty: string; } | { id: number; question: string; options: string[]; correctAnswer: number; solution: string; difficulty: string; chapter?: undefined; }'. Did you mean 'question'?
  Property 'questionText' does not exist on type '{ id: number; chapter: string; question: string; options: string[]; correctAnswer: number; solution: string; difficulty: string; }'.
client/src/components/ChemistryChapter28.tsx(479,85): error TS2345: Argument of type 'number' is not assignable to parameter of type 'string'.
client/src/components/ChemistryChapter28.tsx(483,73): error TS2339: Property 'text' does not exist on type 'never'.
client/src/components/ChemistryChapter28.tsx(490,51): error TS2339: Property 'solutionDetail' does not exist on type '{ id: number; chapter: string; question: string; options: string[]; correctAnswer: number; solution: string; difficulty: string; } | { id: number; question: string; options: string[]; correctAnswer: number; solution: string; difficulty: string; chapter?: undefined; }'.
  Property 'solutionDetail' does not exist on type '{ id: number; chapter: string; question: string; options: string[]; correctAnswer: number; solution: string; difficulty: string; }'.
client/src/components/ChemistryChapter29.tsx(202,20): error TS2345: Argument of type '(prev: { [key: number]: number; }) => { [x: number]: string | number; }' is not assignable to parameter of type 'SetStateAction<{ [key: number]: number; }>'.
  Type '(prev: { [key: number]: number; }) => { [x: number]: string | number; }' is not assignable to type '(prevState: { [key: number]: number; }) => { [key: number]: number; }'.
    Type '{ [x: number]: string | number; }' is not assignable to type '{ [key: number]: number; }'.
      'number' index signatures are incompatible.
        Type 'string | number' is not assignable to type 'number'.
          Type 'string' is not assignable to type 'number'.
client/src/components/ChemistryChapter29.tsx(217,26): error TS2367: This comparison appears to be unintentional because the types 'number' and 'string' have no overlap.
client/src/components/ChemistryChapter29.tsx(422,33): error TS2367: This comparison appears to be unintentional because the types 'number' and 'string' have no overlap.
client/src/components/ChemistryChapter29.tsx(432,85): error TS2345: Argument of type 'number' is not assignable to parameter of type 'string'.
client/src/components/ChemistryChapter3.tsx(246,20): error TS2345: Argument of type '(prev: { [key: number]: number; }) => { [x: number]: string | number; }' is not assignable to parameter of type 'SetStateAction<{ [key: number]: number; }>'.
  Type '(prev: { [key: number]: number; }) => { [x: number]: string | number; }' is not assignable to type '(prevState: { [key: number]: number; }) => { [key: number]: number; }'.
    Type '{ [x: number]: string | number; }' is not assignable to type '{ [key: number]: number; }'.
      'number' index signatures are incompatible.
        Type 'string | number' is not assignable to type 'number'.
          Type 'string' is not assignable to type 'number'.
client/src/components/ChemistryChapter3.tsx(261,26): error TS2367: This comparison appears to be unintentional because the types 'number' and 'string' have no overlap.
client/src/components/ChemistryChapter3.tsx(618,33): error TS2367: This comparison appears to be unintentional because the types 'number' and 'string' have no overlap.
client/src/components/ChemistryChapter3.tsx(628,85): error TS2345: Argument of type 'number' is not assignable to parameter of type 'string'.
client/src/components/ChemistryChapter31.tsx(386,73): error TS2339: Property 'text' does not exist on type 'never'.
client/src/components/ChemistryChapter32.tsx(199,69): error TS2339: Property 'text' does not exist on type 'never'.
client/src/components/ChemistryChapter33.tsx(324,77): error TS2339: Property 'text' does not exist on type 'never'.
client/src/components/ChemistryChapter37.tsx(369,105): error TS2339: Property 'text' does not exist on type 'never'.
client/src/components/ChemistryChapter4.tsx(276,20): error TS2345: Argument of type '(prev: { [key: number]: number; }) => { [x: number]: string | number; }' is not assignable to parameter of type 'SetStateAction<{ [key: number]: number; }>'.
  Type '(prev: { [key: number]: number; }) => { [x: number]: string | number; }' is not assignable to type '(prevState: { [key: number]: number; }) => { [key: number]: number; }'.
    Type '{ [x: number]: string | number; }' is not assignable to type '{ [key: number]: number; }'.
      'number' index signatures are incompatible.
        Type 'string | number' is not assignable to type 'number'.
          Type 'string' is not assignable to type 'number'.
client/src/components/ChemistryChapter4.tsx(291,26): error TS2367: This comparison appears to be unintentional because the types 'number' and 'string' have no overlap.
client/src/components/ChemistryChapter4.tsx(463,13): error TS2322: Type 'string[]' is not assignable to type '{ id: string; label: string; content: ReactNode; icon?: ReactNode; }[]'.
  Type 'string' is not assignable to type '{ id: string; label: string; content: ReactNode; icon?: ReactNode; }'.
client/src/components/ChemistryChapter4.tsx(514,33): error TS2367: This comparison appears to be unintentional because the types 'number' and 'string' have no overlap.
client/src/components/ChemistryChapter4.tsx(524,85): error TS2345: Argument of type 'number' is not assignable to parameter of type 'string'.
client/src/components/ChemistryChapter42.tsx(385,71): error TS2339: Property 'text' does not exist on type 'never'.
client/src/components/ChemistryChapter5.tsx(232,20): error TS2345: Argument of type '(prev: { [key: number]: number; }) => { [x: number]: string | number; }' is not assignable to parameter of type 'SetStateAction<{ [key: number]: number; }>'.
  Type '(prev: { [key: number]: number; }) => { [x: number]: string | number; }' is not assignable to type '(prevState: { [key: number]: number; }) => { [key: number]: number; }'.
    Type '{ [x: number]: string | number; }' is not assignable to type '{ [key: number]: number; }'.
      'number' index signatures are incompatible.
        Type 'string | number' is not assignable to type 'number'.
          Type 'string' is not assignable to type 'number'.
client/src/components/ChemistryChapter5.tsx(247,26): error TS2367: This comparison appears to be unintentional because the types 'number' and 'string' have no overlap.
client/src/components/ChemistryChapter5.tsx(614,33): error TS2367: This comparison appears to be unintentional because the types 'number' and 'string' have no overlap.
client/src/components/ChemistryChapter5.tsx(624,85): error TS2345: Argument of type 'number' is not assignable to parameter of type 'string'.
client/src/components/ChemistryChapter6.tsx(251,20): error TS2345: Argument of type '(prev: { [key: number]: number; }) => { [x: number]: string | number; }' is not assignable to parameter of type 'SetStateAction<{ [key: number]: number; }>'.
  Type '(prev: { [key: number]: number; }) => { [x: number]: string | number; }' is not assignable to type '(prevState: { [key: number]: number; }) => { [key: number]: number; }'.
    Type '{ [x: number]: string | number; }' is not assignable to type '{ [key: number]: number; }'.
      'number' index signatures are incompatible.
        Type 'string | number' is not assignable to type 'number'.
          Type 'string' is not assignable to type 'number'.
client/src/components/ChemistryChapter6.tsx(266,26): error TS2367: This comparison appears to be unintentional because the types 'number' and 'string' have no overlap.
client/src/components/ChemistryChapter6.tsx(697,33): error TS2367: This comparison appears to be unintentional because the types 'number' and 'string' have no overlap.
client/src/components/ChemistryChapter6.tsx(707,85): error TS2345: Argument of type 'number' is not assignable to parameter of type 'string'.
client/src/components/ChemistryChapter7.tsx(255,20): error TS2345: Argument of type '(prev: { [key: number]: number; }) => { [x: number]: string | number; }' is not assignable to parameter of type 'SetStateAction<{ [key: number]: number; }>'.
  Type '(prev: { [key: number]: number; }) => { [x: number]: string | number; }' is not assignable to type '(prevState: { [key: number]: number; }) => { [key: number]: number; }'.
    Type '{ [x: number]: string | number; }' is not assignable to type '{ [key: number]: number; }'.
      'number' index signatures are incompatible.
        Type 'string | number' is not assignable to type 'number'.
          Type 'string' is not assignable to type 'number'.
client/src/components/ChemistryChapter7.tsx(270,26): error TS2367: This comparison appears to be unintentional because the types 'number' and 'string' have no overlap.
client/src/components/ChemistryChapter7.tsx(711,33): error TS2367: This comparison appears to be unintentional because the types 'number' and 'string' have no overlap.
client/src/components/ChemistryChapter7.tsx(721,85): error TS2345: Argument of type 'number' is not assignable to parameter of type 'string'.
client/src/components/ChemistryChapter8.tsx(176,20): error TS2345: Argument of type '(prev: { [key: number]: number; }) => { [x: number]: string | number; }' is not assignable to parameter of type 'SetStateAction<{ [key: number]: number; }>'.
  Type '(prev: { [key: number]: number; }) => { [x: number]: string | number; }' is not assignable to type '(prevState: { [key: number]: number; }) => { [key: number]: number; }'.
    Type '{ [x: number]: string | number; }' is not assignable to type '{ [key: number]: number; }'.
      'number' index signatures are incompatible.
        Type 'string | number' is not assignable to type 'number'.
          Type 'string' is not assignable to type 'number'.
client/src/components/ChemistryChapter8.tsx(191,26): error TS2367: This comparison appears to be unintentional because the types 'number' and 'string' have no overlap.
client/src/components/ChemistryChapter8.tsx(450,33): error TS2367: This comparison appears to be unintentional because the types 'number' and 'string' have no overlap.
client/src/components/ChemistryChapter8.tsx(460,85): error TS2345: Argument of type 'number' is not assignable to parameter of type 'string'.
client/src/components/ChemistryChapter9.tsx(271,20): error TS2345: Argument of type '(prev: { [key: number]: number; }) => { [x: number]: string | number; }' is not assignable to parameter of type 'SetStateAction<{ [key: number]: number; }>'.
  Type '(prev: { [key: number]: number; }) => { [x: number]: string | number; }' is not assignable to type '(prevState: { [key: number]: number; }) => { [key: number]: number; }'.
    Type '{ [x: number]: string | number; }' is not assignable to type '{ [key: number]: number; }'.
      'number' index signatures are incompatible.
        Type 'string | number' is not assignable to type 'number'.
          Type 'string' is not assignable to type 'number'.
client/src/components/ChemistryChapter9.tsx(286,26): error TS2367: This comparison appears to be unintentional because the types 'number' and 'string' have no overlap.
client/src/components/ChemistryChapter9.tsx(550,33): error TS2367: This comparison appears to be unintentional because the types 'number' and 'string' have no overlap.
client/src/components/ChemistryChapter9.tsx(560,85): error TS2345: Argument of type 'number' is not assignable to parameter of type 'string'.
client/src/components/examples/QuestionCard.tsx(9,8): error TS2741: Property 'onSubmit' is missing in type '{ questionNumber: number; difficulty: "Medium"; subject: string; topic: string; question: string; options: { id: string; text: string; }[]; isBookmarked: boolean; onToggleBookmark: () => void; }' but required in type 'QuestionCardProps'.
client/src/components/Header.tsx(270,20): error TS2304: Cannot find name 'Layers'.
client/src/components/PhysicsChapter10.tsx(431,13): error TS2322: Type 'string[]' is not assignable to type '{ id: string; label: string; content: ReactNode; icon?: ReactNode; }[]'.
  Type 'string' is not assignable to type '{ id: string; label: string; content: ReactNode; icon?: ReactNode; }'.
client/src/components/PhysicsChapter12.tsx(365,30): error TS2322: Type 'string' is not assignable to type '{ id: string; label: string; content: ReactNode; icon?: ReactNode; }'.
client/src/components/PhysicsChapter12.tsx(365,47): error TS2322: Type 'string' is not assignable to type '{ id: string; label: string; content: ReactNode; icon?: ReactNode; }'.
client/src/components/PhysicsChapter12.tsx(365,63): error TS2322: Type 'string' is not assignable to type '{ id: string; label: string; content: ReactNode; icon?: ReactNode; }'.
client/src/components/PhysicsChapter12.tsx(411,67): error TS2345: Argument of type 'number' is not assignable to parameter of type 'string'.
client/src/components/PhysicsChapter12.tsx(417,100): error TS2367: This comparison appears to be unintentional because the types 'number' and 'string' have no overlap.
client/src/components/PhysicsChapter13.tsx(398,30): error TS2322: Type 'string' is not assignable to type '{ id: string; label: string; content: ReactNode; icon?: ReactNode; }'.
client/src/components/PhysicsChapter13.tsx(398,55): error TS2322: Type 'string' is not assignable to type '{ id: string; label: string; content: ReactNode; icon?: ReactNode; }'.
client/src/components/PhysicsChapter13.tsx(398,72): error TS2322: Type 'string' is not assignable to type '{ id: string; label: string; content: ReactNode; icon?: ReactNode; }'.
client/src/components/PhysicsChapter13.tsx(444,67): error TS2345: Argument of type 'number' is not assignable to parameter of type 'string'.
client/src/components/PhysicsChapter13.tsx(450,100): error TS2367: This comparison appears to be unintentional because the types 'number' and 'string' have no overlap.
client/src/components/PhysicsChapter14.tsx(362,30): error TS2322: Type 'string' is not assignable to type '{ id: string; label: string; content: ReactNode; icon?: ReactNode; }'.
client/src/components/PhysicsChapter14.tsx(362,51): error TS2322: Type 'string' is not assignable to type '{ id: string; label: string; content: ReactNode; icon?: ReactNode; }'.
client/src/components/PhysicsChapter14.tsx(362,79): error TS2322: Type 'string' is not assignable to type '{ id: string; label: string; content: ReactNode; icon?: ReactNode; }'.
client/src/components/PhysicsChapter14.tsx(408,67): error TS2345: Argument of type 'number' is not assignable to parameter of type 'string'.
client/src/components/PhysicsChapter14.tsx(414,100): error TS2367: This comparison appears to be unintentional because the types 'number' and 'string' have no overlap.
client/src/components/PhysicsChapter15.tsx(375,30): error TS2322: Type 'string' is not assignable to type '{ id: string; label: string; content: ReactNode; icon?: ReactNode; }'.
client/src/components/PhysicsChapter15.tsx(375,58): error TS2322: Type 'string' is not assignable to type '{ id: string; label: string; content: ReactNode; icon?: ReactNode; }'.
client/src/components/PhysicsChapter16.tsx(3,15): error TS2440: Import declaration conflicts with local declaration of 'Question'.
client/src/components/PhysicsChapter16.tsx(455,26): error TS2367: This comparison appears to be unintentional because the types 'string' and 'number' have no overlap.
client/src/components/PhysicsChapter16.tsx(610,30): error TS2322: Type 'string' is not assignable to type '{ id: string; label: string; content: ReactNode; icon?: ReactNode; }'.
client/src/components/PhysicsChapter16.tsx(610,52): error TS2322: Type 'string' is not assignable to type '{ id: string; label: string; content: ReactNode; icon?: ReactNode; }'.
client/src/components/PhysicsChapter16.tsx(664,32): error TS2551: Property 'difficultyLevel' does not exist on type 'Question'. Did you mean 'difficulty'?
client/src/components/PhysicsChapter16.tsx(664,67): error TS2551: Property 'difficultyLevel' does not exist on type 'Question'. Did you mean 'difficulty'?
client/src/components/PhysicsChapter16.tsx(666,58): error TS2551: Property 'questionText' does not exist on type 'Question'. Did you mean 'question'?
client/src/components/PhysicsChapter16.tsx(673,46): error TS2367: This comparison appears to be unintentional because the types 'string' and 'number' have no overlap.
client/src/components/PhysicsChapter16.tsx(680,89): error TS2345: Argument of type 'number' is not assignable to parameter of type 'string'.
client/src/components/PhysicsChapter16.tsx(692,105): error TS2339: Property 'text' does not exist on type 'never'.
client/src/components/PhysicsChapter16.tsx(709,75): error TS2339: Property 'solutionDetail' does not exist on type 'Question'.
client/src/components/PhysicsChapter17.tsx(3,15): error TS2440: Import declaration conflicts with local declaration of 'Question'.
client/src/components/PhysicsChapter17.tsx(471,26): error TS2367: This comparison appears to be unintentional because the types 'string' and 'number' have no overlap.
client/src/components/PhysicsChapter17.tsx(626,30): error TS2322: Type 'string' is not assignable to type '{ id: string; label: string; content: ReactNode; icon?: ReactNode; }'.
client/src/components/PhysicsChapter17.tsx(626,54): error TS2322: Type 'string' is not assignable to type '{ id: string; label: string; content: ReactNode; icon?: ReactNode; }'.
client/src/components/PhysicsChapter17.tsx(626,72): error TS2322: Type 'string' is not assignable to type '{ id: string; label: string; content: ReactNode; icon?: ReactNode; }'.
client/src/components/PhysicsChapter17.tsx(680,32): error TS2551: Property 'difficultyLevel' does not exist on type 'Question'. Did you mean 'difficulty'?
client/src/components/PhysicsChapter17.tsx(680,67): error TS2551: Property 'difficultyLevel' does not exist on type 'Question'. Did you mean 'difficulty'?
client/src/components/PhysicsChapter17.tsx(682,58): error TS2551: Property 'questionText' does not exist on type 'Question'. Did you mean 'question'?
client/src/components/PhysicsChapter17.tsx(689,46): error TS2367: This comparison appears to be unintentional because the types 'string' and 'number' have no overlap.
client/src/components/PhysicsChapter17.tsx(696,89): error TS2345: Argument of type 'number' is not assignable to parameter of type 'string'.
client/src/components/PhysicsChapter17.tsx(708,105): error TS2339: Property 'text' does not exist on type 'never'.
client/src/components/PhysicsChapter17.tsx(725,75): error TS2339: Property 'solutionDetail' does not exist on type 'Question'.
client/src/components/ui/calendar.tsx(9,10): error TS2724: '"react-day-picker"' has no exported member named 'DayButton'. Did you mean 'Button'?
client/src/components/ui/calendar.tsx(9,32): error TS2305: Module '"react-day-picker"' has no exported member 'getDefaultClassNames'.
client/src/components/ui/calendar.tsx(18,3): error TS2322: Type '"label"' is not assignable to type 'CaptionLayout'.
client/src/components/ui/calendar.tsx(39,9): error TS2353: Object literal may only specify known properties, and 'formatMonthDropdown' does not exist in type 'Partial<Formatters>'.
client/src/components/ui/calendar.tsx(54,9): error TS2561: Object literal may only specify known properties, but 'button_previous' does not exist in type 'Partial<StyledElement<string>>'. Did you mean to write 'nav_button_previous'?
client/src/components/ui/calendar.tsx(82,11): error TS2367: This comparison appears to be unintentional because the types 'CaptionLayout' and '"label"' have no overlap.
client/src/components/ui/calendar.tsx(128,9): error TS2353: Object literal may only specify known properties, and 'Root' does not exist in type 'CustomComponents'.
client/src/components/ui/calendar.tsx(159,24): error TS2339: Property 'children' does not exist on type 'WeekNumberProps'.
client/src/components/ui/sonner.tsx(4,35): error TS2307: Cannot find module 'sonner' or its corresponding type declarations.
client/src/lib/visualizations.ts(394,7): error TS2322: Type '"React"' is not assignable to type '"Three.js" | "D3.js" | "JSXGraph" | "PixiJS" | "Matter.js" | "PhET" | "Cytoscape.js"'.
client/src/pages/AdminAnnouncements.tsx(225,87): error TS2339: Property 'isLoading' does not exist on type 'UseMutationResult<any, any, { title: string; message: string; bannerColor: string; audience: "all" | "premium"; actionLabel: string; actionUrl: string; isPinned: boolean; isActive: boolean; expiresAt: string; }, unknown>'.
  Property 'isLoading' does not exist on type 'Override<MutationObserverIdleResult<any, any, { title: string; message: string; bannerColor: string; audience: "all" | "premium"; actionLabel: string; actionUrl: string; isPinned: boolean; isActive: boolean; expiresAt: string; }, unknown>, { ...; }> & { ...; }'.
client/src/pages/AdminAnnouncements.tsx(227,31): error TS2339: Property 'isLoading' does not exist on type 'UseMutationResult<any, any, { title: string; message: string; bannerColor: string; audience: "all" | "premium"; actionLabel: string; actionUrl: string; isPinned: boolean; isActive: boolean; expiresAt: string; }, unknown>'.
  Property 'isLoading' does not exist on type 'Override<MutationObserverIdleResult<any, any, { title: string; message: string; bannerColor: string; audience: "all" | "premium"; actionLabel: string; actionUrl: string; isPinned: boolean; isActive: boolean; expiresAt: string; }, unknown>, { ...; }> & { ...; }'.
client/src/pages/AdminAnnouncements.tsx(237,36): error TS2339: Property 'id' does not exist on type 'unknown'.
client/src/pages/AdminAnnouncements.tsx(244,71): error TS2339: Property 'title' does not exist on type 'unknown'.
client/src/pages/AdminAnnouncements.tsx(245,40): error TS2339: Property 'isPinned' does not exist on type 'unknown'.
client/src/pages/AdminAnnouncements.tsx(251,55): error TS2339: Property 'audience' does not exist on type 'unknown'.
client/src/pages/AdminAnnouncements.tsx(261,77): error TS2339: Property 'id' does not exist on type 'unknown'.
client/src/pages/AdminAnnouncements.tsx(262,52): error TS2339: Property 'isLoading' does not exist on type 'UseMutationResult<any, Error, number, unknown>'.
  Property 'isLoading' does not exist on type 'Override<MutationObserverIdleResult<any, Error, number, unknown>, { mutate: UseMutateFunction<any, Error, number, unknown>; }> & { ...; }'.
client/src/pages/AdminAnnouncements.tsx(270,38): error TS2339: Property 'message' does not exist on type 'unknown'.
client/src/pages/AdminAnnouncements.tsx(273,44): error TS2339: Property 'actionLabel' does not exist on type 'unknown'.
client/src/pages/AdminAnnouncements.tsx(274,44): error TS2339: Property 'expiresAt' does not exist on type 'unknown'.
client/src/pages/AdminAnnouncements.tsx(274,81): error TS2339: Property 'expiresAt' does not exist on type 'unknown'.
client/src/pages/AdminAnnouncements.tsx(283,48): error TS2339: Property 'id' does not exist on type 'unknown'.
client/src/pages/AdminAnnouncements.tsx(284,66): error TS2339: Property 'isPinned' does not exist on type 'unknown'.
client/src/pages/AdminAnnouncements.tsx(288,41): error TS2339: Property 'isPinned' does not exist on type 'unknown'.
client/src/pages/AdminAnnouncements.tsx(297,48): error TS2339: Property 'id' does not exist on type 'unknown'.
client/src/pages/AdminAnnouncements.tsx(298,66): error TS2339: Property 'isActive' does not exist on type 'unknown'.
client/src/pages/AdminAnnouncements.tsx(302,41): error TS2339: Property 'isActive' does not exist on type 'unknown'.
client/src/pages/Chat.tsx(69,5): error TS2769: No overload matches this call.
  Overload 1 of 3, '(options: DefinedInitialDataOptions<Thread[], Error, Thread[], readonly unknown[]>, queryClient?: QueryClient): DefinedUseQueryResult<Thread[], Error>', gave the following error.
    Object literal may only specify known properties, and 'keepPreviousData' does not exist in type 'DefinedInitialDataOptions<Thread[], Error, Thread[], readonly unknown[]>'.
  Overload 2 of 3, '(options: UndefinedInitialDataOptions<Thread[], Error, Thread[], readonly unknown[]>, queryClient?: QueryClient): UseQueryResult<Thread[], Error>', gave the following error.
    Object literal may only specify known properties, and 'keepPreviousData' does not exist in type 'UndefinedInitialDataOptions<Thread[], Error, Thread[], readonly unknown[]>'.
  Overload 3 of 3, '(options: UseQueryOptions<Thread[], Error, Thread[], readonly unknown[]>, queryClient?: QueryClient): UseQueryResult<Thread[], Error>', gave the following error.
    Object literal may only specify known properties, and 'keepPreviousData' does not exist in type 'UseQueryOptions<Thread[], Error, Thread[], readonly unknown[]>'.
client/src/pages/Chat.tsx(73,38): error TS2339: Property 'length' does not exist on type 'any[] | NoInfer<TQueryFnData>'.
  Property 'length' does not exist on type 'NoInfer<TQueryFnData>'.
client/src/pages/Chat.tsx(183,104): error TS2339: Property 'isLoading' does not exist on type 'UseMutationResult<any, any, { subject: string; }, unknown>'.
  Property 'isLoading' does not exist on type 'Override<MutationObserverIdleResult<any, any, { subject: string; }, unknown>, { mutate: UseMutateFunction<any, any, { subject: string; }, unknown>; }> & { ...; }'.
client/src/pages/Chat.tsx(184,41): error TS2339: Property 'isLoading' does not exist on type 'UseMutationResult<any, any, { subject: string; }, unknown>'.
  Property 'isLoading' does not exist on type 'Override<MutationObserverIdleResult<any, any, { subject: string; }, unknown>, { mutate: UseMutateFunction<any, any, { subject: string; }, unknown>; }> & { ...; }'.
client/src/pages/Chat.tsx(197,33): error TS2339: Property 'length' does not exist on type 'any[] | NoInfer<TQueryFnData>'.
  Property 'length' does not exist on type 'NoInfer<TQueryFnData>'.
client/src/pages/Chat.tsx(204,34): error TS2339: Property 'map' does not exist on type 'any[] | NoInfer<TQueryFnData>'.
  Property 'map' does not exist on type 'NoInfer<TQueryFnData>'.
client/src/pages/Chat.tsx(291,53): error TS2339: Property 'isLoading' does not exist on type 'UseMutationResult<any, any, { threadId: number; content: string; }, unknown>'.
  Property 'isLoading' does not exist on type 'Override<MutationObserverIdleResult<any, any, { threadId: number; content: string; }, unknown>, { mutate: UseMutateFunction<any, any, { threadId: number; content: string; }, unknown>; }> & { ...; }'.
client/src/pages/Chat.tsx(294,44): error TS2339: Property 'isLoading' does not exist on type 'UseMutationResult<any, any, { threadId: number; content: string; }, unknown>'.
  Property 'isLoading' does not exist on type 'Override<MutationObserverIdleResult<any, any, { threadId: number; content: string; }, unknown>, { mutate: UseMutateFunction<any, any, { threadId: number; content: string; }, unknown>; }> & { ...; }'.
client/src/pages/Chat.tsx(297,26): error TS2304: Cannot find name 'Send'.
client/src/pages/Community.tsx(659,56): error TS2339: Property 'requiresPremium' does not exist on type 'DiscussionsResponse'.
client/src/pages/GameLobbyDashboard.tsx(307,45): error TS2339: Property 'chapterTitle' does not exist on type '{ subject: string; classLevel: string; chapterNumber: number; }'.
client/src/pages/GameLobbyDashboard.tsx(311,45): error TS2339: Property 'chapterTitle' does not exist on type '{ subject: string; classLevel: string; chapterNumber: number; }'.
client/src/pages/LmsContentStudio.tsx(12,39): error TS2305: Module '"lucide-react"' has no exported member 'Preview'.
client/src/pages/MentorLmsAutomation.tsx(117,47): error TS2339: Property 'gamification_streak_threshold' does not exist on type 'unknown'.
client/src/pages/MentorLmsAutomation.tsx(118,39): error TS2339: Property 'gamification_badge_xp' does not exist on type 'unknown'.
client/src/pages/MentorLmsAutomation.tsx(156,43): error TS2339: Property 'steps' does not exist on type 'unknown'.
client/src/pages/MentorLmsAutomation.tsx(353,25): error TS2322: Type '"xs"' is not assignable to type 'ButtonSize'.
client/src/pages/MentorLmsAutomation.tsx(361,25): error TS2322: Type '"xs"' is not assignable to type 'ButtonSize'.
client/src/pages/MentorLmsAutomation.tsx(385,78): error TS2339: Property 'totalXp' does not exist on type 'unknown'.
client/src/pages/MentorLmsAutomation.tsx(386,77): error TS2339: Property 'chaptersCompleted' does not exist on type 'unknown'.
client/src/pages/MentorLmsAutomation.tsx(387,74): error TS2339: Property 'sessionsLogged' does not exist on type 'unknown'.
client/src/pages/MockTest.tsx(30,18): error TS18047: 'params' is possibly 'null'.
client/src/pages/MockTestResults.tsx(62,18): error TS18047: 'params' is possibly 'null'.
client/src/pages/Practice.tsx(121,14): error TS2448: Block-scoped variable 'practiceMode' used before its declaration.
client/src/pages/QuestionBank.tsx(393,36): error TS2322: Type '"success"' is not assignable to type '"default" | "destructive"'.
client/src/pages/QuestionBank.tsx(874,68): error TS2339: Property 'isLoading' does not exist on type 'UseMutationResult<any, any, { questionId: number; tags: { tag: string; category: string; }[]; }, unknown>'.
  Property 'isLoading' does not exist on type 'Override<MutationObserverIdleResult<any, any, { questionId: number; tags: { tag: string; category: string; }[]; }, unknown>, { mutate: UseMutateFunction<any, any, { questionId: number; tags: { ...; }[]; }, unknown>; }> & { ...; }'.
client/src/pages/QuestionBank.tsx(875,28): error TS2339: Property 'isLoading' does not exist on type 'UseMutationResult<any, any, { questionId: number; tags: { tag: string; category: string; }[]; }, unknown>'.
  Property 'isLoading' does not exist on type 'Override<MutationObserverIdleResult<any, any, { questionId: number; tags: { tag: string; category: string; }[]; }, unknown>, { mutate: UseMutateFunction<any, any, { questionId: number; tags: { ...; }[]; }, unknown>; }> & { ...; }'.
client/src/visuals/d3/CarnotCycle.tsx(72,60): error TS2339: Property 'toFixed' does not exist on type 'NumberValue'.
  Property 'toFixed' does not exist on type '{ valueOf(): number; }'.
client/src/visuals/d3/PHCurve.tsx(165,40): error TS2322: Type 'Dispatch<SetStateAction<boolean>>' is not assignable to type '() => void'.
  Target signature provides too few arguments. Expected 1 or more, but got 0.
client/src/visuals/d3/SpringEnergyBar.tsx(69,63): error TS2339: Property 'toFixed' does not exist on type 'NumberValue'.
  Property 'toFixed' does not exist on type '{ valueOf(): number; }'.
client/src/visuals/phet/MetreBridge.tsx(23,40): error TS2322: Type 'Dispatch<SetStateAction<boolean>>' is not assignable to type '() => void'.
  Target signature provides too few arguments. Expected 1 or more, but got 0.
client/src/visuals/pixi/AvogadroJar.tsx(149,40): error TS2322: Type 'Dispatch<SetStateAction<boolean>>' is not assignable to type '() => void'.
  Target signature provides too few arguments. Expected 1 or more, but got 0.
client/src/visuals/three/BimetallicStrip.tsx(4,31): error TS2307: Cannot find module 'three/examples/jsm/controls/OrbitControls' or its corresponding type declarations.
client/src/visuals/three/CrystalLattice.tsx(4,31): error TS2307: Cannot find module 'three/examples/jsm/controls/OrbitControls' or its corresponding type declarations.
client/src/visuals/three/CrystalLattice.tsx(161,40): error TS2322: Type 'Dispatch<SetStateAction<boolean>>' is not assignable to type '() => void'.
  Target signature provides too few arguments. Expected 1 or more, but got 0.
client/src/visuals/three/ElectricField3D.tsx(4,31): error TS2307: Cannot find module 'three/examples/jsm/controls/OrbitControls' or its corresponding type declarations.
client/src/visuals/three/HelicalMotion.tsx(4,31): error TS2307: Cannot find module 'three/examples/jsm/controls/OrbitControls' or its corresponding type declarations.
client/src/visuals/three/MolecularOrbital.tsx(4,31): error TS2307: Cannot find module 'three/examples/jsm/controls/OrbitControls' or its corresponding type declarations.
client/src/visuals/three/MolecularOrbital.tsx(161,40): error TS2322: Type 'Dispatch<SetStateAction<boolean>>' is not assignable to type '() => void'.
  Target signature provides too few arguments. Expected 1 or more, but got 0.
client/src/visuals/three/NuclearFission.tsx(4,31): error TS2307: Cannot find module 'three/examples/jsm/controls/OrbitControls' or its corresponding type declarations.
client/src/visuals/three/ParallelPlateCapacitor.tsx(4,31): error TS2307: Cannot find module 'three/examples/jsm/controls/OrbitControls' or its corresponding type declarations.
client/src/visuals/three/PlanetaryOrbit.tsx(4,31): error TS2307: Cannot find module 'three/examples/jsm/controls/OrbitControls' or its corresponding type declarations.
client/src/visuals/three/PlanetaryOrbit.tsx(74,7): error TS2353: Object literal may only specify known properties, and 'emissive' does not exist in type 'Partial<MapColorPropertiesToColorRepresentations<MeshBasicMaterialProperties>>'.
client/src/visuals/three/Transformer3D.tsx(184,41): error TS2339: Property 'opacity' does not exist on type 'Material | Material[]'.
  Property 'opacity' does not exist on type 'Material[]'.
server/admin-content-routes.ts(91,61): error TS2769: No overload matches this call.
  Overload 1 of 2, '(value: { options: SQL<unknown> | { id: string; text: string; }[] | Placeholder<string, any>; correctAnswer: string | SQL<unknown> | Placeholder<string, any>; topicId: number | ... 1 more ... | Placeholder<...>; questionText: string | ... 1 more ... | Placeholder<...>; solutionDetail: string | ... 1 more ... | Placeholder<...>; difficultyLevel: number | ... 1 more ... | Placeholder<...>; sourceType: string | ... 1 more ... | Placeholder<...>; }): PgInsertBase<...>', gave the following error.
    Argument of type '{}' is not assignable to parameter of type '{ options: SQL<unknown> | { id: string; text: string; }[] | Placeholder<string, any>; correctAnswer: string | SQL<unknown> | Placeholder<string, any>; topicId: number | ... 1 more ... | Placeholder<...>; questionText: string | ... 1 more ... | Placeholder<...>; solutionDetail: string | ... 1 more ... | Placeholder<....'.
      Type '{}' is missing the following properties from type '{ options: SQL<unknown> | { id: string; text: string; }[] | Placeholder<string, any>; correctAnswer: string | SQL<unknown> | Placeholder<string, any>; topicId: number | ... 1 more ... | Placeholder<...>; questionText: string | ... 1 more ... | Placeholder<...>; solutionDetail: string | ... 1 more ... | Placeholder<....': options, correctAnswer, topicId, questionText, and 3 more.
  Overload 2 of 2, '(values: { options: SQL<unknown> | { id: string; text: string; }[] | Placeholder<string, any>; correctAnswer: string | SQL<unknown> | Placeholder<string, any>; topicId: number | ... 1 more ... | Placeholder<...>; questionText: string | ... 1 more ... | Placeholder<...>; solutionDetail: string | ... 1 more ... | Placeholder<...>; difficultyLevel: number | ... 1 more ... | Placeholder<...>; sourceType: string | ... 1 more ... | Placeholder<...>; }[]): PgInsertBase<...>', gave the following error.
    Argument of type '{}' is not assignable to parameter of type '{ options: SQL<unknown> | { id: string; text: string; }[] | Placeholder<string, any>; correctAnswer: string | SQL<unknown> | Placeholder<string, any>; topicId: number | ... 1 more ... | Placeholder<...>; questionText: string | ... 1 more ... | Placeholder<...>; solutionDetail: string | ... 1 more ... | Placeholder<....'.
      Type '{}' is missing the following properties from type '{ options: SQL<unknown> | { id: string; text: string; }[] | Placeholder<string, any>; correctAnswer: string | SQL<unknown> | Placeholder<string, any>; topicId: number | ... 1 more ... | Placeholder<...>; questionText: string | ... 1 more ... | Placeholder<...>; solutionDetail: string | ... 1 more ... | Placeholder<....': length, pop, push, concat, and 29 more.
server/admin-content-routes.ts(158,65): error TS2769: No overload matches this call.
  Overload 1 of 2, '(value: { options: SQL<unknown> | { id: string; text: string; }[] | Placeholder<string, any>; correctAnswer: string | SQL<unknown> | Placeholder<string, any>; topicId: number | ... 1 more ... | Placeholder<...>; questionText: string | ... 1 more ... | Placeholder<...>; solutionDetail: string | ... 1 more ... | Placeholder<...>; difficultyLevel: number | ... 1 more ... | Placeholder<...>; sourceType: string | ... 1 more ... | Placeholder<...>; }): PgInsertBase<...>', gave the following error.
    Argument of type '{}' is not assignable to parameter of type '{ options: SQL<unknown> | { id: string; text: string; }[] | Placeholder<string, any>; correctAnswer: string | SQL<unknown> | Placeholder<string, any>; topicId: number | ... 1 more ... | Placeholder<...>; questionText: string | ... 1 more ... | Placeholder<...>; solutionDetail: string | ... 1 more ... | Placeholder<....'.
      Type '{}' is missing the following properties from type '{ options: SQL<unknown> | { id: string; text: string; }[] | Placeholder<string, any>; correctAnswer: string | SQL<unknown> | Placeholder<string, any>; topicId: number | ... 1 more ... | Placeholder<...>; questionText: string | ... 1 more ... | Placeholder<...>; solutionDetail: string | ... 1 more ... | Placeholder<....': options, correctAnswer, topicId, questionText, and 3 more.
  Overload 2 of 2, '(values: { options: SQL<unknown> | { id: string; text: string; }[] | Placeholder<string, any>; correctAnswer: string | SQL<unknown> | Placeholder<string, any>; topicId: number | ... 1 more ... | Placeholder<...>; questionText: string | ... 1 more ... | Placeholder<...>; solutionDetail: string | ... 1 more ... | Placeholder<...>; difficultyLevel: number | ... 1 more ... | Placeholder<...>; sourceType: string | ... 1 more ... | Placeholder<...>; }[]): PgInsertBase<...>', gave the following error.
    Argument of type '{}' is not assignable to parameter of type '{ options: SQL<unknown> | { id: string; text: string; }[] | Placeholder<string, any>; correctAnswer: string | SQL<unknown> | Placeholder<string, any>; topicId: number | ... 1 more ... | Placeholder<...>; questionText: string | ... 1 more ... | Placeholder<...>; solutionDetail: string | ... 1 more ... | Placeholder<....'.
      Type '{}' is missing the following properties from type '{ options: SQL<unknown> | { id: string; text: string; }[] | Placeholder<string, any>; correctAnswer: string | SQL<unknown> | Placeholder<string, any>; topicId: number | ... 1 more ... | Placeholder<...>; questionText: string | ... 1 more ... | Placeholder<...>; solutionDetail: string | ... 1 more ... | Placeholder<....': length, pop, push, concat, and 29 more.
server/admin-content-routes.ts(206,62): error TS2769: No overload matches this call.
  Overload 1 of 2, '(value: { subject: string | SQL<unknown> | Placeholder<string, any>; classLevel: string | SQL<unknown> | Placeholder<string, any>; topicName: string | SQL<unknown> | Placeholder<...>; }): PgInsertBase<...>', gave the following error.
    Argument of type '{}' is not assignable to parameter of type '{ subject: string | SQL<unknown> | Placeholder<string, any>; classLevel: string | SQL<unknown> | Placeholder<string, any>; topicName: string | SQL<unknown> | Placeholder<...>; }'.
      Type '{}' is missing the following properties from type '{ subject: string | SQL<unknown> | Placeholder<string, any>; classLevel: string | SQL<unknown> | Placeholder<string, any>; topicName: string | SQL<unknown> | Placeholder<...>; }': subject, classLevel, topicName
  Overload 2 of 2, '(values: { subject: string | SQL<unknown> | Placeholder<string, any>; classLevel: string | SQL<unknown> | Placeholder<string, any>; topicName: string | SQL<unknown> | Placeholder<...>; }[]): PgInsertBase<...>', gave the following error.
    Argument of type '{}' is not assignable to parameter of type '{ subject: string | SQL<unknown> | Placeholder<string, any>; classLevel: string | SQL<unknown> | Placeholder<string, any>; topicName: string | SQL<unknown> | Placeholder<...>; }[]'.
      Type '{}' is missing the following properties from type '{ subject: string | SQL<unknown> | Placeholder<string, any>; classLevel: string | SQL<unknown> | Placeholder<string, any>; topicName: string | SQL<unknown> | Placeholder<...>; }[]': length, pop, push, concat, and 29 more.
server/admin-content-routes.ts(291,57): error TS2769: No overload matches this call.
  Overload 1 of 2, '(value: { title: string | SQL<unknown> | Placeholder<string, any>; testType: string | SQL<unknown> | Placeholder<string, any>; questionsList: number[] | SQL<unknown> | Placeholder<...>; durationMinutes: number | ... 1 more ... | Placeholder<...>; }): PgInsertBase<...>', gave the following error.
    Argument of type '{}' is not assignable to parameter of type '{ title: string | SQL<unknown> | Placeholder<string, any>; testType: string | SQL<unknown> | Placeholder<string, any>; questionsList: number[] | SQL<unknown> | Placeholder<...>; durationMinutes: number | ... 1 more ... | Placeholder<...>; }'.
      Type '{}' is missing the following properties from type '{ title: string | SQL<unknown> | Placeholder<string, any>; testType: string | SQL<unknown> | Placeholder<string, any>; questionsList: number[] | SQL<unknown> | Placeholder<...>; durationMinutes: number | ... 1 more ... | Placeholder<...>; }': title, testType, questionsList, durationMinutes
  Overload 2 of 2, '(values: { title: string | SQL<unknown> | Placeholder<string, any>; testType: string | SQL<unknown> | Placeholder<string, any>; questionsList: number[] | SQL<unknown> | Placeholder<...>; durationMinutes: number | ... 1 more ... | Placeholder<...>; }[]): PgInsertBase<...>', gave the following error.
    Argument of type '{}' is not assignable to parameter of type '{ title: string | SQL<unknown> | Placeholder<string, any>; testType: string | SQL<unknown> | Placeholder<string, any>; questionsList: number[] | SQL<unknown> | Placeholder<...>; durationMinutes: number | ... 1 more ... | Placeholder<...>; }[]'.
      Type '{}' is missing the following properties from type '{ title: string | SQL<unknown> | Placeholder<string, any>; testType: string | SQL<unknown> | Placeholder<string, any>; questionsList: number[] | SQL<unknown> | Placeholder<...>; durationMinutes: number | ... 1 more ... | Placeholder<...>; }[]': length, pop, push, concat, and 29 more.
server/admin-content-routes.ts(351,14): error TS2353: Object literal may only specify known properties, and 'isPublished' does not exist in type '{ title?: string | PgColumn<ColumnBaseConfig<ColumnDataType, string>, {}, {}> | SQL<unknown>; testType?: string | PgColumn<ColumnBaseConfig<ColumnDataType, string>, {}, {}> | SQL<...>; questionsList?: number[] | ... 1 more ... | SQL<...>; durationMinutes?: number | ... 1 more ... | SQL<...>; }'.
server/admin-content-routes.ts(403,62): error TS2769: No overload matches this call.
  Overload 1 of 2, '(value: { name: string | SQL<unknown> | Placeholder<string, any>; }): PgInsertBase<PgTableWithColumns<{ name: "flashcard_decks"; schema: undefined; columns: { id: PgColumn<{ name: "id"; tableName: "flashcard_decks"; ... 12 more ...; generated: undefined; }, {}, {}>; ... 5 more ...; updatedAt: PgColumn<...>; }; dialect: "pg"; }>, ... 4 more ..., never>', gave the following error.
    Argument of type '{}' is not assignable to parameter of type '{ name: string | SQL<unknown> | Placeholder<string, any>; }'.
      Property 'name' is missing in type '{}' but required in type '{ name: string | SQL<unknown> | Placeholder<string, any>; }'.
  Overload 2 of 2, '(values: { name: string | SQL<unknown> | Placeholder<string, any>; }[]): PgInsertBase<PgTableWithColumns<{ name: "flashcard_decks"; schema: undefined; columns: { id: PgColumn<{ name: "id"; tableName: "flashcard_decks"; ... 12 more ...; generated: undefined; }, {}, {}>; ... 5 more ...; updatedAt: PgColumn<...>; }; dialect: "pg"; }>, ... 4 more ..., never>', gave the following error.
    Argument of type '{}' is not assignable to parameter of type '{ name: string | SQL<unknown> | Placeholder<string, any>; }[]'.
      Type '{}' is missing the following properties from type '{ name: string | SQL<unknown> | Placeholder<string, any>; }[]': length, pop, push, concat, and 29 more.
server/admin-content-routes.ts(502,62): error TS2769: No overload matches this call.
  Overload 1 of 2, '(value: { deckId: number | SQL<unknown> | Placeholder<string, any>; front: string | SQL<unknown> | Placeholder<string, any>; back: string | SQL<unknown> | Placeholder<...>; }): PgInsertBase<...>', gave the following error.
    Argument of type '{}' is not assignable to parameter of type '{ deckId: number | SQL<unknown> | Placeholder<string, any>; front: string | SQL<unknown> | Placeholder<string, any>; back: string | SQL<unknown> | Placeholder<string, any>; }'.
      Type '{}' is missing the following properties from type '{ deckId: number | SQL<unknown> | Placeholder<string, any>; front: string | SQL<unknown> | Placeholder<string, any>; back: string | SQL<unknown> | Placeholder<string, any>; }': deckId, front, back
  Overload 2 of 2, '(values: { deckId: number | SQL<unknown> | Placeholder<string, any>; front: string | SQL<unknown> | Placeholder<string, any>; back: string | SQL<unknown> | Placeholder<...>; }[]): PgInsertBase<...>', gave the following error.
    Argument of type '{}' is not assignable to parameter of type '{ deckId: number | SQL<unknown> | Placeholder<string, any>; front: string | SQL<unknown> | Placeholder<string, any>; back: string | SQL<unknown> | Placeholder<string, any>; }[]'.
      Type '{}' is missing the following properties from type '{ deckId: number | SQL<unknown> | Placeholder<string, any>; front: string | SQL<unknown> | Placeholder<string, any>; back: string | SQL<unknown> | Placeholder<string, any>; }[]': length, pop, push, concat, and 29 more.
server/admin-routes.ts(28,7): error TS2769: No overload matches this call.
  Overload 1 of 2, '(value: { action: string | SQL<unknown> | Placeholder<string, any>; }): PgInsertBase<PgTableWithColumns<{ name: "audit_logs"; schema: undefined; columns: { id: PgColumn<{ name: "id"; tableName: "audit_logs"; dataType: "number"; ... 11 more ...; generated: undefined; }, {}, {}>; ... 8 more ...; createdAt: PgColumn<...>; }; dialect: "pg"; }>, ... 4 more ..., never>', gave the following error.
    Object literal may only specify known properties, and 'userId' does not exist in type '{ action: string | SQL<unknown> | Placeholder<string, any>; }'.
  Overload 2 of 2, '(values: { action: string | SQL<unknown> | Placeholder<string, any>; }[]): PgInsertBase<PgTableWithColumns<{ name: "audit_logs"; schema: undefined; columns: { id: PgColumn<{ name: "id"; tableName: "audit_logs"; ... 12 more ...; generated: undefined; }, {}, {}>; ... 8 more ...; createdAt: PgColumn<...>; }; dialect: "pg"; }>, ... 4 more ..., never>', gave the following error.
    Object literal may only specify known properties, and 'userId' does not exist in type '{ action: string | SQL<unknown> | Placeholder<string, any>; }[]'.
server/admin-routes.ts(129,36): error TS2339: Property 'isOwner' does not exist on type 'Request<ParamsDictionary, any, any, ParsedQs, Record<string, any>>'.
server/admin-routes.ts(154,14): error TS2353: Object literal may only specify known properties, and 'role' does not exist in type '{ name?: string | PgColumn<ColumnBaseConfig<ColumnDataType, string>, {}, {}> | SQL<unknown>; email?: string | PgColumn<ColumnBaseConfig<ColumnDataType, string>, {}, {}> | SQL<...>; passwordHash?: string | ... 1 more ... | SQL<...>; }'.
server/admin-routes.ts(177,36): error TS2339: Property 'isOwner' does not exist on type 'Request<ParamsDictionary, any, any, ParsedQs, Record<string, any>>'.
server/admin-routes.ts(194,14): error TS2353: Object literal may only specify known properties, and 'isPaidUser' does not exist in type '{ name?: string | PgColumn<ColumnBaseConfig<ColumnDataType, string>, {}, {}> | SQL<unknown>; email?: string | PgColumn<ColumnBaseConfig<ColumnDataType, string>, {}, {}> | SQL<...>; passwordHash?: string | ... 1 more ... | SQL<...>; }'.
server/admin-routes.ts(217,36): error TS2339: Property 'isOwner' does not exist on type 'Request<ParamsDictionary, any, any, ParsedQs, Record<string, any>>'.
server/admin-routes.ts(238,14): error TS2353: Object literal may only specify known properties, and 'isDisabled' does not exist in type '{ name?: string | PgColumn<ColumnBaseConfig<ColumnDataType, string>, {}, {}> | SQL<unknown>; email?: string | PgColumn<ColumnBaseConfig<ColumnDataType, string>, {}, {}> | SQL<...>; passwordHash?: string | ... 1 more ... | SQL<...>; }'.
server/admin-routes.ts(262,14): error TS2353: Object literal may only specify known properties, and 'isPaidUser' does not exist in type '{ name?: string | PgColumn<ColumnBaseConfig<ColumnDataType, string>, {}, {}> | SQL<unknown>; email?: string | PgColumn<ColumnBaseConfig<ColumnDataType, string>, {}, {}> | SQL<...>; passwordHash?: string | ... 1 more ... | SQL<...>; }'.
server/admin-routes.ts(285,14): error TS2353: Object literal may only specify known properties, and 'isPaidUser' does not exist in type '{ name?: string | PgColumn<ColumnBaseConfig<ColumnDataType, string>, {}, {}> | SQL<unknown>; email?: string | PgColumn<ColumnBaseConfig<ColumnDataType, string>, {}, {}> | SQL<...>; passwordHash?: string | ... 1 more ... | SQL<...>; }'.
server/admin-routes.ts(315,46): error TS2769: No overload matches this call.
  Overload 1 of 2, '(value: { name: string | SQL<unknown> | Placeholder<string, any>; email: string | SQL<unknown> | Placeholder<string, any>; passwordHash: string | SQL<unknown> | Placeholder<...>; }): PgInsertBase<...>', gave the following error.
    Object literal may only specify known properties, and 'isPaidUser' does not exist in type '{ name: string | SQL<unknown> | Placeholder<string, any>; email: string | SQL<unknown> | Placeholder<string, any>; passwordHash: string | SQL<unknown> | Placeholder<...>; }'.
  Overload 2 of 2, '(values: { name: string | SQL<unknown> | Placeholder<string, any>; email: string | SQL<unknown> | Placeholder<string, any>; passwordHash: string | SQL<unknown> | Placeholder<...>; }[]): PgInsertBase<...>', gave the following error.
    Object literal may only specify known properties, and 'email' does not exist in type '{ name: string | SQL<unknown> | Placeholder<string, any>; email: string | SQL<unknown> | Placeholder<string, any>; passwordHash: string | SQL<unknown> | Placeholder<...>; }[]'.
server/admin-routes.ts(380,50): error TS2769: No overload matches this call.
  Overload 1 of 2, '(value: { name: string | SQL<unknown> | Placeholder<string, any>; email: string | SQL<unknown> | Placeholder<string, any>; passwordHash: string | SQL<unknown> | Placeholder<...>; }): PgInsertBase<...>', gave the following error.
    Object literal may only specify known properties, and 'isPaidUser' does not exist in type '{ name: string | SQL<unknown> | Placeholder<string, any>; email: string | SQL<unknown> | Placeholder<string, any>; passwordHash: string | SQL<unknown> | Placeholder<...>; }'.
  Overload 2 of 2, '(values: { name: string | SQL<unknown> | Placeholder<string, any>; email: string | SQL<unknown> | Placeholder<string, any>; passwordHash: string | SQL<unknown> | Placeholder<...>; }[]): PgInsertBase<...>', gave the following error.
    Object literal may only specify known properties, and 'email' does not exist in type '{ name: string | SQL<unknown> | Placeholder<string, any>; email: string | SQL<unknown> | Placeholder<string, any>; passwordHash: string | SQL<unknown> | Placeholder<...>; }[]'.
server/admin-routes.ts(454,7): error TS2741: Property 'where' is missing in type 'Omit<import("C:/Users/Ekta/Downloads/ZeroPage/ZeroPage/node_modules/drizzle-orm/pg-core/query-builders/select").PgSelectBase<"platform_invitations", { id: import("C:/Users/Ekta/Downloads/ZeroPage/ZeroPage/node_modules/drizzle-orm/pg-core/columns/common").PgColumn<{ name: "id"; tableName: "platform_invitations"; data...' but required in type 'Omit<import("C:/Users/Ekta/Downloads/ZeroPage/ZeroPage/node_modules/drizzle-orm/pg-core/query-builders/select").PgSelectBase<"platform_invitations", { id: import("C:/Users/Ekta/Downloads/ZeroPage/ZeroPage/node_modules/drizzle-orm/pg-core/columns/common").PgColumn<{ name: "id"; tableName: "platform_invitations"; data...'.
server/admin-routes.ts(512,8): error TS2769: No overload matches this call.
  Overload 1 of 2, '(value: { email: string | SQL<unknown> | Placeholder<string, any>; expiresAt: Date | SQL<unknown> | Placeholder<string, any>; invitedBy: string | SQL<...> | Placeholder<...>; token: string | ... 1 more ... | Placeholder<...>; }): PgInsertBase<...>', gave the following error.
    Object literal may only specify known properties, and 'role' does not exist in type '{ email: string | SQL<unknown> | Placeholder<string, any>; expiresAt: Date | SQL<unknown> | Placeholder<string, any>; invitedBy: string | SQL<unknown> | Placeholder<...>; token: string | ... 1 more ... | Placeholder<...>; }'.
  Overload 2 of 2, '(values: { email: string | SQL<unknown> | Placeholder<string, any>; expiresAt: Date | SQL<unknown> | Placeholder<string, any>; invitedBy: string | SQL<...> | Placeholder<...>; token: string | ... 1 more ... | Placeholder<...>; }[]): PgInsertBase<...>', gave the following error.
    Object literal may only specify known properties, and 'email' does not exist in type '{ email: string | SQL<unknown> | Placeholder<string, any>; expiresAt: Date | SQL<unknown> | Placeholder<string, any>; invitedBy: string | SQL<unknown> | Placeholder<...>; token: string | ... 1 more ... | Placeholder<...>; }[]'.
server/admin-routes.ts(558,14): error TS2353: Object literal may only specify known properties, and 'status' does not exist in type '{ email?: string | PgColumn<ColumnBaseConfig<ColumnDataType, string>, {}, {}> | SQL<unknown>; expiresAt?: Date | PgColumn<ColumnBaseConfig<ColumnDataType, string>, {}, {}> | SQL<...>; invitedBy?: string | ... 1 more ... | SQL<...>; token?: string | ... 1 more ... | SQL<...>; }'.
server/admin-routes.ts(647,8): error TS2769: No overload matches this call.
  Overload 1 of 2, '(value: { name: string | SQL<unknown> | Placeholder<string, any>; email: string | SQL<unknown> | Placeholder<string, any>; }): PgInsertBase<PgTableWithColumns<{ name: "organizations"; schema: undefined; columns: { ...; }; dialect: "pg"; }>, ... 4 more ..., never>', gave the following error.
    Object literal may only specify known properties, and 'slug' does not exist in type '{ name: string | SQL<unknown> | Placeholder<string, any>; email: string | SQL<unknown> | Placeholder<string, any>; }'.
  Overload 2 of 2, '(values: { name: string | SQL<unknown> | Placeholder<string, any>; email: string | SQL<unknown> | Placeholder<string, any>; }[]): PgInsertBase<PgTableWithColumns<{ name: "organizations"; schema: undefined; columns: { ...; }; dialect: "pg"; }>, ... 4 more ..., never>', gave the following error.
    Object literal may only specify known properties, and 'name' does not exist in type '{ name: string | SQL<unknown> | Placeholder<string, any>; email: string | SQL<unknown> | Placeholder<string, any>; }[]'.
server/admin-routes.ts(716,9): error TS2353: Object literal may only specify known properties, and 'updatedAt' does not exist in type '{ name?: string | PgColumn<ColumnBaseConfig<ColumnDataType, string>, {}, {}> | SQL<unknown>; email?: string | PgColumn<ColumnBaseConfig<ColumnDataType, string>, {}, {}> | SQL<...>; }'.
server/admin-routes.ts(755,14): error TS2353: Object literal may only specify known properties, and 'isActive' does not exist in type '{ name?: string | PgColumn<ColumnBaseConfig<ColumnDataType, string>, {}, {}> | SQL<unknown>; email?: string | PgColumn<ColumnBaseConfig<ColumnDataType, string>, {}, {}> | SQL<...>; }'.
server/admin-routes.ts(850,12): error TS2769: No overload matches this call.
  Overload 1 of 2, '(value: { email: string | SQL<unknown> | Placeholder<string, any>; expiresAt: Date | SQL<unknown> | Placeholder<string, any>; invitedBy: string | SQL<...> | Placeholder<...>; token: string | ... 1 more ... | Placeholder<...>; }): PgInsertBase<...>', gave the following error.
    Object literal may only specify known properties, and 'role' does not exist in type '{ email: string | SQL<unknown> | Placeholder<string, any>; expiresAt: Date | SQL<unknown> | Placeholder<string, any>; invitedBy: string | SQL<unknown> | Placeholder<...>; token: string | ... 1 more ... | Placeholder<...>; }'.
  Overload 2 of 2, '(values: { email: string | SQL<unknown> | Placeholder<string, any>; expiresAt: Date | SQL<unknown> | Placeholder<string, any>; invitedBy: string | SQL<...> | Placeholder<...>; token: string | ... 1 more ... | Placeholder<...>; }[]): PgInsertBase<...>', gave the following error.
    Object literal may only specify known properties, and 'email' does not exist in type '{ email: string | SQL<unknown> | Placeholder<string, any>; expiresAt: Date | SQL<unknown> | Placeholder<string, any>; invitedBy: string | SQL<unknown> | Placeholder<...>; token: string | ... 1 more ... | Placeholder<...>; }[]'.
server/admin-routes.ts(1139,50): error TS2769: No overload matches this call.
  Overload 1 of 2, '(value: { options: SQL<unknown> | { id: string; text: string; }[] | Placeholder<string, any>; correctAnswer: string | SQL<unknown> | Placeholder<string, any>; topicId: number | ... 1 more ... | Placeholder<...>; questionText: string | ... 1 more ... | Placeholder<...>; solutionDetail: string | ... 1 more ... | Placeholder<...>; difficultyLevel: number | ... 1 more ... | Placeholder<...>; sourceType: string | ... 1 more ... | Placeholder<...>; }): PgInsertBase<...>', gave the following error.
    Object literal may only specify known properties, and 'solutionSteps' does not exist in type '{ options: SQL<unknown> | { id: string; text: string; }[] | Placeholder<string, any>; correctAnswer: string | SQL<unknown> | Placeholder<string, any>; topicId: number | ... 1 more ... | Placeholder<...>; questionText: string | ... 1 more ... | Placeholder<...>; solutionDetail: string | ... 1 more ... | Placeholder<....'.
  Overload 2 of 2, '(values: { options: SQL<unknown> | { id: string; text: string; }[] | Placeholder<string, any>; correctAnswer: string | SQL<unknown> | Placeholder<string, any>; topicId: number | ... 1 more ... | Placeholder<...>; questionText: string | ... 1 more ... | Placeholder<...>; solutionDetail: string | ... 1 more ... | Placeholder<...>; difficultyLevel: number | ... 1 more ... | Placeholder<...>; sourceType: string | ... 1 more ... | Placeholder<...>; }[]): PgInsertBase<...>', gave the following error.
    Object literal may only specify known properties, and 'topicId' does not exist in type '{ options: SQL<unknown> | { id: string; text: string; }[] | Placeholder<string, any>; correctAnswer: string | SQL<unknown> | Placeholder<string, any>; topicId: number | ... 1 more ... | Placeholder<...>; questionText: string | ... 1 more ... | Placeholder<...>; solutionDetail: string | ... 1 more ... | Placeholder<....'.
server/admin-routes.ts(1247,11): error TS2353: Object literal may only specify known properties, and 'value' does not exist in type '{ key?: string | PgColumn<ColumnBaseConfig<ColumnDataType, string>, {}, {}> | SQL<unknown>; }'.
server/admin-routes.ts(1255,38): error TS2769: No overload matches this call.
  Overload 1 of 2, '(value: { key: string | SQL<unknown> | Placeholder<string, any>; }): PgInsertBase<PgTableWithColumns<{ name: "admin_settings"; schema: undefined; columns: { id: PgColumn<{ name: "id"; tableName: "admin_settings"; ... 12 more ...; generated: undefined; }, {}, {}>; ... 4 more ...; updatedAt: PgColumn<...>; }; dialect: "pg"; }>, ... 4 more ..., never>', gave the following error.
    Object literal may only specify known properties, and 'value' does not exist in type '{ key: string | SQL<unknown> | Placeholder<string, any>; }'.
  Overload 2 of 2, '(values: { key: string | SQL<unknown> | Placeholder<string, any>; }[]): PgInsertBase<PgTableWithColumns<{ name: "admin_settings"; schema: undefined; columns: { id: PgColumn<{ name: "id"; tableName: "admin_settings"; ... 12 more ...; generated: undefined; }, {}, {}>; ... 4 more ...; updatedAt: PgColumn<...>; }; dialect: "pg"; }>, ... 4 more ..., never>', gave the following error.
    Object literal may only specify known properties, but 'key' does not exist in type '{ key: string | SQL<unknown> | Placeholder<string, any>; }[]'. Did you mean to write 'keys'?
server/admin-routes.ts(1265,7): error TS2769: No overload matches this call.
  Overload 1 of 2, '(value: { action: string | SQL<unknown> | Placeholder<string, any>; }): PgInsertBase<PgTableWithColumns<{ name: "audit_logs"; schema: undefined; columns: { id: PgColumn<{ name: "id"; tableName: "audit_logs"; dataType: "number"; ... 11 more ...; generated: undefined; }, {}, {}>; ... 8 more ...; createdAt: PgColumn<...>; }; dialect: "pg"; }>, ... 4 more ..., never>', gave the following error.
    Object literal may only specify known properties, and 'userId' does not exist in type '{ action: string | SQL<unknown> | Placeholder<string, any>; }'.
  Overload 2 of 2, '(values: { action: string | SQL<unknown> | Placeholder<string, any>; }[]): PgInsertBase<PgTableWithColumns<{ name: "audit_logs"; schema: undefined; columns: { id: PgColumn<{ name: "id"; tableName: "audit_logs"; ... 12 more ...; generated: undefined; }, {}, {}>; ... 8 more ...; createdAt: PgColumn<...>; }; dialect: "pg"; }>, ... 4 more ..., never>', gave the following error.
    Object literal may only specify known properties, and 'userId' does not exist in type '{ action: string | SQL<unknown> | Placeholder<string, any>; }[]'.
server/admin-routes.ts(1295,18): error TS2353: Object literal may only specify known properties, and 'value' does not exist in type '{ key?: string | PgColumn<ColumnBaseConfig<ColumnDataType, string>, {}, {}> | SQL<unknown>; }'.
server/admin-routes.ts(1298,40): error TS2769: No overload matches this call.
  Overload 1 of 2, '(value: { key: string | SQL<unknown> | Placeholder<string, any>; }): PgInsertBase<PgTableWithColumns<{ name: "admin_settings"; schema: undefined; columns: { id: PgColumn<{ name: "id"; tableName: "admin_settings"; ... 12 more ...; generated: undefined; }, {}, {}>; ... 4 more ...; updatedAt: PgColumn<...>; }; dialect: "pg"; }>, ... 4 more ..., never>', gave the following error.
    Object literal may only specify known properties, and 'value' does not exist in type '{ key: string | SQL<unknown> | Placeholder<string, any>; }'.
  Overload 2 of 2, '(values: { key: string | SQL<unknown> | Placeholder<string, any>; }[]): PgInsertBase<PgTableWithColumns<{ name: "admin_settings"; schema: undefined; columns: { id: PgColumn<{ name: "id"; tableName: "admin_settings"; ... 12 more ...; generated: undefined; }, {}, {}>; ... 4 more ...; updatedAt: PgColumn<...>; }; dialect: "pg"; }>, ... 4 more ..., never>', gave the following error.
    Object literal may only specify known properties, but 'key' does not exist in type '{ key: string | SQL<unknown> | Placeholder<string, any>; }[]'. Did you mean to write 'keys'?
server/admin-routes.ts(1347,55): error TS2769: No overload matches this call.
  Overload 1 of 2, '(value: { name: string | SQL<unknown> | Placeholder<string, any>; slug: string | SQL<unknown> | Placeholder<string, any>; priceMonthly: number | SQL<unknown> | Placeholder<...>; }): PgInsertBase<...>', gave the following error.
    Object literal may only specify known properties, and 'description' does not exist in type '{ name: string | SQL<unknown> | Placeholder<string, any>; slug: string | SQL<unknown> | Placeholder<string, any>; priceMonthly: number | SQL<unknown> | Placeholder<...>; }'.
  Overload 2 of 2, '(values: { name: string | SQL<unknown> | Placeholder<string, any>; slug: string | SQL<unknown> | Placeholder<string, any>; priceMonthly: number | SQL<unknown> | Placeholder<...>; }[]): PgInsertBase<...>', gave the following error.
    Object literal may only specify known properties, and 'name' does not exist in type '{ name: string | SQL<unknown> | Placeholder<string, any>; slug: string | SQL<unknown> | Placeholder<string, any>; priceMonthly: number | SQL<unknown> | Placeholder<...>; }[]'.
server/admin-routes.ts(1364,7): error TS2769: No overload matches this call.
  Overload 1 of 2, '(value: { action: string | SQL<unknown> | Placeholder<string, any>; }): PgInsertBase<PgTableWithColumns<{ name: "audit_logs"; schema: undefined; columns: { id: PgColumn<{ name: "id"; tableName: "audit_logs"; dataType: "number"; ... 11 more ...; generated: undefined; }, {}, {}>; ... 8 more ...; createdAt: PgColumn<...>; }; dialect: "pg"; }>, ... 4 more ..., never>', gave the following error.
    Object literal may only specify known properties, and 'userId' does not exist in type '{ action: string | SQL<unknown> | Placeholder<string, any>; }'.
  Overload 2 of 2, '(values: { action: string | SQL<unknown> | Placeholder<string, any>; }[]): PgInsertBase<PgTableWithColumns<{ name: "audit_logs"; schema: undefined; columns: { id: PgColumn<{ name: "id"; tableName: "audit_logs"; ... 12 more ...; generated: undefined; }, {}, {}>; ... 8 more ...; createdAt: PgColumn<...>; }; dialect: "pg"; }>, ... 4 more ..., never>', gave the following error.
    Object literal may only specify known properties, and 'userId' does not exist in type '{ action: string | SQL<unknown> | Placeholder<string, any>; }[]'.
server/admin-routes.ts(1418,7): error TS2769: No overload matches this call.
  Overload 1 of 2, '(value: { action: string | SQL<unknown> | Placeholder<string, any>; }): PgInsertBase<PgTableWithColumns<{ name: "audit_logs"; schema: undefined; columns: { id: PgColumn<{ name: "id"; tableName: "audit_logs"; dataType: "number"; ... 11 more ...; generated: undefined; }, {}, {}>; ... 8 more ...; createdAt: PgColumn<...>; }; dialect: "pg"; }>, ... 4 more ..., never>', gave the following error.
    Object literal may only specify known properties, and 'userId' does not exist in type '{ action: string | SQL<unknown> | Placeholder<string, any>; }'.
  Overload 2 of 2, '(values: { action: string | SQL<unknown> | Placeholder<string, any>; }[]): PgInsertBase<PgTableWithColumns<{ name: "audit_logs"; schema: undefined; columns: { id: PgColumn<{ name: "id"; tableName: "audit_logs"; ... 12 more ...; generated: undefined; }, {}, {}>; ... 8 more ...; createdAt: PgColumn<...>; }; dialect: "pg"; }>, ... 4 more ..., never>', gave the following error.
    Object literal may only specify known properties, and 'userId' does not exist in type '{ action: string | SQL<unknown> | Placeholder<string, any>; }[]'.
server/admin-routes.ts(1462,7): error TS2769: No overload matches this call.
  Overload 1 of 2, '(value: { action: string | SQL<unknown> | Placeholder<string, any>; }): PgInsertBase<PgTableWithColumns<{ name: "audit_logs"; schema: undefined; columns: { id: PgColumn<{ name: "id"; tableName: "audit_logs"; dataType: "number"; ... 11 more ...; generated: undefined; }, {}, {}>; ... 8 more ...; createdAt: PgColumn<...>; }; dialect: "pg"; }>, ... 4 more ..., never>', gave the following error.
    Object literal may only specify known properties, and 'userId' does not exist in type '{ action: string | SQL<unknown> | Placeholder<string, any>; }'.
  Overload 2 of 2, '(values: { action: string | SQL<unknown> | Placeholder<string, any>; }[]): PgInsertBase<PgTableWithColumns<{ name: "audit_logs"; schema: undefined; columns: { id: PgColumn<{ name: "id"; tableName: "audit_logs"; ... 12 more ...; generated: undefined; }, {}, {}>; ... 8 more ...; createdAt: PgColumn<...>; }; dialect: "pg"; }>, ... 4 more ..., never>', gave the following error.
    Object literal may only specify known properties, and 'userId' does not exist in type '{ action: string | SQL<unknown> | Placeholder<string, any>; }[]'.
server/announcement-routes.ts(85,66): error TS2769: No overload matches this call.
  Overload 1 of 2, '(value: { title: string | SQL<unknown> | Placeholder<string, any>; message: string | SQL<unknown> | Placeholder<string, any>; }): PgInsertBase<PgTableWithColumns<{ name: "announcements"; schema: undefined; columns: { ...; }; dialect: "pg"; }>, ... 4 more ..., never>', gave the following error.
    Argument of type '{ expiresAt: Date; createdBy: string; title?: string; message?: string; isActive?: boolean; bannerColor?: string; audience?: "all" | "premium"; actionLabel?: string; actionUrl?: string; isPinned?: boolean; }' is not assignable to parameter of type '{ title: string | SQL<unknown> | Placeholder<string, any>; message: string | SQL<unknown> | Placeholder<string, any>; }'.
      Property 'title' is optional in type '{ expiresAt: Date; createdBy: string; title?: string; message?: string; isActive?: boolean; bannerColor?: string; audience?: "all" | "premium"; actionLabel?: string; actionUrl?: string; isPinned?: boolean; }' but required in type '{ title: string | SQL<unknown> | Placeholder<string, any>; message: string | SQL<unknown> | Placeholder<string, any>; }'.
  Overload 2 of 2, '(values: { title: string | SQL<unknown> | Placeholder<string, any>; message: string | SQL<unknown> | Placeholder<string, any>; }[]): PgInsertBase<PgTableWithColumns<{ name: "announcements"; schema: undefined; columns: { ...; }; dialect: "pg"; }>, ... 4 more ..., never>', gave the following error.
    Argument of type '{ expiresAt: Date; createdBy: string; title?: string; message?: string; isActive?: boolean; bannerColor?: string; audience?: "all" | "premium"; actionLabel?: string; actionUrl?: string; isPinned?: boolean; }' is not assignable to parameter of type '{ title: string | SQL<unknown> | Placeholder<string, any>; message: string | SQL<unknown> | Placeholder<string, any>; }[]'.
      Type '{ expiresAt: Date; createdBy: string; title?: string; message?: string; isActive?: boolean; bannerColor?: string; audience?: "all" | "premium"; actionLabel?: string; actionUrl?: string; isPinned?: boolean; }' is missing the following properties from type '{ title: string | SQL<unknown> | Placeholder<string, any>; message: string | SQL<unknown> | Placeholder<string, any>; }[]': length, pop, push, concat, and 29 more.
server/announcement-routes.ts(106,9): error TS2353: Object literal may only specify known properties, and 'expiresAt' does not exist in type '{ title?: string | PgColumn<ColumnBaseConfig<ColumnDataType, string>, {}, {}> | SQL<unknown>; message?: string | PgColumn<ColumnBaseConfig<ColumnDataType, string>, {}, {}> | SQL<...>; }'.
server/auth-routes.ts(84,14): error TS2353: Object literal may only specify known properties, and 'status' does not exist in type '{ email?: string | PgColumn<ColumnBaseConfig<ColumnDataType, string>, {}, {}> | SQL<unknown>; expiresAt?: Date | PgColumn<ColumnBaseConfig<ColumnDataType, string>, {}, {}> | SQL<...>; invitedBy?: string | ... 1 more ... | SQL<...>; token?: string | ... 1 more ... | SQL<...>; }'.
server/auth-routes.ts(258,9): error TS2353: Object literal may only specify known properties, and 'mustChangePassword' does not exist in type '{ name?: string | PgColumn<ColumnBaseConfig<ColumnDataType, string>, {}, {}> | SQL<unknown>; email?: string | PgColumn<ColumnBaseConfig<ColumnDataType, string>, {}, {}> | SQL<...>; passwordHash?: string | ... 1 more ... | SQL<...>; }'.
server/auth.ts(67,6): error TS2769: No overload matches this call.
  Overload 1 of 2, '(value: { name: string | SQL<unknown> | Placeholder<string, any>; email: string | SQL<unknown> | Placeholder<string, any>; passwordHash: string | SQL<unknown> | Placeholder<...>; }): PgInsertBase<...>', gave the following error.
    Object literal may only specify known properties, and 'currentLevel' does not exist in type '{ name: string | SQL<unknown> | Placeholder<string, any>; email: string | SQL<unknown> | Placeholder<string, any>; passwordHash: string | SQL<unknown> | Placeholder<...>; }'.
  Overload 2 of 2, '(values: { name: string | SQL<unknown> | Placeholder<string, any>; email: string | SQL<unknown> | Placeholder<string, any>; passwordHash: string | SQL<unknown> | Placeholder<...>; }[]): PgInsertBase<...>', gave the following error.
    Object literal may only specify known properties, and 'name' does not exist in type '{ name: string | SQL<unknown> | Placeholder<string, any>; email: string | SQL<unknown> | Placeholder<string, any>; passwordHash: string | SQL<unknown> | Placeholder<...>; }[]'.
server/auth.ts(92,5): error TS2687: All declarations of 'userId' must have identical modifiers.
server/billing-routes.ts(133,7): error TS2353: Object literal may only specify known properties, and 'status' does not exist in type '{ userId?: string | PgColumn<ColumnBaseConfig<ColumnDataType, string>, {}, {}> | SQL<unknown>; planId?: number | PgColumn<ColumnBaseConfig<ColumnDataType, string>, {}, {}> | SQL<...>; }'.
server/billing-routes.ts(153,7): error TS2353: Object literal may only specify known properties, and 'status' does not exist in type '{ amount?: number | PgColumn<ColumnBaseConfig<ColumnDataType, string>, {}, {}> | SQL<unknown>; userId?: string | PgColumn<ColumnBaseConfig<ColumnDataType, string>, {}, {}> | SQL<...>; }'.
server/billing-routes.ts(165,12): error TS2353: Object literal may only specify known properties, and 'isPaidUser' does not exist in type '{ name?: string | PgColumn<ColumnBaseConfig<ColumnDataType, string>, {}, {}> | SQL<unknown>; email?: string | PgColumn<ColumnBaseConfig<ColumnDataType, string>, {}, {}> | SQL<...>; passwordHash?: string | ... 1 more ... | SQL<...>; }'.
server/billing-routes.ts(177,7): error TS2353: Object literal may only specify known properties, and 'status' does not exist in type '{ userId?: string | PgColumn<ColumnBaseConfig<ColumnDataType, string>, {}, {}> | SQL<unknown>; planId?: number | PgColumn<ColumnBaseConfig<ColumnDataType, string>, {}, {}> | SQL<...>; }'.
server/billing-routes.ts(187,7): error TS2353: Object literal may only specify known properties, and 'status' does not exist in type '{ amount?: number | PgColumn<ColumnBaseConfig<ColumnDataType, string>, {}, {}> | SQL<unknown>; userId?: string | PgColumn<ColumnBaseConfig<ColumnDataType, string>, {}, {}> | SQL<...>; }'.
server/billing-routes.ts(244,14): error TS2353: Object literal may only specify known properties, and 'status' does not exist in type '{ userId?: string | PgColumn<ColumnBaseConfig<ColumnDataType, string>, {}, {}> | SQL<unknown>; planId?: number | PgColumn<ColumnBaseConfig<ColumnDataType, string>, {}, {}> | SQL<...>; }'.
server/billing-routes.ts(262,8): error TS2769: No overload matches this call.
  Overload 1 of 2, '(value: { userId: string | SQL<unknown> | Placeholder<string, any>; planId: number | SQL<unknown> | Placeholder<string, any>; }): PgInsertBase<PgTableWithColumns<{ name: "user_subscriptions"; schema: undefined; columns: { ...; }; dialect: "pg"; }>, ... 4 more ..., never>', gave the following error.
    Object literal may only specify known properties, and 'status' does not exist in type '{ userId: string | SQL<unknown> | Placeholder<string, any>; planId: number | SQL<unknown> | Placeholder<string, any>; }'.
  Overload 2 of 2, '(values: { userId: string | SQL<unknown> | Placeholder<string, any>; planId: number | SQL<unknown> | Placeholder<string, any>; }[]): PgInsertBase<PgTableWithColumns<{ name: "user_subscriptions"; schema: undefined; columns: { ...; }; dialect: "pg"; }>, ... 4 more ..., never>', gave the following error.
    Object literal may only specify known properties, and 'userId' does not exist in type '{ userId: string | SQL<unknown> | Placeholder<string, any>; planId: number | SQL<unknown> | Placeholder<string, any>; }[]'.
server/billing-routes.ts(275,8): error TS2769: No overload matches this call.
  Overload 1 of 2, '(value: { amount: number | SQL<unknown> | Placeholder<string, any>; userId: string | SQL<unknown> | Placeholder<string, any>; }): PgInsertBase<PgTableWithColumns<{ name: "payment_transactions"; schema: undefined; columns: { ...; }; dialect: "pg"; }>, ... 4 more ..., never>', gave the following error.
    Object literal may only specify known properties, and 'subscriptionId' does not exist in type '{ amount: number | SQL<unknown> | Placeholder<string, any>; userId: string | SQL<unknown> | Placeholder<string, any>; }'.
  Overload 2 of 2, '(values: { amount: number | SQL<unknown> | Placeholder<string, any>; userId: string | SQL<unknown> | Placeholder<string, any>; }[]): PgInsertBase<PgTableWithColumns<{ name: "payment_transactions"; schema: undefined; columns: { ...; }; dialect: "pg"; }>, ... 4 more ..., never>', gave the following error.
    Object literal may only specify known properties, and 'userId' does not exist in type '{ amount: number | SQL<unknown> | Placeholder<string, any>; userId: string | SQL<unknown> | Placeholder<string, any>; }[]'.
server/billing-routes.ts(333,11): error TS2353: Object literal may only specify known properties, and 'razorpayOrderId' does not exist in type '{ amount?: number | PgColumn<ColumnBaseConfig<ColumnDataType, string>, {}, {}> | SQL<unknown>; userId?: string | PgColumn<ColumnBaseConfig<ColumnDataType, string>, {}, {}> | SQL<...>; }'.
server/billing-routes.ts(385,9): error TS2353: Object literal may only specify known properties, and 'paymentProvider' does not exist in type '{ amount?: number | PgColumn<ColumnBaseConfig<ColumnDataType, string>, {}, {}> | SQL<unknown>; userId?: string | PgColumn<ColumnBaseConfig<ColumnDataType, string>, {}, {}> | SQL<...>; }'.
server/billing-routes.ts(518,8): error TS2769: No overload matches this call.
  Overload 1 of 2, '(value: { payload: unknown; eventType: string | SQL<unknown> | Placeholder<string, any>; provider: string | SQL<unknown> | Placeholder<string, any>; eventId: string | SQL<...> | Placeholder<...>; }): PgInsertBase<...>', gave the following error.
    Object literal may only specify known properties, and 'processed' does not exist in type '{ payload: unknown; eventType: string | SQL<unknown> | Placeholder<string, any>; provider: string | SQL<unknown> | Placeholder<string, any>; eventId: string | SQL<...> | Placeholder<...>; }'.
  Overload 2 of 2, '(values: { payload: unknown; eventType: string | SQL<unknown> | Placeholder<string, any>; provider: string | SQL<unknown> | Placeholder<string, any>; eventId: string | SQL<...> | Placeholder<...>; }[]): PgInsertBase<...>', gave the following error.
    Object literal may only specify known properties, and 'provider' does not exist in type '{ payload: unknown; eventType: string | SQL<unknown> | Placeholder<string, any>; provider: string | SQL<unknown> | Placeholder<string, any>; eventId: string | SQL<...> | Placeholder<...>; }[]'.
server/billing-routes.ts(595,8): error TS2769: No overload matches this call.
  Overload 1 of 2, '(value: { payload: unknown; eventType: string | SQL<unknown> | Placeholder<string, any>; provider: string | SQL<unknown> | Placeholder<string, any>; eventId: string | SQL<...> | Placeholder<...>; }): PgInsertBase<...>', gave the following error.
    Object literal may only specify known properties, and 'processed' does not exist in type '{ payload: unknown; eventType: string | SQL<unknown> | Placeholder<string, any>; provider: string | SQL<unknown> | Placeholder<string, any>; eventId: string | SQL<...> | Placeholder<...>; }'.
  Overload 2 of 2, '(values: { payload: unknown; eventType: string | SQL<unknown> | Placeholder<string, any>; provider: string | SQL<unknown> | Placeholder<string, any>; eventId: string | SQL<...> | Placeholder<...>; }[]): PgInsertBase<...>', gave the following error.
    Object literal may only specify known properties, and 'provider' does not exist in type '{ payload: unknown; eventType: string | SQL<unknown> | Placeholder<string, any>; provider: string | SQL<unknown> | Placeholder<string, any>; eventId: string | SQL<...> | Placeholder<...>; }[]'.
server/bulk-question-generator.ts(513,55): error TS2769: No overload matches this call.
  Overload 1 of 2, '(value: { subject: string | SQL<unknown> | Placeholder<string, any>; classLevel: string | SQL<unknown> | Placeholder<string, any>; topicName: string | SQL<unknown> | Placeholder<...>; }): PgInsertBase<...>', gave the following error.
    Object literal may only specify known properties, and 'ncertChapter' does not exist in type '{ subject: string | SQL<unknown> | Placeholder<string, any>; classLevel: string | SQL<unknown> | Placeholder<string, any>; topicName: string | SQL<unknown> | Placeholder<...>; }'.
  Overload 2 of 2, '(values: { subject: string | SQL<unknown> | Placeholder<string, any>; classLevel: string | SQL<unknown> | Placeholder<string, any>; topicName: string | SQL<unknown> | Placeholder<...>; }[]): PgInsertBase<...>', gave the following error.
    Object literal may only specify known properties, and 'subject' does not exist in type '{ subject: string | SQL<unknown> | Placeholder<string, any>; classLevel: string | SQL<unknown> | Placeholder<string, any>; topicName: string | SQL<unknown> | Placeholder<...>; }[]'.
server/bulk-question-generator.ts(526,41): error TS2769: No overload matches this call.
  Overload 1 of 2, '(value: { options: SQL<unknown> | { id: string; text: string; }[] | Placeholder<string, any>; correctAnswer: string | SQL<unknown> | Placeholder<string, any>; topicId: number | ... 1 more ... | Placeholder<...>; questionText: string | ... 1 more ... | Placeholder<...>; solutionDetail: string | ... 1 more ... | Placeholder<...>; difficultyLevel: number | ... 1 more ... | Placeholder<...>; sourceType: string | ... 1 more ... | Placeholder<...>; }): PgInsertBase<...>', gave the following error.
    Argument of type '{}[]' is not assignable to parameter of type '{ options: SQL<unknown> | { id: string; text: string; }[] | Placeholder<string, any>; correctAnswer: string | SQL<unknown> | Placeholder<string, any>; topicId: number | ... 1 more ... | Placeholder<...>; questionText: string | ... 1 more ... | Placeholder<...>; solutionDetail: string | ... 1 more ... | Placeholder<....'.
      Type '{}[]' is missing the following properties from type '{ options: SQL<unknown> | { id: string; text: string; }[] | Placeholder<string, any>; correctAnswer: string | SQL<unknown> | Placeholder<string, any>; topicId: number | ... 1 more ... | Placeholder<...>; questionText: string | ... 1 more ... | Placeholder<...>; solutionDetail: string | ... 1 more ... | Placeholder<....': options, correctAnswer, topicId, questionText, and 3 more.
  Overload 2 of 2, '(values: { options: SQL<unknown> | { id: string; text: string; }[] | Placeholder<string, any>; correctAnswer: string | SQL<unknown> | Placeholder<string, any>; topicId: number | ... 1 more ... | Placeholder<...>; questionText: string | ... 1 more ... | Placeholder<...>; solutionDetail: string | ... 1 more ... | Placeholder<...>; difficultyLevel: number | ... 1 more ... | Placeholder<...>; sourceType: string | ... 1 more ... | Placeholder<...>; }[]): PgInsertBase<...>', gave the following error.
    Argument of type '{}[]' is not assignable to parameter of type '{ options: SQL<unknown> | { id: string; text: string; }[] | Placeholder<string, any>; correctAnswer: string | SQL<unknown> | Placeholder<string, any>; topicId: number | ... 1 more ... | Placeholder<...>; questionText: string | ... 1 more ... | Placeholder<...>; solutionDetail: string | ... 1 more ... | Placeholder<....'.
      Type '{}' is missing the following properties from type '{ options: SQL<unknown> | { id: string; text: string; }[] | Placeholder<string, any>; correctAnswer: string | SQL<unknown> | Placeholder<string, any>; topicId: number | ... 1 more ... | Placeholder<...>; questionText: string | ... 1 more ... | Placeholder<...>; solutionDetail: string | ... 1 more ... | Placeholder<....': options, correctAnswer, topicId, questionText, and 3 more.
server/chapter-content-routes.ts(118,15): error TS2769: No overload matches this call.
  Overload 1 of 2, '(value: { subject: string | SQL<unknown> | Placeholder<string, any>; chapterTitle: string | SQL<unknown> | Placeholder<string, any>; classLevel: string | SQL<...> | Placeholder<...>; chapterNumber: number | ... 1 more ... | Placeholder<...>; introduction: string | ... 1 more ... | Placeholder<...>; detailedNotes: string | ... 1 more ... | Placeholder<...>; }): PgInsertBase<...>', gave the following error.
    Argument of type '{}' is not assignable to parameter of type '{ subject: string | SQL<unknown> | Placeholder<string, any>; chapterTitle: string | SQL<unknown> | Placeholder<string, any>; classLevel: string | SQL<unknown> | Placeholder<...>; chapterNumber: number | ... 1 more ... | Placeholder<...>; introduction: string | ... 1 more ... | Placeholder<...>; detailedNotes: string...'.
      Type '{}' is missing the following properties from type '{ subject: string | SQL<unknown> | Placeholder<string, any>; chapterTitle: string | SQL<unknown> | Placeholder<string, any>; classLevel: string | SQL<unknown> | Placeholder<...>; chapterNumber: number | ... 1 more ... | Placeholder<...>; introduction: string | ... 1 more ... | Placeholder<...>; detailedNotes: string...': subject, chapterTitle, classLevel, chapterNumber, and 2 more.
  Overload 2 of 2, '(values: { subject: string | SQL<unknown> | Placeholder<string, any>; chapterTitle: string | SQL<unknown> | Placeholder<string, any>; classLevel: string | SQL<...> | Placeholder<...>; chapterNumber: number | ... 1 more ... | Placeholder<...>; introduction: string | ... 1 more ... | Placeholder<...>; detailedNotes: string | ... 1 more ... | Placeholder<...>; }[]): PgInsertBase<...>', gave the following error.
    Argument of type '{}' is not assignable to parameter of type '{ subject: string | SQL<unknown> | Placeholder<string, any>; chapterTitle: string | SQL<unknown> | Placeholder<string, any>; classLevel: string | SQL<unknown> | Placeholder<...>; chapterNumber: number | ... 1 more ... | Placeholder<...>; introduction: string | ... 1 more ... | Placeholder<...>; detailedNotes: string...'.
      Type '{}' is missing the following properties from type '{ subject: string | SQL<unknown> | Placeholder<string, any>; chapterTitle: string | SQL<unknown> | Placeholder<string, any>; classLevel: string | SQL<unknown> | Placeholder<...>; chapterNumber: number | ... 1 more ... | Placeholder<...>; introduction: string | ... 1 more ... | Placeholder<...>; detailedNotes: string...': length, pop, push, concat, and 29 more.
server/chapter-content-routes.ts(143,9): error TS2353: Object literal may only specify known properties, and 'updatedAt' does not exist in type '{ subject?: string | PgColumn<ColumnBaseConfig<ColumnDataType, string>, {}, {}> | SQL<unknown>; chapterTitle?: string | PgColumn<ColumnBaseConfig<ColumnDataType, string>, {}, {}> | SQL<...>; classLevel?: string | ... 1 more ... | SQL<...>; chapterNumber?: number | ... 1 more ... | SQL<...>; introduction?: string | ....'.
server/chat-routes.ts(81,8): error TS2769: No overload matches this call.
  Overload 1 of 2, '(value: { subject: string | SQL<unknown> | Placeholder<string, any>; studentId: string | SQL<unknown> | Placeholder<string, any>; createdBy: string | SQL<unknown> | Placeholder<...>; }): PgInsertBase<...>', gave the following error.
    Object literal may only specify known properties, and 'mentorId' does not exist in type '{ subject: string | SQL<unknown> | Placeholder<string, any>; studentId: string | SQL<unknown> | Placeholder<string, any>; createdBy: string | SQL<unknown> | Placeholder<...>; }'.
  Overload 2 of 2, '(values: { subject: string | SQL<unknown> | Placeholder<string, any>; studentId: string | SQL<unknown> | Placeholder<string, any>; createdBy: string | SQL<unknown> | Placeholder<...>; }[]): PgInsertBase<...>', gave the following error.
    Object literal may only specify known properties, and 'subject' does not exist in type '{ subject: string | SQL<unknown> | Placeholder<string, any>; studentId: string | SQL<unknown> | Placeholder<string, any>; createdBy: string | SQL<unknown> | Placeholder<...>; }[]'.
server/chat-routes.ts(160,8): error TS2769: No overload matches this call.
  Overload 1 of 2, '(value: { content: string | SQL<unknown> | Placeholder<string, any>; threadId: number | SQL<unknown> | Placeholder<string, any>; senderId: string | SQL<unknown> | Placeholder<...>; }): PgInsertBase<...>', gave the following error.
    Object literal may only specify known properties, and 'isFlagged' does not exist in type '{ content: string | SQL<unknown> | Placeholder<string, any>; threadId: number | SQL<unknown> | Placeholder<string, any>; senderId: string | SQL<unknown> | Placeholder<...>; }'.
  Overload 2 of 2, '(values: { content: string | SQL<unknown> | Placeholder<string, any>; threadId: number | SQL<unknown> | Placeholder<string, any>; senderId: string | SQL<unknown> | Placeholder<...>; }[]): PgInsertBase<...>', gave the following error.
    Object literal may only specify known properties, and 'threadId' does not exist in type '{ content: string | SQL<unknown> | Placeholder<string, any>; threadId: number | SQL<unknown> | Placeholder<string, any>; senderId: string | SQL<unknown> | Placeholder<...>; }[]'.
server/chat-routes.ts(173,9): error TS2353: Object literal may only specify known properties, and 'lastMessageAt' does not exist in type '{ subject?: string | PgColumn<ColumnBaseConfig<ColumnDataType, string>, {}, {}> | SQL<unknown>; studentId?: string | PgColumn<ColumnBaseConfig<ColumnDataType, string>, {}, {}> | SQL<...>; createdBy?: string | ... 1 more ... | SQL<...>; }'.
server/create-demo-user.ts(9,23): error TS2339: Property 'username' does not exist on type 'PgTableWithColumns<{ name: "users"; schema: undefined; columns: { id: PgColumn<{ name: "id"; tableName: "users"; dataType: "string"; columnType: "PgVarchar"; data: string; driverParam: string; notNull: true; hasDefault: true; ... 6 more ...; generated: undefined; }, {}, { ...; }>; ... 19 more ...; createdAt: PgColum...'.
server/create-demo-user.ts(18,7): error TS2769: No overload matches this call.
  Overload 1 of 2, '(value: { name: string | SQL<unknown> | Placeholder<string, any>; email: string | SQL<unknown> | Placeholder<string, any>; passwordHash: string | SQL<unknown> | Placeholder<...>; }): PgInsertBase<...>', gave the following error.
    Object literal may only specify known properties, and 'username' does not exist in type '{ name: string | SQL<unknown> | Placeholder<string, any>; email: string | SQL<unknown> | Placeholder<string, any>; passwordHash: string | SQL<unknown> | Placeholder<...>; }'.
  Overload 2 of 2, '(values: { name: string | SQL<unknown> | Placeholder<string, any>; email: string | SQL<unknown> | Placeholder<string, any>; passwordHash: string | SQL<unknown> | Placeholder<...>; }[]): PgInsertBase<...>', gave the following error.
    Object literal may only specify known properties, and 'username' does not exist in type '{ name: string | SQL<unknown> | Placeholder<string, any>; email: string | SQL<unknown> | Placeholder<string, any>; passwordHash: string | SQL<unknown> | Placeholder<...>; }[]'.
server/debug-chapter1-questions.ts(21,30): error TS2339: Property 'chapterNumber' does not exist on type 'PgTableWithColumns<{ name: "content_topics"; schema: undefined; columns: { id: PgColumn<{ name: "id"; tableName: "content_topics"; dataType: "number"; columnType: "PgSerial"; data: number; driverParam: number; notNull: true; ... 7 more ...; generated: undefined; }, {}, {}>; ... 4 more ...; referenceBooks: PgColumn<....'.
server/debug-chapter1-questions.ts(31,11): error TS2769: No overload matches this call.
  Overload 1 of 2, '(value: { subject: string | SQL<unknown> | Placeholder<string, any>; classLevel: string | SQL<unknown> | Placeholder<string, any>; topicName: string | SQL<unknown> | Placeholder<...>; }): PgInsertBase<...>', gave the following error.
    Object literal may only specify known properties, and 'chapterNumber' does not exist in type '{ subject: string | SQL<unknown> | Placeholder<string, any>; classLevel: string | SQL<unknown> | Placeholder<string, any>; topicName: string | SQL<unknown> | Placeholder<...>; }'.
  Overload 2 of 2, '(values: { subject: string | SQL<unknown> | Placeholder<string, any>; classLevel: string | SQL<unknown> | Placeholder<string, any>; topicName: string | SQL<unknown> | Placeholder<...>; }[]): PgInsertBase<...>', gave the following error.
    Object literal may only specify known properties, and 'subject' does not exist in type '{ subject: string | SQL<unknown> | Placeholder<string, any>; classLevel: string | SQL<unknown> | Placeholder<string, any>; topicName: string | SQL<unknown> | Placeholder<...>; }[]'.
server/debug-chapter1-questions.ts(189,34): error TS2339: Property 'chapterNumber' does not exist on type '{ id: number; subject: string; classLevel: string; topicName: string; ncertChapter: string; referenceBooks: string[]; }'.
server/fix-physics-practice-questions.ts(41,46): error TS2339: Property 'chapterNumber' does not exist on type '{ id: number; subject: string; classLevel: string; topicName: string; ncertChapter: string; referenceBooks: string[]; }'.
server/fix-physics-practice-questions.ts(57,19): error TS2339: Property 'chapterNumber' does not exist on type '{ id: number; subject: string; classLevel: string; topicName: string; ncertChapter: string; referenceBooks: string[]; }'.
server/game-routes-achievements-addon.ts(3,1): error TS2304: Cannot find name 'router'.
server/game-routes-achievements-addon.ts(3,29): error TS2304: Cannot find name 'requireAuth'.
server/game-routes-achievements-addon.ts(5,18): error TS2304: Cannot find name 'getCurrentUser'.
server/game-routes-achievements-addon.ts(11,35): error TS2304: Cannot find name 'db'.
server/game-routes-achievements-addon.ts(13,13): error TS2552: Cannot find name 'achievements'. Did you mean 'allAchievements'?
server/game-routes-achievements-addon.ts(14,16): error TS2552: Cannot find name 'achievements'. Did you mean 'allAchievements'?
server/game-routes-achievements-addon.ts(14,39): error TS2304: Cannot find name 'achievements'.
server/game-routes-achievements-addon.ts(17,32): error TS2304: Cannot find name 'db'.
server/game-routes-achievements-addon.ts(19,13): error TS2304: Cannot find name 'userAchievements'.
server/game-routes-achievements-addon.ts(20,14): error TS2304: Cannot find name 'eq'.
server/game-routes-achievements-addon.ts(20,17): error TS2304: Cannot find name 'userAchievements'.
server/game-routes-achievements-addon.ts(39,1): error TS2304: Cannot find name 'router'.
server/game-routes-achievements-addon.ts(39,36): error TS2304: Cannot find name 'requireAuth'.
server/game-routes-achievements-addon.ts(41,18): error TS2304: Cannot find name 'getCurrentUser'.
server/game-routes-achievements-addon.ts(47,28): error TS2304: Cannot find name 'db'.
server/game-routes-achievements-addon.ts(49,13): error TS2304: Cannot find name 'users'.
server/game-routes-achievements-addon.ts(50,14): error TS2304: Cannot find name 'eq'.
server/game-routes-achievements-addon.ts(50,17): error TS2304: Cannot find name 'users'.
server/game-routes-achievements-addon.ts(60,32): error TS2304: Cannot find name 'db'.
server/game-routes-achievements-addon.ts(62,13): error TS2304: Cannot find name 'userPerformance'.
server/game-routes-achievements-addon.ts(63,14): error TS2304: Cannot find name 'eq'.
server/game-routes-achievements-addon.ts(63,17): error TS2304: Cannot find name 'userPerformance'.
server/game-routes-achievements-addon.ts(66,35): error TS2304: Cannot find name 'db'.
server/game-routes-achievements-addon.ts(68,13): error TS2304: Cannot find name 'achievements'.
server/game-routes-achievements-addon.ts(71,40): error TS2304: Cannot find name 'db'.
server/game-routes-achievements-addon.ts(73,13): error TS2304: Cannot find name 'userAchievements'.
server/game-routes-achievements-addon.ts(74,14): error TS2304: Cannot find name 'eq'.
server/game-routes-achievements-addon.ts(74,17): error TS2304: Cannot find name 'userAchievements'.
server/game-routes-achievements-addon.ts(84,29): error TS2304: Cannot find name 'db'.
server/game-routes-achievements-addon.ts(86,13): error TS2304: Cannot find name 'userCombos'.
server/game-routes-achievements-addon.ts(87,14): error TS2304: Cannot find name 'eq'.
server/game-routes-achievements-addon.ts(87,17): error TS2304: Cannot find name 'userCombos'.
server/game-routes-achievements-addon.ts(130,15): error TS2304: Cannot find name 'db'.
server/game-routes-achievements-addon.ts(130,25): error TS2304: Cannot find name 'userAchievements'.
server/game-routes-achievements-addon.ts(137,15): error TS2304: Cannot find name 'db'.
server/game-routes-achievements-addon.ts(137,25): error TS2304: Cannot find name 'xpTransactions'.
server/game-routes-achievements-addon.ts(146,15): error TS2304: Cannot find name 'db'.
server/game-routes-achievements-addon.ts(146,26): error TS2304: Cannot find name 'sql'.
server/game-routes.ts(119,11): error TS2353: Object literal may only specify known properties, and 'progress' does not exist in type '{ userId?: string | PgColumn<ColumnBaseConfig<ColumnDataType, string>, {}, {}> | SQL<unknown>; challengeId?: number | PgColumn<ColumnBaseConfig<ColumnDataType, string>, {}, {}> | SQL<...>; }'.
server/game-routes.ts(125,44): error TS2769: No overload matches this call.
  Overload 1 of 2, '(value: { userId: string | SQL<unknown> | Placeholder<string, any>; challengeId: number | SQL<unknown> | Placeholder<string, any>; }): PgInsertBase<PgTableWithColumns<{ name: "user_daily_challenges"; schema: undefined; columns: { ...; }; dialect: "pg"; }>, ... 4 more ..., never>', gave the following error.
    Object literal may only specify known properties, and 'progress' does not exist in type '{ userId: string | SQL<unknown> | Placeholder<string, any>; challengeId: number | SQL<unknown> | Placeholder<string, any>; }'.
  Overload 2 of 2, '(values: { userId: string | SQL<unknown> | Placeholder<string, any>; challengeId: number | SQL<unknown> | Placeholder<string, any>; }[]): PgInsertBase<PgTableWithColumns<{ name: "user_daily_challenges"; schema: undefined; columns: { ...; }; dialect: "pg"; }>, ... 4 more ..., never>', gave the following error.
    Object literal may only specify known properties, and 'userId' does not exist in type '{ userId: string | SQL<unknown> | Placeholder<string, any>; challengeId: number | SQL<unknown> | Placeholder<string, any>; }[]'.
server/game-routes.ts(137,39): error TS2769: No overload matches this call.
  Overload 1 of 2, '(value: { source: string | SQL<unknown> | Placeholder<string, any>; amount: number | SQL<unknown> | Placeholder<string, any>; userId: string | SQL<unknown> | Placeholder<...>; }): PgInsertBase<...>', gave the following error.
    Object literal may only specify known properties, but 'sourceId' does not exist in type '{ source: string | SQL<unknown> | Placeholder<string, any>; amount: number | SQL<unknown> | Placeholder<string, any>; userId: string | SQL<unknown> | Placeholder<...>; }'. Did you mean to write 'source'?
  Overload 2 of 2, '(values: { source: string | SQL<unknown> | Placeholder<string, any>; amount: number | SQL<unknown> | Placeholder<string, any>; userId: string | SQL<unknown> | Placeholder<...>; }[]): PgInsertBase<...>', gave the following error.
    Object literal may only specify known properties, and 'userId' does not exist in type '{ source: string | SQL<unknown> | Placeholder<string, any>; amount: number | SQL<unknown> | Placeholder<string, any>; userId: string | SQL<unknown> | Placeholder<...>; }[]'.
server/game-routes.ts(390,11): error TS2353: Object literal may only specify known properties, and 'currentCombo' does not exist in type '{ subject?: string | PgColumn<ColumnBaseConfig<ColumnDataType, string>, {}, {}> | SQL<unknown>; userId?: string | PgColumn<ColumnBaseConfig<ColumnDataType, string>, {}, {}> | SQL<...>; }'.
server/game-routes.ts(396,35): error TS2769: No overload matches this call.
  Overload 1 of 2, '(value: { subject: string | SQL<unknown> | Placeholder<string, any>; userId: string | SQL<unknown> | Placeholder<string, any>; }): PgInsertBase<PgTableWithColumns<{ name: "user_combos"; schema: undefined; columns: { ...; }; dialect: "pg"; }>, ... 4 more ..., never>', gave the following error.
    Object literal may only specify known properties, and 'currentCombo' does not exist in type '{ subject: string | SQL<unknown> | Placeholder<string, any>; userId: string | SQL<unknown> | Placeholder<string, any>; }'.
  Overload 2 of 2, '(values: { subject: string | SQL<unknown> | Placeholder<string, any>; userId: string | SQL<unknown> | Placeholder<string, any>; }[]): PgInsertBase<PgTableWithColumns<{ name: "user_combos"; schema: undefined; columns: { ...; }; dialect: "pg"; }>, ... 4 more ..., never>', gave the following error.
    Object literal may only specify known properties, and 'userId' does not exist in type '{ subject: string | SQL<unknown> | Placeholder<string, any>; userId: string | SQL<unknown> | Placeholder<string, any>; }[]'.
server/game-routes.ts(426,10): error TS2769: No overload matches this call.
  Overload 1 of 2, '(value: { userId: string | SQL<unknown> | Placeholder<string, any>; }): PgInsertBase<PgTableWithColumns<{ name: "user_profiles"; schema: undefined; columns: { id: PgColumn<{ name: "id"; tableName: "user_profiles"; ... 12 more ...; generated: undefined; }, {}, {}>; ... 17 more ...; updatedAt: PgColumn<...>; }; dialect: "pg"; }>, ... 4 more ..., never>', gave the following error.
    Object literal may only specify known properties, and 'equippedFrame' does not exist in type '{ userId: string | SQL<unknown> | Placeholder<string, any>; }'.
  Overload 2 of 2, '(values: { userId: string | SQL<unknown> | Placeholder<string, any>; }[]): PgInsertBase<PgTableWithColumns<{ name: "user_profiles"; schema: undefined; columns: { id: PgColumn<{ name: "id"; tableName: "user_profiles"; ... 12 more ...; generated: undefined; }, {}, {}>; ... 17 more ...; updatedAt: PgColumn<...>; }; dialect: "pg"; }>, ... 4 more ..., never>', gave the following error.
    Object literal may only specify known properties, and 'userId' does not exist in type '{ userId: string | SQL<unknown> | Placeholder<string, any>; }[]'.
server/game-routes.ts(561,31): error TS2339: Property 'subject' does not exist on type '{ id: number; userId: string; questionId: number; userAnswer: string; isCorrect: boolean; timeTakenSec: number; attemptDate: Date; }'.
server/game-routes.ts(587,60): error TS2339: Property 'subject' does not exist on type '{ id: number; userId: string; questionId: number; userAnswer: string; isCorrect: boolean; timeTakenSec: number; attemptDate: Date; }'.
server/game-routes.ts(632,43): error TS2769: No overload matches this call.
  Overload 1 of 2, '(value: { userId: string | SQL<unknown> | Placeholder<string, any>; achievementId: number | SQL<unknown> | Placeholder<string, any>; }): PgInsertBase<PgTableWithColumns<{ name: "user_achievements"; schema: undefined; columns: { ...; }; dialect: "pg"; }>, ... 4 more ..., never>', gave the following error.
    Object literal may only specify known properties, and 'unlockedAt' does not exist in type '{ userId: string | SQL<unknown> | Placeholder<string, any>; achievementId: number | SQL<unknown> | Placeholder<string, any>; }'.
  Overload 2 of 2, '(values: { userId: string | SQL<unknown> | Placeholder<string, any>; achievementId: number | SQL<unknown> | Placeholder<string, any>; }[]): PgInsertBase<PgTableWithColumns<{ name: "user_achievements"; schema: undefined; columns: { ...; }; dialect: "pg"; }>, ... 4 more ..., never>', gave the following error.
    Object literal may only specify known properties, and 'userId' does not exist in type '{ userId: string | SQL<unknown> | Placeholder<string, any>; achievementId: number | SQL<unknown> | Placeholder<string, any>; }[]'.
server/game-routes.ts(638,41): error TS2769: No overload matches this call.
  Overload 1 of 2, '(value: { source: string | SQL<unknown> | Placeholder<string, any>; amount: number | SQL<unknown> | Placeholder<string, any>; userId: string | SQL<unknown> | Placeholder<...>; }): PgInsertBase<...>', gave the following error.
    Object literal may only specify known properties, but 'sourceId' does not exist in type '{ source: string | SQL<unknown> | Placeholder<string, any>; amount: number | SQL<unknown> | Placeholder<string, any>; userId: string | SQL<unknown> | Placeholder<...>; }'. Did you mean to write 'source'?
  Overload 2 of 2, '(values: { source: string | SQL<unknown> | Placeholder<string, any>; amount: number | SQL<unknown> | Placeholder<string, any>; userId: string | SQL<unknown> | Placeholder<...>; }[]): PgInsertBase<...>', gave the following error.
    Object literal may only specify known properties, and 'userId' does not exist in type '{ source: string | SQL<unknown> | Placeholder<string, any>; amount: number | SQL<unknown> | Placeholder<string, any>; userId: string | SQL<unknown> | Placeholder<...>; }[]'.
server/gamification.ts(165,20): error TS2353: Object literal may only specify known properties, and 'streakFreezes' does not exist in type '{ name?: string | PgColumn<ColumnBaseConfig<ColumnDataType, string>, {}, {}> | SQL<unknown>; email?: string | PgColumn<ColumnBaseConfig<ColumnDataType, string>, {}, {}> | SQL<...>; passwordHash?: string | ... 1 more ... | SQL<...>; }'.
server/gamification.ts(179,9): error TS2353: Object literal may only specify known properties, and 'studyStreak' does not exist in type '{ name?: string | PgColumn<ColumnBaseConfig<ColumnDataType, string>, {}, {}> | SQL<unknown>; email?: string | PgColumn<ColumnBaseConfig<ColumnDataType, string>, {}, {}> | SQL<...>; passwordHash?: string | ... 1 more ... | SQL<...>; }'.
server/gamification.ts(399,11): error TS2353: Object literal may only specify known properties, and 'progress' does not exist in type '{ userId?: string | PgColumn<ColumnBaseConfig<ColumnDataType, string>, {}, {}> | SQL<unknown>; challengeId?: number | PgColumn<ColumnBaseConfig<ColumnDataType, string>, {}, {}> | SQL<...>; }'.
server/gamification.ts(406,44): error TS2769: No overload matches this call.
  Overload 1 of 2, '(value: { userId: string | SQL<unknown> | Placeholder<string, any>; challengeId: number | SQL<unknown> | Placeholder<string, any>; }): PgInsertBase<PgTableWithColumns<{ name: "user_daily_challenges"; schema: undefined; columns: { ...; }; dialect: "pg"; }>, ... 4 more ..., never>', gave the following error.
    Object literal may only specify known properties, and 'progress' does not exist in type '{ userId: string | SQL<unknown> | Placeholder<string, any>; challengeId: number | SQL<unknown> | Placeholder<string, any>; }'.
  Overload 2 of 2, '(values: { userId: string | SQL<unknown> | Placeholder<string, any>; challengeId: number | SQL<unknown> | Placeholder<string, any>; }[]): PgInsertBase<PgTableWithColumns<{ name: "user_daily_challenges"; schema: undefined; columns: { ...; }; dialect: "pg"; }>, ... 4 more ..., never>', gave the following error.
    Object literal may only specify known properties, and 'userId' does not exist in type '{ userId: string | SQL<unknown> | Placeholder<string, any>; challengeId: number | SQL<unknown> | Placeholder<string, any>; }[]'.
server/gamification.ts(433,25): error TS2339: Property 'username' does not exist on type 'PgTableWithColumns<{ name: "users"; schema: undefined; columns: { id: PgColumn<{ name: "id"; tableName: "users"; dataType: "string"; columnType: "PgVarchar"; data: string; driverParam: string; notNull: true; hasDefault: true; ... 6 more ...; generated: undefined; }, {}, { ...; }>; ... 19 more ...; createdAt: PgColum...'.
server/gamification.ts(524,9): error TS2769: No overload matches this call.
  Overload 1 of 2, '(value: { userId: string | SQL<unknown> | Placeholder<string, any>; chapterId: string | SQL<unknown> | Placeholder<string, any>; }): PgInsertBase<PgTableWithColumns<{ name: "user_chapter_progress"; schema: undefined; columns: { ...; }; dialect: "pg"; }>, ... 4 more ..., never>', gave the following error.
    Object literal may only specify known properties, and 'completionPercentage' does not exist in type '{ userId: string | SQL<unknown> | Placeholder<string, any>; chapterId: string | SQL<unknown> | Placeholder<string, any>; }'.
  Overload 2 of 2, '(values: { userId: string | SQL<unknown> | Placeholder<string, any>; chapterId: string | SQL<unknown> | Placeholder<string, any>; }[]): PgInsertBase<PgTableWithColumns<{ name: "user_chapter_progress"; schema: undefined; columns: { ...; }; dialect: "pg"; }>, ... 4 more ..., never>', gave the following error.
    Object literal may only specify known properties, and 'completionPercentage' does not exist in type '{ userId: string | SQL<unknown> | Placeholder<string, any>; chapterId: string | SQL<unknown> | Placeholder<string, any>; }[]'.
server/import-pyq.ts(10,59): error TS2769: No overload matches this call.
  Overload 1 of 2, '(value: { subject: string | SQL<unknown> | Placeholder<string, any>; classLevel: string | SQL<unknown> | Placeholder<string, any>; topicName: string | SQL<unknown> | Placeholder<...>; }): PgInsertBase<...>', gave the following error.
    Argument of type '{ subject: string; classLevel: string; topicName: string; ncertChapter: string; referenceBooks: string[]; }[]' is not assignable to parameter of type '{ subject: string | SQL<unknown> | Placeholder<string, any>; classLevel: string | SQL<unknown> | Placeholder<string, any>; topicName: string | SQL<unknown> | Placeholder<...>; }'.
      Type '{ subject: string; classLevel: string; topicName: string; ncertChapter: string; referenceBooks: string[]; }[]' is missing the following properties from type '{ subject: string | SQL<unknown> | Placeholder<string, any>; classLevel: string | SQL<unknown> | Placeholder<string, any>; topicName: string | SQL<unknown> | Placeholder<...>; }': subject, classLevel, topicName
server/import-pyq.ts(58,36): error TS2769: No overload matches this call.
  Overload 1 of 2, '(value: { options: SQL<unknown> | { id: string; text: string; }[] | Placeholder<string, any>; correctAnswer: string | SQL<unknown> | Placeholder<string, any>; topicId: number | ... 1 more ... | Placeholder<...>; questionText: string | ... 1 more ... | Placeholder<...>; solutionDetail: string | ... 1 more ... | Placeholder<...>; difficultyLevel: number | ... 1 more ... | Placeholder<...>; sourceType: string | ... 1 more ... | Placeholder<...>; }): PgInsertBase<...>', gave the following error.
    Object literal may only specify known properties, and 'solutionSteps' does not exist in type '{ options: SQL<unknown> | { id: string; text: string; }[] | Placeholder<string, any>; correctAnswer: string | SQL<unknown> | Placeholder<string, any>; topicId: number | ... 1 more ... | Placeholder<...>; questionText: string | ... 1 more ... | Placeholder<...>; solutionDetail: string | ... 1 more ... | Placeholder<....'.
  Overload 2 of 2, '(values: { options: SQL<unknown> | { id: string; text: string; }[] | Placeholder<string, any>; correctAnswer: string | SQL<unknown> | Placeholder<string, any>; topicId: number | ... 1 more ... | Placeholder<...>; questionText: string | ... 1 more ... | Placeholder<...>; solutionDetail: string | ... 1 more ... | Placeholder<...>; difficultyLevel: number | ... 1 more ... | Placeholder<...>; sourceType: string | ... 1 more ... | Placeholder<...>; }[]): PgInsertBase<...>', gave the following error.
    Object literal may only specify known properties, and 'topicId' does not exist in type '{ options: SQL<unknown> | { id: string; text: string; }[] | Placeholder<string, any>; correctAnswer: string | SQL<unknown> | Placeholder<string, any>; topicId: number | ... 1 more ... | Placeholder<...>; questionText: string | ... 1 more ... | Placeholder<...>; solutionDetail: string | ... 1 more ... | Placeholder<....'.
server/import-pyq.ts(60,34): error TS2339: Property 'questionText' does not exist on type 'Partial<{}>'.
server/import-pyq.ts(61,29): error TS2339: Property 'options' does not exist on type 'Partial<{}>'.
server/import-pyq.ts(62,35): error TS2339: Property 'correctAnswer' does not exist on type 'Partial<{}>'.
server/import-pyq.ts(63,36): error TS2339: Property 'solutionDetail' does not exist on type 'Partial<{}>'.
server/import-pyq.ts(64,35): error TS2339: Property 'solutionSteps' does not exist on type 'Partial<{}>'.
server/import-pyq.ts(65,37): error TS2339: Property 'difficultyLevel' does not exist on type 'Partial<{}>'.
server/import-pyq.ts(66,35): error TS2339: Property 'sourceType' does not exist on type 'Partial<{}>'.
server/import-pyq.ts(67,35): error TS2339: Property 'relatedTopics' does not exist on type 'Partial<{}>'.
server/index.ts(34,18): error TS2353: Object literal may only specify known properties, and 'isOwner' does not exist in type '{ name?: string | PgColumn<ColumnBaseConfig<ColumnDataType, string>, {}, {}> | SQL<unknown>; email?: string | PgColumn<ColumnBaseConfig<ColumnDataType, string>, {}, {}> | SQL<...>; passwordHash?: string | ... 1 more ... | SQL<...>; }'.
server/index.ts(51,30): error TS2769: No overload matches this call.
  Overload 1 of 2, '(value: { name: string | SQL<unknown> | Placeholder<string, any>; email: string | SQL<unknown> | Placeholder<string, any>; passwordHash: string | SQL<unknown> | Placeholder<...>; }): PgInsertBase<...>', gave the following error.
    Object literal may only specify known properties, and 'role' does not exist in type '{ name: string | SQL<unknown> | Placeholder<string, any>; email: string | SQL<unknown> | Placeholder<string, any>; passwordHash: string | SQL<unknown> | Placeholder<...>; }'.
  Overload 2 of 2, '(values: { name: string | SQL<unknown> | Placeholder<string, any>; email: string | SQL<unknown> | Placeholder<string, any>; passwordHash: string | SQL<unknown> | Placeholder<...>; }[]): PgInsertBase<...>', gave the following error.
    Object literal may only specify known properties, and 'email' does not exist in type '{ name: string | SQL<unknown> | Placeholder<string, any>; email: string | SQL<unknown> | Placeholder<string, any>; passwordHash: string | SQL<unknown> | Placeholder<...>; }[]'.
server/job-service.ts(28,6): error TS2769: No overload matches this call.
  Overload 1 of 2, '(value: { name: string | SQL<unknown> | Placeholder<string, any>; jobType: string | SQL<unknown> | Placeholder<string, any>; }): PgInsertBase<PgTableWithColumns<{ name: "background_jobs"; schema: undefined; columns: { ...; }; dialect: "pg"; }>, ... 4 more ..., never>', gave the following error.
    Object literal may only specify known properties, and 'payload' does not exist in type '{ name: string | SQL<unknown> | Placeholder<string, any>; jobType: string | SQL<unknown> | Placeholder<string, any>; }'.
  Overload 2 of 2, '(values: { name: string | SQL<unknown> | Placeholder<string, any>; jobType: string | SQL<unknown> | Placeholder<string, any>; }[]): PgInsertBase<PgTableWithColumns<{ name: "background_jobs"; schema: undefined; columns: { ...; }; dialect: "pg"; }>, ... 4 more ..., never>', gave the following error.
    Object literal may only specify known properties, and 'jobType' does not exist in type '{ name: string | SQL<unknown> | Placeholder<string, any>; jobType: string | SQL<unknown> | Placeholder<string, any>; }[]'.
server/job-service.ts(41,7): error TS2353: Object literal may only specify known properties, and 'status' does not exist in type '{ name?: string | PgColumn<ColumnBaseConfig<ColumnDataType, string>, {}, {}> | SQL<unknown>; jobType?: string | PgColumn<ColumnBaseConfig<ColumnDataType, string>, {}, {}> | SQL<...>; }'.
server/job-service.ts(78,7): error TS2353: Object literal may only specify known properties, and 'status' does not exist in type '{ name?: string | PgColumn<ColumnBaseConfig<ColumnDataType, string>, {}, {}> | SQL<unknown>; jobType?: string | PgColumn<ColumnBaseConfig<ColumnDataType, string>, {}, {}> | SQL<...>; }'.
server/job-service.ts(91,7): error TS2353: Object literal may only specify known properties, and 'status' does not exist in type '{ name?: string | PgColumn<ColumnBaseConfig<ColumnDataType, string>, {}, {}> | SQL<unknown>; jobType?: string | PgColumn<ColumnBaseConfig<ColumnDataType, string>, {}, {}> | SQL<...>; }'.
server/job-service.ts(103,7): error TS2353: Object literal may only specify known properties, and 'status' does not exist in type '{ name?: string | PgColumn<ColumnBaseConfig<ColumnDataType, string>, {}, {}> | SQL<unknown>; jobType?: string | PgColumn<ColumnBaseConfig<ColumnDataType, string>, {}, {}> | SQL<...>; }'.
server/job-service.ts(114,7): error TS2353: Object literal may only specify known properties, and 'status' does not exist in type '{ name?: string | PgColumn<ColumnBaseConfig<ColumnDataType, string>, {}, {}> | SQL<unknown>; jobType?: string | PgColumn<ColumnBaseConfig<ColumnDataType, string>, {}, {}> | SQL<...>; }'.
server/learning-path-routes.ts(167,53): error TS2769: No overload matches this call.
  Overload 1 of 2, '(value: { userId: string | SQL<unknown> | Placeholder<string, any>; chapterId: string | SQL<unknown> | Placeholder<string, any>; }): PgInsertBase<PgTableWithColumns<{ name: "user_chapter_progress"; schema: undefined; columns: { ...; }; dialect: "pg"; }>, ... 4 more ..., never>', gave the following error.
    Object literal may only specify known properties, and 'completionPercentage' does not exist in type '{ userId: string | SQL<unknown> | Placeholder<string, any>; chapterId: string | SQL<unknown> | Placeholder<string, any>; }'.
  Overload 2 of 2, '(values: { userId: string | SQL<unknown> | Placeholder<string, any>; chapterId: string | SQL<unknown> | Placeholder<string, any>; }[]): PgInsertBase<PgTableWithColumns<{ name: "user_chapter_progress"; schema: undefined; columns: { ...; }; dialect: "pg"; }>, ... 4 more ..., never>', gave the following error.
    Object literal may only specify known properties, and 'userId' does not exist in type '{ userId: string | SQL<unknown> | Placeholder<string, any>; chapterId: string | SQL<unknown> | Placeholder<string, any>; }[]'.
server/learning-path-routes.ts(181,11): error TS2353: Object literal may only specify known properties, and 'completionPercentage' does not exist in type '{ userId?: string | PgColumn<ColumnBaseConfig<ColumnDataType, string>, {}, {}> | SQL<unknown>; chapterId?: string | PgColumn<ColumnBaseConfig<ColumnDataType, string>, {}, {}> | SQL<...>; }'.
server/learning-path-routes.ts(198,39): error TS2769: No overload matches this call.
  Overload 1 of 2, '(value: { source: string | SQL<unknown> | Placeholder<string, any>; amount: number | SQL<unknown> | Placeholder<string, any>; userId: string | SQL<unknown> | Placeholder<...>; }): PgInsertBase<...>', gave the following error.
    Object literal may only specify known properties, but 'sourceId' does not exist in type '{ source: string | SQL<unknown> | Placeholder<string, any>; amount: number | SQL<unknown> | Placeholder<string, any>; userId: string | SQL<unknown> | Placeholder<...>; }'. Did you mean to write 'source'?
  Overload 2 of 2, '(values: { source: string | SQL<unknown> | Placeholder<string, any>; amount: number | SQL<unknown> | Placeholder<string, any>; userId: string | SQL<unknown> | Placeholder<...>; }[]): PgInsertBase<...>', gave the following error.
    Object literal may only specify known properties, and 'userId' does not exist in type '{ source: string | SQL<unknown> | Placeholder<string, any>; amount: number | SQL<unknown> | Placeholder<string, any>; userId: string | SQL<unknown> | Placeholder<...>; }[]'.
server/lms-automation-routes.ts(57,9): error TS2769: No overload matches this call.
  Overload 1 of 2, '(value: { title: string | SQL<unknown> | Placeholder<string, any>; type: "video" | "image" | "pdf" | "handwritten_note" | SQL<unknown> | Placeholder<string, any>; url: string | ... 1 more ... | Placeholder<...>; }): PgInsertBase<...>', gave the following error.
    Object literal may only specify known properties, and 'chapterContentId' does not exist in type '{ title: string | SQL<unknown> | Placeholder<string, any>; type: "video" | "image" | "pdf" | "handwritten_note" | SQL<unknown> | Placeholder<string, any>; url: string | ... 1 more ... | Placeholder<...>; }'.
  Overload 2 of 2, '(values: { title: string | SQL<unknown> | Placeholder<string, any>; type: "video" | "image" | "pdf" | "handwritten_note" | SQL<unknown> | Placeholder<string, any>; url: string | ... 1 more ... | Placeholder<...>; }[]): PgInsertBase<...>', gave the following error.
    Object literal may only specify known properties, and 'chapterContentId' does not exist in type '{ title: string | SQL<unknown> | Placeholder<string, any>; type: "video" | "image" | "pdf" | "handwritten_note" | SQL<unknown> | Placeholder<string, any>; url: string | ... 1 more ... | Placeholder<...>; }[]'.
server/lms-automation-routes.ts(161,7): error TS2769: No overload matches this call.
  Overload 1 of 2, '(value: { action: string | SQL<unknown> | Placeholder<string, any>; }): PgInsertBase<PgTableWithColumns<{ name: "audit_logs"; schema: undefined; columns: { id: PgColumn<{ name: "id"; tableName: "audit_logs"; dataType: "number"; ... 11 more ...; generated: undefined; }, {}, {}>; ... 8 more ...; createdAt: PgColumn<...>; }; dialect: "pg"; }>, ... 4 more ..., never>', gave the following error.
    Object literal may only specify known properties, and 'userId' does not exist in type '{ action: string | SQL<unknown> | Placeholder<string, any>; }'.
  Overload 2 of 2, '(values: { action: string | SQL<unknown> | Placeholder<string, any>; }[]): PgInsertBase<PgTableWithColumns<{ name: "audit_logs"; schema: undefined; columns: { id: PgColumn<{ name: "id"; tableName: "audit_logs"; ... 12 more ...; generated: undefined; }, {}, {}>; ... 8 more ...; createdAt: PgColumn<...>; }; dialect: "pg"; }>, ... 4 more ..., never>', gave the following error.
    Object literal may only specify known properties, and 'userId' does not exist in type '{ action: string | SQL<unknown> | Placeholder<string, any>; }[]'.
server/lms-automation-routes.ts(185,29): error TS2339: Property 'name' does not exist on type 'PgTableWithColumns<{ name: "mentors"; schema: undefined; columns: { id: PgColumn<{ name: "id"; tableName: "mentors"; dataType: "number"; columnType: "PgSerial"; data: number; driverParam: number; notNull: true; hasDefault: true; ... 6 more ...; generated: undefined; }, {}, {}>; ... 17 more ...; updatedAt: PgColumn<....'.
server/lms-automation-routes.ts(213,29): error TS2339: Property 'name' does not exist on type 'PgTableWithColumns<{ name: "mentors"; schema: undefined; columns: { id: PgColumn<{ name: "id"; tableName: "mentors"; dataType: "number"; columnType: "PgSerial"; data: number; driverParam: number; notNull: true; hasDefault: true; ... 6 more ...; generated: undefined; }, {}, {}>; ... 17 more ...; updatedAt: PgColumn<....'.
server/lms-automation-routes.ts(238,14): error TS2353: Object literal may only specify known properties, and 'status' does not exist in type '{ mentorId?: number | PgColumn<ColumnBaseConfig<ColumnDataType, string>, {}, {}> | SQL<unknown>; studentId?: string | PgColumn<ColumnBaseConfig<ColumnDataType, string>, {}, {}> | SQL<...>; startAt?: Date | ... 1 more ... | SQL<...>; endAt?: Date | ... 1 more ... | SQL<...>; priceCents?: number | ... 1 more ... | SQL...'.
server/lms-automation-routes.ts(317,18): error TS2353: Object literal may only specify known properties, and 'value' does not exist in type '{ key?: string | PgColumn<ColumnBaseConfig<ColumnDataType, string>, {}, {}> | SQL<unknown>; }'.
server/lms-automation-routes.ts(322,12): error TS2769: No overload matches this call.
  Overload 1 of 2, '(value: { key: string | SQL<unknown> | Placeholder<string, any>; }): PgInsertBase<PgTableWithColumns<{ name: "admin_settings"; schema: undefined; columns: { id: PgColumn<{ name: "id"; tableName: "admin_settings"; ... 12 more ...; generated: undefined; }, {}, {}>; ... 4 more ...; updatedAt: PgColumn<...>; }; dialect: "pg"; }>, ... 4 more ..., never>', gave the following error.
    Object literal may only specify known properties, and 'value' does not exist in type '{ key: string | SQL<unknown> | Placeholder<string, any>; }'.
  Overload 2 of 2, '(values: { key: string | SQL<unknown> | Placeholder<string, any>; }[]): PgInsertBase<PgTableWithColumns<{ name: "admin_settings"; schema: undefined; columns: { id: PgColumn<{ name: "id"; tableName: "admin_settings"; ... 12 more ...; generated: undefined; }, {}, {}>; ... 4 more ...; updatedAt: PgColumn<...>; }; dialect: "pg"; }>, ... 4 more ..., never>', gave the following error.
    Object literal may only specify known properties, but 'key' does not exist in type '{ key: string | SQL<unknown> | Placeholder<string, any>; }[]'. Did you mean to write 'keys'?
server/lms-automation-routes.ts(327,7): error TS2769: No overload matches this call.
  Overload 1 of 2, '(value: { action: string | SQL<unknown> | Placeholder<string, any>; }): PgInsertBase<PgTableWithColumns<{ name: "audit_logs"; schema: undefined; columns: { id: PgColumn<{ name: "id"; tableName: "audit_logs"; dataType: "number"; ... 11 more ...; generated: undefined; }, {}, {}>; ... 8 more ...; createdAt: PgColumn<...>; }; dialect: "pg"; }>, ... 4 more ..., never>', gave the following error.
    Object literal may only specify known properties, and 'userId' does not exist in type '{ action: string | SQL<unknown> | Placeholder<string, any>; }'.
  Overload 2 of 2, '(values: { action: string | SQL<unknown> | Placeholder<string, any>; }[]): PgInsertBase<PgTableWithColumns<{ name: "audit_logs"; schema: undefined; columns: { id: PgColumn<{ name: "id"; tableName: "audit_logs"; ... 12 more ...; generated: undefined; }, {}, {}>; ... 8 more ...; createdAt: PgColumn<...>; }; dialect: "pg"; }>, ... 4 more ..., never>', gave the following error.
    Object literal may only specify known properties, and 'userId' does not exist in type '{ action: string | SQL<unknown> | Placeholder<string, any>; }[]'.
server/lms-learning-routes.ts(230,5): error TS2741: Property 'orderBy' is missing in type 'Omit<import("C:/Users/Ekta/Downloads/ZeroPage/ZeroPage/node_modules/drizzle-orm/pg-core/query-builders/select").PgSelectBase<"flashcards", { id: import("C:/Users/Ekta/Downloads/ZeroPage/ZeroPage/node_modules/drizzle-orm/pg-core/columns/common").PgColumn<{ name: "id"; tableName: "flashcards"; dataType: "number"; colu...' but required in type 'Omit<import("C:/Users/Ekta/Downloads/ZeroPage/ZeroPage/node_modules/drizzle-orm/pg-core/query-builders/select").PgSelectBase<"flashcards", { id: import("C:/Users/Ekta/Downloads/ZeroPage/ZeroPage/node_modules/drizzle-orm/pg-core/columns/common").PgColumn<{ name: "id"; tableName: "flashcards"; dataType: "number"; colu...'.
server/lms-routes.ts(145,8): error TS2769: No overload matches this call.
  Overload 1 of 2, '(value: { userId: string | SQL<unknown> | Placeholder<string, any>; chapterContentId: number | SQL<unknown> | Placeholder<string, any>; }): PgInsertBase<PgTableWithColumns<{ name: "user_chapter_sessions"; schema: undefined; columns: { ...; }; dialect: "pg"; }>, ... 4 more ..., never>', gave the following error.
    Object literal may only specify known properties, and 'sectionsViewed' does not exist in type '{ userId: string | SQL<unknown> | Placeholder<string, any>; chapterContentId: number | SQL<unknown> | Placeholder<string, any>; }'.
  Overload 2 of 2, '(values: { userId: string | SQL<unknown> | Placeholder<string, any>; chapterContentId: number | SQL<unknown> | Placeholder<string, any>; }[]): PgInsertBase<PgTableWithColumns<{ name: "user_chapter_sessions"; schema: undefined; columns: { ...; }; dialect: "pg"; }>, ... 4 more ..., never>', gave the following error.
    Object literal may only specify known properties, and 'userId' does not exist in type '{ userId: string | SQL<unknown> | Placeholder<string, any>; chapterContentId: number | SQL<unknown> | Placeholder<string, any>; }[]'.
server/lms-routes.ts(199,9): error TS2353: Object literal may only specify known properties, and 'endedAt' does not exist in type '{ userId?: string | PgColumn<ColumnBaseConfig<ColumnDataType, string>, {}, {}> | SQL<unknown>; chapterContentId?: number | PgColumn<ColumnBaseConfig<ColumnDataType, string>, {}, {}> | SQL<...>; }'.
server/lms-routes.ts(301,15): error TS2769: No overload matches this call.
  Overload 1 of 2, '(value: { userId: string | SQL<unknown> | Placeholder<string, any>; chapterContentId: number | SQL<unknown> | Placeholder<string, any>; }): PgInsertBase<PgTableWithColumns<{ name: "user_chapter_bookmarks"; schema: undefined; columns: { ...; }; dialect: "pg"; }>, ... 4 more ..., never>', gave the following error.
    Argument of type '{}' is not assignable to parameter of type '{ userId: string | SQL<unknown> | Placeholder<string, any>; chapterContentId: number | SQL<unknown> | Placeholder<string, any>; }'.
      Type '{}' is missing the following properties from type '{ userId: string | SQL<unknown> | Placeholder<string, any>; chapterContentId: number | SQL<unknown> | Placeholder<string, any>; }': userId, chapterContentId
  Overload 2 of 2, '(values: { userId: string | SQL<unknown> | Placeholder<string, any>; chapterContentId: number | SQL<unknown> | Placeholder<string, any>; }[]): PgInsertBase<PgTableWithColumns<{ name: "user_chapter_bookmarks"; schema: undefined; columns: { ...; }; dialect: "pg"; }>, ... 4 more ..., never>', gave the following error.
    Argument of type '{}' is not assignable to parameter of type '{ userId: string | SQL<unknown> | Placeholder<string, any>; chapterContentId: number | SQL<unknown> | Placeholder<string, any>; }[]'.
      Type '{}' is missing the following properties from type '{ userId: string | SQL<unknown> | Placeholder<string, any>; chapterContentId: number | SQL<unknown> | Placeholder<string, any>; }[]': length, pop, push, concat, and 29 more.
server/lms-routes.ts(372,15): error TS2769: No overload matches this call.
  Overload 1 of 2, '(value: { userId: string | SQL<unknown> | Placeholder<string, any>; chapterContentId: number | SQL<unknown> | Placeholder<string, any>; noteText: string | SQL<...> | Placeholder<...>; }): PgInsertBase<...>', gave the following error.
    Argument of type '{}' is not assignable to parameter of type '{ userId: string | SQL<unknown> | Placeholder<string, any>; chapterContentId: number | SQL<unknown> | Placeholder<string, any>; noteText: string | SQL<...> | Placeholder<...>; }'.
      Type '{}' is missing the following properties from type '{ userId: string | SQL<unknown> | Placeholder<string, any>; chapterContentId: number | SQL<unknown> | Placeholder<string, any>; noteText: string | SQL<...> | Placeholder<...>; }': userId, chapterContentId, noteText
  Overload 2 of 2, '(values: { userId: string | SQL<unknown> | Placeholder<string, any>; chapterContentId: number | SQL<unknown> | Placeholder<string, any>; noteText: string | SQL<...> | Placeholder<...>; }[]): PgInsertBase<...>', gave the following error.
    Argument of type '{}' is not assignable to parameter of type '{ userId: string | SQL<unknown> | Placeholder<string, any>; chapterContentId: number | SQL<unknown> | Placeholder<string, any>; noteText: string | SQL<...> | Placeholder<...>; }[]'.
      Type '{}' is missing the following properties from type '{ userId: string | SQL<unknown> | Placeholder<string, any>; chapterContentId: number | SQL<unknown> | Placeholder<string, any>; noteText: string | SQL<...> | Placeholder<...>; }[]': length, pop, push, concat, and 29 more.
server/lms-routes.ts(383,53): error TS2339: Property 'chapterContentId' does not exist on type '{}'.
server/lms-routes.ts(393,52): error TS2339: Property 'chapterContentId' does not exist on type '{}'.
server/lms-routes.ts(398,33): error TS2339: Property 'chapterContentId' does not exist on type '{}'.
server/lms-routes.ts(422,9): error TS2353: Object literal may only specify known properties, and 'highlightText' does not exist in type '{ userId?: string | PgColumn<ColumnBaseConfig<ColumnDataType, string>, {}, {}> | SQL<unknown>; chapterContentId?: number | PgColumn<ColumnBaseConfig<ColumnDataType, string>, {}, {}> | SQL<...>; noteText?: string | ... 1 more ... | SQL<...>; }'.
server/mentor-routes.ts(347,8): error TS2769: No overload matches this call.
  Overload 1 of 2, '(value: { userId: string | SQL<unknown> | Placeholder<string, any>; }): PgInsertBase<PgTableWithColumns<{ name: "mentors"; schema: undefined; columns: { id: PgColumn<{ name: "id"; tableName: "mentors"; dataType: "number"; ... 11 more ...; generated: undefined; }, {}, {}>; ... 17 more ...; updatedAt: PgColumn<...>; }; dialect: "pg"; }>, ... 4 more ..., never>', gave the following error.
    Object literal may only specify known properties, and 'bio' does not exist in type '{ userId: string | SQL<unknown> | Placeholder<string, any>; }'.
  Overload 2 of 2, '(values: { userId: string | SQL<unknown> | Placeholder<string, any>; }[]): PgInsertBase<PgTableWithColumns<{ name: "mentors"; schema: undefined; columns: { id: PgColumn<{ name: "id"; tableName: "mentors"; dataType: "number"; ... 11 more ...; generated: undefined; }, {}, {}>; ... 17 more ...; updatedAt: PgColumn<...>; }; dialect: "pg"; }>, ... 4 more ..., never>', gave the following error.
    Object literal may only specify known properties, and 'userId' does not exist in type '{ userId: string | SQL<unknown> | Placeholder<string, any>; }[]'.
server/mentor-routes.ts(548,8): error TS2769: No overload matches this call.
  Overload 1 of 2, '(value: { mentorId: number | SQL<unknown> | Placeholder<string, any>; dayOfWeek: number | SQL<unknown> | Placeholder<string, any>; startTime: string | SQL<unknown> | Placeholder<...>; endTime: string | ... 1 more ... | Placeholder<...>; }): PgInsertBase<...>', gave the following error.
    Object literal may only specify known properties, and 'isRecurring' does not exist in type '{ mentorId: number | SQL<unknown> | Placeholder<string, any>; dayOfWeek: number | SQL<unknown> | Placeholder<string, any>; startTime: string | SQL<unknown> | Placeholder<...>; endTime: string | ... 1 more ... | Placeholder<...>; }'.
  Overload 2 of 2, '(values: { mentorId: number | SQL<unknown> | Placeholder<string, any>; dayOfWeek: number | SQL<unknown> | Placeholder<string, any>; startTime: string | SQL<unknown> | Placeholder<...>; endTime: string | ... 1 more ... | Placeholder<...>; }[]): PgInsertBase<...>', gave the following error.
    Object literal may only specify known properties, and 'mentorId' does not exist in type '{ mentorId: number | SQL<unknown> | Placeholder<string, any>; dayOfWeek: number | SQL<unknown> | Placeholder<string, any>; startTime: string | SQL<unknown> | Placeholder<...>; endTime: string | ... 1 more ... | Placeholder<...>; }[]'.
server/mentor-routes.ts(641,8): error TS2769: No overload matches this call.
  Overload 1 of 2, '(value: { mentorId: number | SQL<unknown> | Placeholder<string, any>; studentId: string | SQL<unknown> | Placeholder<string, any>; startAt: Date | SQL<...> | Placeholder<...>; endAt: Date | ... 1 more ... | Placeholder<...>; priceCents: number | ... 1 more ... | Placeholder<...>; }): PgInsertBase<...>', gave the following error.
    Object literal may only specify known properties, and 'notes' does not exist in type '{ mentorId: number | SQL<unknown> | Placeholder<string, any>; studentId: string | SQL<unknown> | Placeholder<string, any>; startAt: Date | SQL<unknown> | Placeholder<...>; endAt: Date | ... 1 more ... | Placeholder<...>; priceCents: number | ... 1 more ... | Placeholder<...>; }'.
  Overload 2 of 2, '(values: { mentorId: number | SQL<unknown> | Placeholder<string, any>; studentId: string | SQL<unknown> | Placeholder<string, any>; startAt: Date | SQL<...> | Placeholder<...>; endAt: Date | ... 1 more ... | Placeholder<...>; priceCents: number | ... 1 more ... | Placeholder<...>; }[]): PgInsertBase<...>', gave the following error.
    Object literal may only specify known properties, and 'mentorId' does not exist in type '{ mentorId: number | SQL<unknown> | Placeholder<string, any>; studentId: string | SQL<unknown> | Placeholder<string, any>; startAt: Date | SQL<unknown> | Placeholder<...>; endAt: Date | ... 1 more ... | Placeholder<...>; priceCents: number | ... 1 more ... | Placeholder<...>; }[]'.
server/mentor-routes.ts(841,8): error TS2769: No overload matches this call.
  Overload 1 of 2, '(value: { mentorId: number | SQL<unknown> | Placeholder<string, any>; studentId: string | SQL<unknown> | Placeholder<string, any>; rating: number | SQL<unknown> | Placeholder<...>; }): PgInsertBase<...>', gave the following error.
    Object literal may only specify known properties, and 'bookingId' does not exist in type '{ mentorId: number | SQL<unknown> | Placeholder<string, any>; studentId: string | SQL<unknown> | Placeholder<string, any>; rating: number | SQL<unknown> | Placeholder<...>; }'.
  Overload 2 of 2, '(values: { mentorId: number | SQL<unknown> | Placeholder<string, any>; studentId: string | SQL<unknown> | Placeholder<string, any>; rating: number | SQL<unknown> | Placeholder<...>; }[]): PgInsertBase<...>', gave the following error.
    Object literal may only specify known properties, and 'mentorId' does not exist in type '{ mentorId: number | SQL<unknown> | Placeholder<string, any>; studentId: string | SQL<unknown> | Placeholder<string, any>; rating: number | SQL<unknown> | Placeholder<...>; }[]'.
server/mentor-routes.ts(861,9): error TS2353: Object literal may only specify known properties, and 'avgRating' does not exist in type '{ userId?: string | PgColumn<ColumnBaseConfig<ColumnDataType, string>, {}, {}> | SQL<unknown>; }'.
server/mentor-routes.ts(931,9): error TS2353: Object literal may only specify known properties, and 'verificationStatus' does not exist in type '{ userId?: string | PgColumn<ColumnBaseConfig<ColumnDataType, string>, {}, {}> | SQL<unknown>; }'.
server/mentor-routes.ts(940,16): error TS2353: Object literal may only specify known properties, and 'role' does not exist in type '{ name?: string | PgColumn<ColumnBaseConfig<ColumnDataType, string>, {}, {}> | SQL<unknown>; email?: string | PgColumn<ColumnBaseConfig<ColumnDataType, string>, {}, {}> | SQL<...>; passwordHash?: string | ... 1 more ... | SQL<...>; }'.
server/mentor-routes.ts(1026,9): error TS2769: No overload matches this call.
  Overload 1 of 2, '(value: { title: string | SQL<unknown> | Placeholder<string, any>; type: "video" | "image" | "pdf" | "handwritten_note" | SQL<unknown> | Placeholder<string, any>; url: string | ... 1 more ... | Placeholder<...>; }): PgInsertBase<...>', gave the following error.
    Object literal may only specify known properties, and 'mentorId' does not exist in type '{ title: string | SQL<unknown> | Placeholder<string, any>; type: "video" | "image" | "pdf" | "handwritten_note" | SQL<unknown> | Placeholder<string, any>; url: string | ... 1 more ... | Placeholder<...>; }'.
  Overload 2 of 2, '(values: { title: string | SQL<unknown> | Placeholder<string, any>; type: "video" | "image" | "pdf" | "handwritten_note" | SQL<unknown> | Placeholder<string, any>; url: string | ... 1 more ... | Placeholder<...>; }[]): PgInsertBase<...>', gave the following error.
    Object literal may only specify known properties, and 'mentorId' does not exist in type '{ title: string | SQL<unknown> | Placeholder<string, any>; type: "video" | "image" | "pdf" | "handwritten_note" | SQL<unknown> | Placeholder<string, any>; url: string | ... 1 more ... | Placeholder<...>; }[]'.
server/mentor-routes.ts(1335,8): error TS2769: No overload matches this call.
  Overload 1 of 2, '(value: { mentorId: number | SQL<unknown> | Placeholder<string, any>; amountCents: number | SQL<unknown> | Placeholder<string, any>; periodStart: Date | SQL<...> | Placeholder<...>; periodEnd: Date | ... 1 more ... | Placeholder<...>; }): PgInsertBase<...>', gave the following error.
    Object literal may only specify known properties, and 'status' does not exist in type '{ mentorId: number | SQL<unknown> | Placeholder<string, any>; amountCents: number | SQL<unknown> | Placeholder<string, any>; periodStart: Date | SQL<...> | Placeholder<...>; periodEnd: Date | ... 1 more ... | Placeholder<...>; }'.
  Overload 2 of 2, '(values: { mentorId: number | SQL<unknown> | Placeholder<string, any>; amountCents: number | SQL<unknown> | Placeholder<string, any>; periodStart: Date | SQL<...> | Placeholder<...>; periodEnd: Date | ... 1 more ... | Placeholder<...>; }[]): PgInsertBase<...>', gave the following error.
    Object literal may only specify known properties, and 'mentorId' does not exist in type '{ mentorId: number | SQL<unknown> | Placeholder<string, any>; amountCents: number | SQL<unknown> | Placeholder<string, any>; periodStart: Date | SQL<...> | Placeholder<...>; periodEnd: Date | ... 1 more ... | Placeholder<...>; }[]'.
server/mock-test-routes.ts(131,51): error TS2769: No overload matches this call.
  Overload 1 of 2, '(value: { userId: string | SQL<unknown> | Placeholder<string, any>; testType: string | SQL<unknown> | Placeholder<string, any>; questionsList: number[] | SQL<...> | Placeholder<...>; endsAt: Date | ... 1 more ... | Placeholder<...>; }): PgInsertBase<...>', gave the following error.
    Object literal may only specify known properties, and 'startedAt' does not exist in type '{ userId: string | SQL<unknown> | Placeholder<string, any>; testType: string | SQL<unknown> | Placeholder<string, any>; questionsList: number[] | SQL<unknown> | Placeholder<...>; endsAt: Date | ... 1 more ... | Placeholder<...>; }'.
  Overload 2 of 2, '(values: { userId: string | SQL<unknown> | Placeholder<string, any>; testType: string | SQL<unknown> | Placeholder<string, any>; questionsList: number[] | SQL<...> | Placeholder<...>; endsAt: Date | ... 1 more ... | Placeholder<...>; }[]): PgInsertBase<...>', gave the following error.
    Object literal may only specify known properties, and 'userId' does not exist in type '{ userId: string | SQL<unknown> | Placeholder<string, any>; testType: string | SQL<unknown> | Placeholder<string, any>; questionsList: number[] | SQL<unknown> | Placeholder<...>; endsAt: Date | ... 1 more ... | Placeholder<...>; }[]'.
server/mock-test-routes.ts(165,9): error TS2353: Object literal may only specify known properties, and 'status' does not exist in type '{ userId?: string | PgColumn<ColumnBaseConfig<ColumnDataType, string>, {}, {}> | SQL<unknown>; testType?: string | PgColumn<ColumnBaseConfig<ColumnDataType, string>, {}, {}> | SQL<...>; questionsList?: number[] | ... 1 more ... | SQL<...>; endsAt?: Date | ... 1 more ... | SQL<...>; }'.
server/mock-test-routes.ts(172,39): error TS2769: No overload matches this call.
  Overload 1 of 2, '(value: { source: string | SQL<unknown> | Placeholder<string, any>; amount: number | SQL<unknown> | Placeholder<string, any>; userId: string | SQL<unknown> | Placeholder<...>; }): PgInsertBase<...>', gave the following error.
    Object literal may only specify known properties, but 'sourceId' does not exist in type '{ source: string | SQL<unknown> | Placeholder<string, any>; amount: number | SQL<unknown> | Placeholder<string, any>; userId: string | SQL<unknown> | Placeholder<...>; }'. Did you mean to write 'source'?
  Overload 2 of 2, '(values: { source: string | SQL<unknown> | Placeholder<string, any>; amount: number | SQL<unknown> | Placeholder<string, any>; userId: string | SQL<unknown> | Placeholder<...>; }[]): PgInsertBase<...>', gave the following error.
    Object literal may only specify known properties, and 'userId' does not exist in type '{ source: string | SQL<unknown> | Placeholder<string, any>; amount: number | SQL<unknown> | Placeholder<string, any>; userId: string | SQL<unknown> | Placeholder<...>; }[]'.
server/question-set-generator.ts(689,55): error TS2769: No overload matches this call.
  Overload 1 of 2, '(value: { subject: string | SQL<unknown> | Placeholder<string, any>; classLevel: string | SQL<unknown> | Placeholder<string, any>; topicName: string | SQL<unknown> | Placeholder<...>; }): PgInsertBase<...>', gave the following error.
    Object literal may only specify known properties, and 'ncertChapter' does not exist in type '{ subject: string | SQL<unknown> | Placeholder<string, any>; classLevel: string | SQL<unknown> | Placeholder<string, any>; topicName: string | SQL<unknown> | Placeholder<...>; }'.
  Overload 2 of 2, '(values: { subject: string | SQL<unknown> | Placeholder<string, any>; classLevel: string | SQL<unknown> | Placeholder<string, any>; topicName: string | SQL<unknown> | Placeholder<...>; }[]): PgInsertBase<...>', gave the following error.
    Object literal may only specify known properties, and 'subject' does not exist in type '{ subject: string | SQL<unknown> | Placeholder<string, any>; classLevel: string | SQL<unknown> | Placeholder<string, any>; topicName: string | SQL<unknown> | Placeholder<...>; }[]'.
server/question-set-generator.ts(709,23): error TS2345: Argument of type '{}[]' is not assignable to parameter of type 'PgTable<TableConfig>'.
  Type '{}[]' is missing the following properties from type 'PgTable<TableConfig>': _, $inferSelect, $inferInsert, getSQL
server/routes.ts(556,14): error TS2769: No overload matches this call.
  Overload 1 of 2, '(value: { userId: string | SQL<unknown> | Placeholder<string, any>; }): PgInsertBase<PgTableWithColumns<{ name: "question_preview_limits"; schema: undefined; columns: { userId: PgColumn<{ name: "user_id"; tableName: "question_preview_limits"; ... 12 more ...; generated: undefined; }, {}, { ...; }>; previewedQuestionIds: PgColumn<...>; lastAccessedAt: PgColumn<...>; }; dialect: "pg"; }>, ... 4 more ..., never>', gave the following error.
    Object literal may only specify known properties, and 'previewedQuestionIds' does not exist in type '{ userId: string | SQL<unknown> | Placeholder<string, any>; }'.
  Overload 2 of 2, '(values: { userId: string | SQL<unknown> | Placeholder<string, any>; }[]): PgInsertBase<PgTableWithColumns<{ name: "question_preview_limits"; schema: undefined; columns: { userId: PgColumn<{ name: "user_id"; ... 13 more ...; generated: undefined; }, {}, { ...; }>; previewedQuestionIds: PgColumn<...>; lastAccessedAt: PgColumn<...>; }; dialect: "pg"; }>, ... 4 more ..., never>', gave the following error.
    Object literal may only specify known properties, and 'userId' does not exist in type '{ userId: string | SQL<unknown> | Placeholder<string, any>; }[]'.
server/routes.ts(564,17): error TS2353: Object literal may only specify known properties, and 'previewedQuestionIds' does not exist in type 'PgUpdateSetSource<PgTableWithColumns<{ name: "question_preview_limits"; schema: undefined; columns: { userId: PgColumn<{ name: "user_id"; tableName: "question_preview_limits"; dataType: "string"; columnType: "PgVarchar"; data: string; ... 9 more ...; generated: undefined; }, {}, { ...; }>; previewedQuestionIds: PgCo...'.
server/routes.ts(662,9): error TS2741: Property 'where' is missing in type 'Omit<import("C:/Users/Ekta/Downloads/ZeroPage/ZeroPage/node_modules/drizzle-orm/pg-core/query-builders/select").PgSelectBase<"questions", { question: import("C:/Users/Ekta/Downloads/ZeroPage/ZeroPage/node_modules/drizzle-orm/pg-core/table").PgTableWithColumns<{ name: "questions"; schema: undefined; columns: { id: im...' but required in type 'Omit<import("C:/Users/Ekta/Downloads/ZeroPage/ZeroPage/node_modules/drizzle-orm/pg-core/query-builders/select").PgSelectBase<"questions", { question: import("C:/Users/Ekta/Downloads/ZeroPage/ZeroPage/node_modules/drizzle-orm/pg-core/table").PgTableWithColumns<{ name: "questions"; schema: undefined; columns: { id: im...'.
server/routes.ts(794,14): error TS2769: No overload matches this call.
  Overload 1 of 2, '(value: { userId: string | SQL<unknown> | Placeholder<string, any>; }): PgInsertBase<PgTableWithColumns<{ name: "question_preview_limits"; schema: undefined; columns: { userId: PgColumn<{ name: "user_id"; tableName: "question_preview_limits"; ... 12 more ...; generated: undefined; }, {}, { ...; }>; previewedQuestionIds: PgColumn<...>; lastAccessedAt: PgColumn<...>; }; dialect: "pg"; }>, ... 4 more ..., never>', gave the following error.
    Object literal may only specify known properties, and 'previewedQuestionIds' does not exist in type '{ userId: string | SQL<unknown> | Placeholder<string, any>; }'.
  Overload 2 of 2, '(values: { userId: string | SQL<unknown> | Placeholder<string, any>; }[]): PgInsertBase<PgTableWithColumns<{ name: "question_preview_limits"; schema: undefined; columns: { userId: PgColumn<{ name: "user_id"; ... 13 more ...; generated: undefined; }, {}, { ...; }>; previewedQuestionIds: PgColumn<...>; lastAccessedAt: PgColumn<...>; }; dialect: "pg"; }>, ... 4 more ..., never>', gave the following error.
    Object literal may only specify known properties, and 'userId' does not exist in type '{ userId: string | SQL<unknown> | Placeholder<string, any>; }[]'.
server/routes.ts(797,22): error TS2353: Object literal may only specify known properties, and 'previewedQuestionIds' does not exist in type 'PgUpdateSetSource<PgTableWithColumns<{ name: "question_preview_limits"; schema: undefined; columns: { userId: PgColumn<{ name: "user_id"; tableName: "question_preview_limits"; dataType: "string"; columnType: "PgVarchar"; data: string; ... 9 more ...; generated: undefined; }, {}, { ...; }>; previewedQuestionIds: PgCo...'.
server/seed-achievements.ts(86,35): error TS2769: No overload matches this call.
  Overload 1 of 2, '(value: { name: string | SQL<unknown> | Placeholder<string, any>; description: string | SQL<unknown> | Placeholder<string, any>; icon: string | SQL<unknown> | Placeholder<...>; category: string | ... 1 more ... | Placeholder<...>; unlockCondition: SQL<...> | ... 1 more ... | Placeholder<...>; }): PgInsertBase<...>', gave the following error.
    Object literal may only specify known properties, and 'rarity' does not exist in type '{ name: string | SQL<unknown> | Placeholder<string, any>; description: string | SQL<unknown> | Placeholder<string, any>; icon: string | SQL<unknown> | Placeholder<...>; category: string | ... 1 more ... | Placeholder<...>; unlockCondition: SQL<...> | ... 1 more ... | Placeholder<...>; }'.
  Overload 2 of 2, '(values: { name: string | SQL<unknown> | Placeholder<string, any>; description: string | SQL<unknown> | Placeholder<string, any>; icon: string | SQL<unknown> | Placeholder<...>; category: string | ... 1 more ... | Placeholder<...>; unlockCondition: SQL<...> | ... 1 more ... | Placeholder<...>; }[]): PgInsertBase<...>', gave the following error.
    Object literal may only specify known properties, and 'name' does not exist in type '{ name: string | SQL<unknown> | Placeholder<string, any>; description: string | SQL<unknown> | Placeholder<string, any>; icon: string | SQL<unknown> | Placeholder<...>; category: string | ... 1 more ... | Placeholder<...>; unlockCondition: SQL<...> | ... 1 more ... | Placeholder<...>; }[]'.
server/seed-daily-challenges.ts(50,40): error TS2769: No overload matches this call.
  Overload 1 of 2, '(value: { title: string | SQL<unknown> | Placeholder<string, any>; description: string | SQL<unknown> | Placeholder<string, any>; challengeDate: Date | SQL<...> | Placeholder<...>; targetType: string | ... 1 more ... | Placeholder<...>; targetValue: number | ... 1 more ... | Placeholder<...>; }): PgInsertBase<...>', gave the following error.
    Object literal may only specify known properties, and 'xpReward' does not exist in type '{ title: string | SQL<unknown> | Placeholder<string, any>; description: string | SQL<unknown> | Placeholder<string, any>; challengeDate: Date | SQL<...> | Placeholder<...>; targetType: string | ... 1 more ... | Placeholder<...>; targetValue: number | ... 1 more ... | Placeholder<...>; }'.
  Overload 2 of 2, '(values: { title: string | SQL<unknown> | Placeholder<string, any>; description: string | SQL<unknown> | Placeholder<string, any>; challengeDate: Date | SQL<...> | Placeholder<...>; targetType: string | ... 1 more ... | Placeholder<...>; targetValue: number | ... 1 more ... | Placeholder<...>; }[]): PgInsertBase<...>', gave the following error.
    Object literal may only specify known properties, and 'challengeDate' does not exist in type '{ title: string | SQL<unknown> | Placeholder<string, any>; description: string | SQL<unknown> | Placeholder<string, any>; challengeDate: Date | SQL<...> | Placeholder<...>; targetType: string | ... 1 more ... | Placeholder<...>; targetValue: number | ... 1 more ... | Placeholder<...>; }[]'.
server/seed.ts(8,63): error TS2769: No overload matches this call.
  Overload 1 of 2, '(value: { subject: string | SQL<unknown> | Placeholder<string, any>; classLevel: string | SQL<unknown> | Placeholder<string, any>; topicName: string | SQL<unknown> | Placeholder<...>; }): PgInsertBase<...>', gave the following error.
    Argument of type '{ subject: string; classLevel: string; topicName: string; ncertChapter: string; referenceBooks: string[]; }[]' is not assignable to parameter of type '{ subject: string | SQL<unknown> | Placeholder<string, any>; classLevel: string | SQL<unknown> | Placeholder<string, any>; topicName: string | SQL<unknown> | Placeholder<...>; }'.
      Type '{ subject: string; classLevel: string; topicName: string; ncertChapter: string; referenceBooks: string[]; }[]' is missing the following properties from type '{ subject: string | SQL<unknown> | Placeholder<string, any>; classLevel: string | SQL<unknown> | Placeholder<string, any>; topicName: string | SQL<unknown> | Placeholder<...>; }': subject, classLevel, topicName
server/seed.ts(33,65): error TS2769: No overload matches this call.
  Overload 1 of 2, '(value: { subject: string | SQL<unknown> | Placeholder<string, any>; classLevel: string | SQL<unknown> | Placeholder<string, any>; topicName: string | SQL<unknown> | Placeholder<...>; }): PgInsertBase<...>', gave the following error.
    Argument of type '{ subject: string; classLevel: string; topicName: string; ncertChapter: string; referenceBooks: string[]; }[]' is not assignable to parameter of type '{ subject: string | SQL<unknown> | Placeholder<string, any>; classLevel: string | SQL<unknown> | Placeholder<string, any>; topicName: string | SQL<unknown> | Placeholder<...>; }'.
      Type '{ subject: string; classLevel: string; topicName: string; ncertChapter: string; referenceBooks: string[]; }[]' is missing the following properties from type '{ subject: string | SQL<unknown> | Placeholder<string, any>; classLevel: string | SQL<unknown> | Placeholder<string, any>; topicName: string | SQL<unknown> | Placeholder<...>; }': subject, classLevel, topicName
server/seed.ts(58,62): error TS2769: No overload matches this call.
  Overload 1 of 2, '(value: { subject: string | SQL<unknown> | Placeholder<string, any>; classLevel: string | SQL<unknown> | Placeholder<string, any>; topicName: string | SQL<unknown> | Placeholder<...>; }): PgInsertBase<...>', gave the following error.
    Argument of type '{ subject: string; classLevel: string; topicName: string; ncertChapter: string; referenceBooks: string[]; }[]' is not assignable to parameter of type '{ subject: string | SQL<unknown> | Placeholder<string, any>; classLevel: string | SQL<unknown> | Placeholder<string, any>; topicName: string | SQL<unknown> | Placeholder<...>; }'.
      Type '{ subject: string; classLevel: string; topicName: string; ncertChapter: string; referenceBooks: string[]; }[]' is missing the following properties from type '{ subject: string | SQL<unknown> | Placeholder<string, any>; classLevel: string | SQL<unknown> | Placeholder<string, any>; topicName: string | SQL<unknown> | Placeholder<...>; }': subject, classLevel, topicName
server/seed.ts(83,63): error TS2769: No overload matches this call.
  Overload 1 of 2, '(value: { subject: string | SQL<unknown> | Placeholder<string, any>; classLevel: string | SQL<unknown> | Placeholder<string, any>; topicName: string | SQL<unknown> | Placeholder<...>; }): PgInsertBase<...>', gave the following error.
    Argument of type '{ subject: string; classLevel: string; topicName: string; ncertChapter: string; referenceBooks: string[]; }[]' is not assignable to parameter of type '{ subject: string | SQL<unknown> | Placeholder<string, any>; classLevel: string | SQL<unknown> | Placeholder<string, any>; topicName: string | SQL<unknown> | Placeholder<...>; }'.
      Type '{ subject: string; classLevel: string; topicName: string; ncertChapter: string; referenceBooks: string[]; }[]' is missing the following properties from type '{ subject: string | SQL<unknown> | Placeholder<string, any>; classLevel: string | SQL<unknown> | Placeholder<string, any>; topicName: string | SQL<unknown> | Placeholder<...>; }': subject, classLevel, topicName
server/seed.ts(110,37): error TS2769: No overload matches this call.
  Overload 1 of 2, '(value: { options: SQL<unknown> | { id: string; text: string; }[] | Placeholder<string, any>; correctAnswer: string | SQL<unknown> | Placeholder<string, any>; topicId: number | ... 1 more ... | Placeholder<...>; questionText: string | ... 1 more ... | Placeholder<...>; solutionDetail: string | ... 1 more ... | Placeholder<...>; difficultyLevel: number | ... 1 more ... | Placeholder<...>; sourceType: string | ... 1 more ... | Placeholder<...>; }): PgInsertBase<...>', gave the following error.
    Argument of type '{ topicId: number; questionText: string; options: { id: string; text: string; }[]; correctAnswer: string; solutionDetail: string; solutionSteps: string[]; difficultyLevel: number; sourceType: string; relatedTopics: string[]; }[]' is not assignable to parameter of type '{ options: SQL<unknown> | { id: string; text: string; }[] | Placeholder<string, any>; correctAnswer: string | SQL<unknown> | Placeholder<string, any>; topicId: number | ... 1 more ... | Placeholder<...>; questionText: string | ... 1 more ... | Placeholder<...>; solutionDetail: string | ... 1 more ... | Placeholder<....'.
      Type '{ topicId: number; questionText: string; options: { id: string; text: string; }[]; correctAnswer: string; solutionDetail: string; solutionSteps: string[]; difficultyLevel: number; sourceType: string; relatedTopics: string[]; }[]' is missing the following properties from type '{ options: SQL<unknown> | { id: string; text: string; }[] | Placeholder<string, any>; correctAnswer: string | SQL<unknown> | Placeholder<string, any>; topicId: number | ... 1 more ... | Placeholder<...>; questionText: string | ... 1 more ... | Placeholder<...>; solutionDetail: string | ... 1 more ... | Placeholder<....': options, correctAnswer, topicId, questionText, and 3 more.
server/seed.ts(325,37): error TS2769: No overload matches this call.
  Overload 1 of 2, '(value: { options: SQL<unknown> | { id: string; text: string; }[] | Placeholder<string, any>; correctAnswer: string | SQL<unknown> | Placeholder<string, any>; topicId: number | ... 1 more ... | Placeholder<...>; questionText: string | ... 1 more ... | Placeholder<...>; solutionDetail: string | ... 1 more ... | Placeholder<...>; difficultyLevel: number | ... 1 more ... | Placeholder<...>; sourceType: string | ... 1 more ... | Placeholder<...>; }): PgInsertBase<...>', gave the following error.
    Argument of type '{ topicId: number; questionText: string; options: { id: string; text: string; }[]; correctAnswer: string; solutionDetail: string; solutionSteps: string[]; difficultyLevel: number; sourceType: string; relatedTopics: string[]; }[]' is not assignable to parameter of type '{ options: SQL<unknown> | { id: string; text: string; }[] | Placeholder<string, any>; correctAnswer: string | SQL<unknown> | Placeholder<string, any>; topicId: number | ... 1 more ... | Placeholder<...>; questionText: string | ... 1 more ... | Placeholder<...>; solutionDetail: string | ... 1 more ... | Placeholder<....'.
      Type '{ topicId: number; questionText: string; options: { id: string; text: string; }[]; correctAnswer: string; solutionDetail: string; solutionSteps: string[]; difficultyLevel: number; sourceType: string; relatedTopics: string[]; }[]' is missing the following properties from type '{ options: SQL<unknown> | { id: string; text: string; }[] | Placeholder<string, any>; correctAnswer: string | SQL<unknown> | Placeholder<string, any>; topicId: number | ... 1 more ... | Placeholder<...>; questionText: string | ... 1 more ... | Placeholder<...>; solutionDetail: string | ... 1 more ... | Placeholder<....': options, correctAnswer, topicId, questionText, and 3 more.
server/seed.ts(564,37): error TS2769: No overload matches this call.
  Overload 1 of 2, '(value: { options: SQL<unknown> | { id: string; text: string; }[] | Placeholder<string, any>; correctAnswer: string | SQL<unknown> | Placeholder<string, any>; topicId: number | ... 1 more ... | Placeholder<...>; questionText: string | ... 1 more ... | Placeholder<...>; solutionDetail: string | ... 1 more ... | Placeholder<...>; difficultyLevel: number | ... 1 more ... | Placeholder<...>; sourceType: string | ... 1 more ... | Placeholder<...>; }): PgInsertBase<...>', gave the following error.
    Argument of type '{ topicId: number; questionText: string; options: { id: string; text: string; }[]; correctAnswer: string; solutionDetail: string; solutionSteps: string[]; difficultyLevel: number; sourceType: string; relatedTopics: string[]; }[]' is not assignable to parameter of type '{ options: SQL<unknown> | { id: string; text: string; }[] | Placeholder<string, any>; correctAnswer: string | SQL<unknown> | Placeholder<string, any>; topicId: number | ... 1 more ... | Placeholder<...>; questionText: string | ... 1 more ... | Placeholder<...>; solutionDetail: string | ... 1 more ... | Placeholder<....'.
      Type '{ topicId: number; questionText: string; options: { id: string; text: string; }[]; correctAnswer: string; solutionDetail: string; solutionSteps: string[]; difficultyLevel: number; sourceType: string; relatedTopics: string[]; }[]' is missing the following properties from type '{ options: SQL<unknown> | { id: string; text: string; }[] | Placeholder<string, any>; correctAnswer: string | SQL<unknown> | Placeholder<string, any>; topicId: number | ... 1 more ... | Placeholder<...>; questionText: string | ... 1 more ... | Placeholder<...>; solutionDetail: string | ... 1 more ... | Placeholder<....': options, correctAnswer, topicId, questionText, and 3 more.
server/seed.ts(759,37): error TS2769: No overload matches this call.
  Overload 1 of 2, '(value: { options: SQL<unknown> | { id: string; text: string; }[] | Placeholder<string, any>; correctAnswer: string | SQL<unknown> | Placeholder<string, any>; topicId: number | ... 1 more ... | Placeholder<...>; questionText: string | ... 1 more ... | Placeholder<...>; solutionDetail: string | ... 1 more ... | Placeholder<...>; difficultyLevel: number | ... 1 more ... | Placeholder<...>; sourceType: string | ... 1 more ... | Placeholder<...>; }): PgInsertBase<...>', gave the following error.
    Argument of type '{ topicId: number; questionText: string; options: { id: string; text: string; }[]; correctAnswer: string; solutionDetail: string; solutionSteps: string[]; difficultyLevel: number; sourceType: string; relatedTopics: string[]; }[]' is not assignable to parameter of type '{ options: SQL<unknown> | { id: string; text: string; }[] | Placeholder<string, any>; correctAnswer: string | SQL<unknown> | Placeholder<string, any>; topicId: number | ... 1 more ... | Placeholder<...>; questionText: string | ... 1 more ... | Placeholder<...>; solutionDetail: string | ... 1 more ... | Placeholder<....'.
      Type '{ topicId: number; questionText: string; options: { id: string; text: string; }[]; correctAnswer: string; solutionDetail: string; solutionSteps: string[]; difficultyLevel: number; sourceType: string; relatedTopics: string[]; }[]' is missing the following properties from type '{ options: SQL<unknown> | { id: string; text: string; }[] | Placeholder<string, any>; correctAnswer: string | SQL<unknown> | Placeholder<string, any>; topicId: number | ... 1 more ... | Placeholder<...>; questionText: string | ... 1 more ... | Placeholder<...>; solutionDetail: string | ... 1 more ... | Placeholder<....': options, correctAnswer, topicId, questionText, and 3 more.
server/seeds/add-more-physics-questions.ts(24,34): error TS2339: Property 'chapterNumber' does not exist on type '{ id: number; subject: string; classLevel: string; topicName: string; ncertChapter: string; referenceBooks: string[]; }'.
server/seeds/add-more-physics-questions.ts(40,19): error TS2339: Property 'chapterNumber' does not exist on type '{ id: number; subject: string; classLevel: string; topicName: string; ncertChapter: string; referenceBooks: string[]; }'.
server/seeds/chemistry-class11-chapters-1-5.ts(483,11): error TS2353: Object literal may only specify known properties, and 'keyConcepts' does not exist in type 'PgUpdateSetSource<PgTableWithColumns<{ name: "chapter_content"; schema: undefined; columns: { id: PgColumn<{ name: "id"; tableName: "chapter_content"; dataType: "number"; columnType: "PgSerial"; data: number; driverParam: number; notNull: true; ... 7 more ...; generated: undefined; }, {}, {}>; ... 33 more ...; updat...'.
server/seeds/chemistry-class11-chapters-4-5.ts(512,11): error TS2353: Object literal may only specify known properties, and 'keyConcepts' does not exist in type 'PgUpdateSetSource<PgTableWithColumns<{ name: "chapter_content"; schema: undefined; columns: { id: PgColumn<{ name: "id"; tableName: "chapter_content"; dataType: "number"; columnType: "PgSerial"; data: number; driverParam: number; notNull: true; ... 7 more ...; generated: undefined; }, {}, {}>; ... 33 more ...; updat...'.
server/seeds/physics-class11-chapters-11-15.ts(980,11): error TS2353: Object literal may only specify known properties, and 'keyConcepts' does not exist in type 'PgUpdateSetSource<PgTableWithColumns<{ name: "chapter_content"; schema: undefined; columns: { id: PgColumn<{ name: "id"; tableName: "chapter_content"; dataType: "number"; columnType: "PgSerial"; data: number; driverParam: number; notNull: true; ... 7 more ...; generated: undefined; }, {}, {}>; ... 33 more ...; updat...'.
server/seeds/physics-class11-chapters-6-10.ts(841,11): error TS2353: Object literal may only specify known properties, and 'keyConcepts' does not exist in type 'PgUpdateSetSource<PgTableWithColumns<{ name: "chapter_content"; schema: undefined; columns: { id: PgColumn<{ name: "id"; tableName: "chapter_content"; dataType: "number"; columnType: "PgSerial"; data: number; driverParam: number; notNull: true; ... 7 more ...; generated: undefined; }, {}, {}>; ... 33 more ...; updat...'.
server/seeds/physics-class11-chapters.ts(1106,13): error TS2353: Object literal may only specify known properties, and 'keyConcepts' does not exist in type 'PgUpdateSetSource<PgTableWithColumns<{ name: "chapter_content"; schema: undefined; columns: { id: PgColumn<{ name: "id"; tableName: "chapter_content"; dataType: "number"; columnType: "PgSerial"; data: number; driverParam: number; notNull: true; ... 7 more ...; generated: undefined; }, {}, {}>; ... 33 more ...; updat...'.
server/seeds/QUICK_FIX_add_50_questions_per_chapter.ts(39,56): error TS2339: Property 'chapterNumber' does not exist on type '{ id: number; subject: string; classLevel: string; topicName: string; ncertChapter: string; referenceBooks: string[]; }'.
server/seeds/QUICK_FIX_add_50_questions_per_chapter.ts(86,69): error TS2339: Property 'chapterNumber' does not exist on type '{ id: number; subject: string; classLevel: string; topicName: string; ncertChapter: string; referenceBooks: string[]; }'.
server/seeds/QUICK_FIX_add_50_questions_per_chapter.ts(99,55): error TS2339: Property 'chapterNumber' does not exist on type '{ id: number; subject: string; classLevel: string; topicName: string; ncertChapter: string; referenceBooks: string[]; }'.
server/seeds/seed-all-physics-content.ts(3278,12): error TS2769: No overload matches this call.
  Overload 1 of 2, '(value: { subject: string | SQL<unknown> | Placeholder<string, any>; classLevel: string | SQL<unknown> | Placeholder<string, any>; topicName: string | SQL<unknown> | Placeholder<...>; }): PgInsertBase<...>', gave the following error.
    Object literal may only specify known properties, and 'ncertChapter' does not exist in type '{ subject: string | SQL<unknown> | Placeholder<string, any>; classLevel: string | SQL<unknown> | Placeholder<string, any>; topicName: string | SQL<unknown> | Placeholder<...>; }'.
  Overload 2 of 2, '(values: { subject: string | SQL<unknown> | Placeholder<string, any>; classLevel: string | SQL<unknown> | Placeholder<string, any>; topicName: string | SQL<unknown> | Placeholder<...>; }[]): PgInsertBase<...>', gave the following error.
    Object literal may only specify known properties, and 'subject' does not exist in type '{ subject: string | SQL<unknown> | Placeholder<string, any>; classLevel: string | SQL<unknown> | Placeholder<string, any>; topicName: string | SQL<unknown> | Placeholder<...>; }[]'.
server/seeds/seed-biology-ch10-cell-cycle.ts(7,35): error TS2769: No overload matches this call.
  Overload 1 of 2, '(value: { subject: string | SQL<unknown> | Placeholder<string, any>; chapterTitle: string | SQL<unknown> | Placeholder<string, any>; classLevel: string | SQL<...> | Placeholder<...>; chapterNumber: number | ... 1 more ... | Placeholder<...>; introduction: string | ... 1 more ... | Placeholder<...>; detailedNotes: string | ... 1 more ... | Placeholder<...>; }): PgInsertBase<...>', gave the following error.
    Object literal may only specify known properties, and 'keyConcepts' does not exist in type '{ subject: string | SQL<unknown> | Placeholder<string, any>; chapterTitle: string | SQL<unknown> | Placeholder<string, any>; classLevel: string | SQL<unknown> | Placeholder<...>; chapterNumber: number | ... 1 more ... | Placeholder<...>; introduction: string | ... 1 more ... | Placeholder<...>; detailedNotes: string...'.
  Overload 2 of 2, '(values: { subject: string | SQL<unknown> | Placeholder<string, any>; chapterTitle: string | SQL<unknown> | Placeholder<string, any>; classLevel: string | SQL<...> | Placeholder<...>; chapterNumber: number | ... 1 more ... | Placeholder<...>; introduction: string | ... 1 more ... | Placeholder<...>; detailedNotes: string | ... 1 more ... | Placeholder<...>; }[]): PgInsertBase<...>', gave the following error.
    Object literal may only specify known properties, and 'subject' does not exist in type '{ subject: string | SQL<unknown> | Placeholder<string, any>; chapterTitle: string | SQL<unknown> | Placeholder<string, any>; classLevel: string | SQL<unknown> | Placeholder<...>; chapterNumber: number | ... 1 more ... | Placeholder<...>; introduction: string | ... 1 more ... | Placeholder<...>; detailedNotes: string...'.
server/seeds/seed-biology-ch10-cell-cycle.ts(595,7): error TS2353: Object literal may only specify known properties, and 'keyConcepts' does not exist in type 'PgUpdateSetSource<PgTableWithColumns<{ name: "chapter_content"; schema: undefined; columns: { id: PgColumn<{ name: "id"; tableName: "chapter_content"; dataType: "number"; columnType: "PgSerial"; data: number; driverParam: number; notNull: true; ... 7 more ...; generated: undefined; }, {}, {}>; ... 33 more ...; updat...'.
server/seeds/seed-biology-ch11-transport-plants.ts(7,35): error TS2769: No overload matches this call.
  Overload 1 of 2, '(value: { subject: string | SQL<unknown> | Placeholder<string, any>; chapterTitle: string | SQL<unknown> | Placeholder<string, any>; classLevel: string | SQL<...> | Placeholder<...>; chapterNumber: number | ... 1 more ... | Placeholder<...>; introduction: string | ... 1 more ... | Placeholder<...>; detailedNotes: string | ... 1 more ... | Placeholder<...>; }): PgInsertBase<...>', gave the following error.
    Object literal may only specify known properties, and 'keyConcepts' does not exist in type '{ subject: string | SQL<unknown> | Placeholder<string, any>; chapterTitle: string | SQL<unknown> | Placeholder<string, any>; classLevel: string | SQL<unknown> | Placeholder<...>; chapterNumber: number | ... 1 more ... | Placeholder<...>; introduction: string | ... 1 more ... | Placeholder<...>; detailedNotes: string...'.
  Overload 2 of 2, '(values: { subject: string | SQL<unknown> | Placeholder<string, any>; chapterTitle: string | SQL<unknown> | Placeholder<string, any>; classLevel: string | SQL<...> | Placeholder<...>; chapterNumber: number | ... 1 more ... | Placeholder<...>; introduction: string | ... 1 more ... | Placeholder<...>; detailedNotes: string | ... 1 more ... | Placeholder<...>; }[]): PgInsertBase<...>', gave the following error.
    Object literal may only specify known properties, and 'subject' does not exist in type '{ subject: string | SQL<unknown> | Placeholder<string, any>; chapterTitle: string | SQL<unknown> | Placeholder<string, any>; classLevel: string | SQL<unknown> | Placeholder<...>; chapterNumber: number | ... 1 more ... | Placeholder<...>; introduction: string | ... 1 more ... | Placeholder<...>; detailedNotes: string...'.
server/seeds/seed-biology-ch11-transport-plants.ts(777,7): error TS2353: Object literal may only specify known properties, and 'keyConcepts' does not exist in type 'PgUpdateSetSource<PgTableWithColumns<{ name: "chapter_content"; schema: undefined; columns: { id: PgColumn<{ name: "id"; tableName: "chapter_content"; dataType: "number"; columnType: "PgSerial"; data: number; driverParam: number; notNull: true; ... 7 more ...; generated: undefined; }, {}, {}>; ... 33 more ...; updat...'.
server/seeds/seed-biology-ch12-mineral-nutrition.ts(7,35): error TS2769: No overload matches this call.
  Overload 1 of 2, '(value: { subject: string | SQL<unknown> | Placeholder<string, any>; chapterTitle: string | SQL<unknown> | Placeholder<string, any>; classLevel: string | SQL<...> | Placeholder<...>; chapterNumber: number | ... 1 more ... | Placeholder<...>; introduction: string | ... 1 more ... | Placeholder<...>; detailedNotes: string | ... 1 more ... | Placeholder<...>; }): PgInsertBase<...>', gave the following error.
    Object literal may only specify known properties, and 'keyConcepts' does not exist in type '{ subject: string | SQL<unknown> | Placeholder<string, any>; chapterTitle: string | SQL<unknown> | Placeholder<string, any>; classLevel: string | SQL<unknown> | Placeholder<...>; chapterNumber: number | ... 1 more ... | Placeholder<...>; introduction: string | ... 1 more ... | Placeholder<...>; detailedNotes: string...'.
  Overload 2 of 2, '(values: { subject: string | SQL<unknown> | Placeholder<string, any>; chapterTitle: string | SQL<unknown> | Placeholder<string, any>; classLevel: string | SQL<...> | Placeholder<...>; chapterNumber: number | ... 1 more ... | Placeholder<...>; introduction: string | ... 1 more ... | Placeholder<...>; detailedNotes: string | ... 1 more ... | Placeholder<...>; }[]): PgInsertBase<...>', gave the following error.
    Object literal may only specify known properties, and 'subject' does not exist in type '{ subject: string | SQL<unknown> | Placeholder<string, any>; chapterTitle: string | SQL<unknown> | Placeholder<string, any>; classLevel: string | SQL<unknown> | Placeholder<...>; chapterNumber: number | ... 1 more ... | Placeholder<...>; introduction: string | ... 1 more ... | Placeholder<...>; detailedNotes: string...'.
server/seeds/seed-biology-ch12-mineral-nutrition.ts(766,7): error TS2353: Object literal may only specify known properties, and 'keyConcepts' does not exist in type 'PgUpdateSetSource<PgTableWithColumns<{ name: "chapter_content"; schema: undefined; columns: { id: PgColumn<{ name: "id"; tableName: "chapter_content"; dataType: "number"; columnType: "PgSerial"; data: number; driverParam: number; notNull: true; ... 7 more ...; generated: undefined; }, {}, {}>; ... 33 more ...; updat...'.
server/seeds/seed-biology-ch13-photosynthesis.ts(7,35): error TS2769: No overload matches this call.
  Overload 1 of 2, '(value: { subject: string | SQL<unknown> | Placeholder<string, any>; chapterTitle: string | SQL<unknown> | Placeholder<string, any>; classLevel: string | SQL<...> | Placeholder<...>; chapterNumber: number | ... 1 more ... | Placeholder<...>; introduction: string | ... 1 more ... | Placeholder<...>; detailedNotes: string | ... 1 more ... | Placeholder<...>; }): PgInsertBase<...>', gave the following error.
    Object literal may only specify known properties, and 'keyConcepts' does not exist in type '{ subject: string | SQL<unknown> | Placeholder<string, any>; chapterTitle: string | SQL<unknown> | Placeholder<string, any>; classLevel: string | SQL<unknown> | Placeholder<...>; chapterNumber: number | ... 1 more ... | Placeholder<...>; introduction: string | ... 1 more ... | Placeholder<...>; detailedNotes: string...'.
  Overload 2 of 2, '(values: { subject: string | SQL<unknown> | Placeholder<string, any>; chapterTitle: string | SQL<unknown> | Placeholder<string, any>; classLevel: string | SQL<...> | Placeholder<...>; chapterNumber: number | ... 1 more ... | Placeholder<...>; introduction: string | ... 1 more ... | Placeholder<...>; detailedNotes: string | ... 1 more ... | Placeholder<...>; }[]): PgInsertBase<...>', gave the following error.
    Object literal may only specify known properties, and 'subject' does not exist in type '{ subject: string | SQL<unknown> | Placeholder<string, any>; chapterTitle: string | SQL<unknown> | Placeholder<string, any>; classLevel: string | SQL<unknown> | Placeholder<...>; chapterNumber: number | ... 1 more ... | Placeholder<...>; introduction: string | ... 1 more ... | Placeholder<...>; detailedNotes: string...'.
server/seeds/seed-biology-ch13-photosynthesis.ts(705,7): error TS2353: Object literal may only specify known properties, and 'estimatedStudyMinutes' does not exist in type 'PgUpdateSetSource<PgTableWithColumns<{ name: "chapter_content"; schema: undefined; columns: { id: PgColumn<{ name: "id"; tableName: "chapter_content"; dataType: "number"; columnType: "PgSerial"; data: number; driverParam: number; notNull: true; ... 7 more ...; generated: undefined; }, {}, {}>; ... 33 more ...; updat...'.
server/seeds/seed-biology-ch14-respiration.ts(7,35): error TS2769: No overload matches this call.
  Overload 1 of 2, '(value: { subject: string | SQL<unknown> | Placeholder<string, any>; chapterTitle: string | SQL<unknown> | Placeholder<string, any>; classLevel: string | SQL<...> | Placeholder<...>; chapterNumber: number | ... 1 more ... | Placeholder<...>; introduction: string | ... 1 more ... | Placeholder<...>; detailedNotes: string | ... 1 more ... | Placeholder<...>; }): PgInsertBase<...>', gave the following error.
    Object literal may only specify known properties, and 'keyConcepts' does not exist in type '{ subject: string | SQL<unknown> | Placeholder<string, any>; chapterTitle: string | SQL<unknown> | Placeholder<string, any>; classLevel: string | SQL<unknown> | Placeholder<...>; chapterNumber: number | ... 1 more ... | Placeholder<...>; introduction: string | ... 1 more ... | Placeholder<...>; detailedNotes: string...'.
  Overload 2 of 2, '(values: { subject: string | SQL<unknown> | Placeholder<string, any>; chapterTitle: string | SQL<unknown> | Placeholder<string, any>; classLevel: string | SQL<...> | Placeholder<...>; chapterNumber: number | ... 1 more ... | Placeholder<...>; introduction: string | ... 1 more ... | Placeholder<...>; detailedNotes: string | ... 1 more ... | Placeholder<...>; }[]): PgInsertBase<...>', gave the following error.
    Object literal may only specify known properties, and 'subject' does not exist in type '{ subject: string | SQL<unknown> | Placeholder<string, any>; chapterTitle: string | SQL<unknown> | Placeholder<string, any>; classLevel: string | SQL<unknown> | Placeholder<...>; chapterNumber: number | ... 1 more ... | Placeholder<...>; introduction: string | ... 1 more ... | Placeholder<...>; detailedNotes: string...'.
server/seeds/seed-biology-ch14-respiration.ts(519,7): error TS2353: Object literal may only specify known properties, and 'estimatedStudyMinutes' does not exist in type 'PgUpdateSetSource<PgTableWithColumns<{ name: "chapter_content"; schema: undefined; columns: { id: PgColumn<{ name: "id"; tableName: "chapter_content"; dataType: "number"; columnType: "PgSerial"; data: number; driverParam: number; notNull: true; ... 7 more ...; generated: undefined; }, {}, {}>; ... 33 more ...; updat...'.
server/seeds/seed-biology-ch15-plant-growth.ts(7,35): error TS2769: No overload matches this call.
  Overload 1 of 2, '(value: { subject: string | SQL<unknown> | Placeholder<string, any>; chapterTitle: string | SQL<unknown> | Placeholder<string, any>; classLevel: string | SQL<...> | Placeholder<...>; chapterNumber: number | ... 1 more ... | Placeholder<...>; introduction: string | ... 1 more ... | Placeholder<...>; detailedNotes: string | ... 1 more ... | Placeholder<...>; }): PgInsertBase<...>', gave the following error.
    Object literal may only specify known properties, and 'keyConcepts' does not exist in type '{ subject: string | SQL<unknown> | Placeholder<string, any>; chapterTitle: string | SQL<unknown> | Placeholder<string, any>; classLevel: string | SQL<unknown> | Placeholder<...>; chapterNumber: number | ... 1 more ... | Placeholder<...>; introduction: string | ... 1 more ... | Placeholder<...>; detailedNotes: string...'.
  Overload 2 of 2, '(values: { subject: string | SQL<unknown> | Placeholder<string, any>; chapterTitle: string | SQL<unknown> | Placeholder<string, any>; classLevel: string | SQL<...> | Placeholder<...>; chapterNumber: number | ... 1 more ... | Placeholder<...>; introduction: string | ... 1 more ... | Placeholder<...>; detailedNotes: string | ... 1 more ... | Placeholder<...>; }[]): PgInsertBase<...>', gave the following error.
    Object literal may only specify known properties, and 'subject' does not exist in type '{ subject: string | SQL<unknown> | Placeholder<string, any>; chapterTitle: string | SQL<unknown> | Placeholder<string, any>; classLevel: string | SQL<unknown> | Placeholder<...>; chapterNumber: number | ... 1 more ... | Placeholder<...>; introduction: string | ... 1 more ... | Placeholder<...>; detailedNotes: string...'.
server/seeds/seed-biology-ch15-plant-growth.ts(563,7): error TS2353: Object literal may only specify known properties, and 'estimatedStudyMinutes' does not exist in type 'PgUpdateSetSource<PgTableWithColumns<{ name: "chapter_content"; schema: undefined; columns: { id: PgColumn<{ name: "id"; tableName: "chapter_content"; dataType: "number"; columnType: "PgSerial"; data: number; driverParam: number; notNull: true; ... 7 more ...; generated: undefined; }, {}, {}>; ... 33 more ...; updat...'.
server/seeds/seed-biology-ch16-digestion.ts(7,35): error TS2769: No overload matches this call.
  Overload 1 of 2, '(value: { subject: string | SQL<unknown> | Placeholder<string, any>; chapterTitle: string | SQL<unknown> | Placeholder<string, any>; classLevel: string | SQL<...> | Placeholder<...>; chapterNumber: number | ... 1 more ... | Placeholder<...>; introduction: string | ... 1 more ... | Placeholder<...>; detailedNotes: string | ... 1 more ... | Placeholder<...>; }): PgInsertBase<...>', gave the following error.
    Object literal may only specify known properties, and 'keyConcepts' does not exist in type '{ subject: string | SQL<unknown> | Placeholder<string, any>; chapterTitle: string | SQL<unknown> | Placeholder<string, any>; classLevel: string | SQL<unknown> | Placeholder<...>; chapterNumber: number | ... 1 more ... | Placeholder<...>; introduction: string | ... 1 more ... | Placeholder<...>; detailedNotes: string...'.
  Overload 2 of 2, '(values: { subject: string | SQL<unknown> | Placeholder<string, any>; chapterTitle: string | SQL<unknown> | Placeholder<string, any>; classLevel: string | SQL<...> | Placeholder<...>; chapterNumber: number | ... 1 more ... | Placeholder<...>; introduction: string | ... 1 more ... | Placeholder<...>; detailedNotes: string | ... 1 more ... | Placeholder<...>; }[]): PgInsertBase<...>', gave the following error.
    Object literal may only specify known properties, and 'subject' does not exist in type '{ subject: string | SQL<unknown> | Placeholder<string, any>; chapterTitle: string | SQL<unknown> | Placeholder<string, any>; classLevel: string | SQL<unknown> | Placeholder<...>; chapterNumber: number | ... 1 more ... | Placeholder<...>; introduction: string | ... 1 more ... | Placeholder<...>; detailedNotes: string...'.
server/seeds/seed-biology-ch16-digestion.ts(554,7): error TS2353: Object literal may only specify known properties, and 'estimatedStudyMinutes' does not exist in type 'PgUpdateSetSource<PgTableWithColumns<{ name: "chapter_content"; schema: undefined; columns: { id: PgColumn<{ name: "id"; tableName: "chapter_content"; dataType: "number"; columnType: "PgSerial"; data: number; driverParam: number; notNull: true; ... 7 more ...; generated: undefined; }, {}, {}>; ... 33 more ...; updat...'.
server/seeds/seed-biology-ch17-breathing.ts(7,35): error TS2769: No overload matches this call.
  Overload 1 of 2, '(value: { subject: string | SQL<unknown> | Placeholder<string, any>; chapterTitle: string | SQL<unknown> | Placeholder<string, any>; classLevel: string | SQL<...> | Placeholder<...>; chapterNumber: number | ... 1 more ... | Placeholder<...>; introduction: string | ... 1 more ... | Placeholder<...>; detailedNotes: string | ... 1 more ... | Placeholder<...>; }): PgInsertBase<...>', gave the following error.
    Object literal may only specify known properties, and 'keyConcepts' does not exist in type '{ subject: string | SQL<unknown> | Placeholder<string, any>; chapterTitle: string | SQL<unknown> | Placeholder<string, any>; classLevel: string | SQL<unknown> | Placeholder<...>; chapterNumber: number | ... 1 more ... | Placeholder<...>; introduction: string | ... 1 more ... | Placeholder<...>; detailedNotes: string...'.
  Overload 2 of 2, '(values: { subject: string | SQL<unknown> | Placeholder<string, any>; chapterTitle: string | SQL<unknown> | Placeholder<string, any>; classLevel: string | SQL<...> | Placeholder<...>; chapterNumber: number | ... 1 more ... | Placeholder<...>; introduction: string | ... 1 more ... | Placeholder<...>; detailedNotes: string | ... 1 more ... | Placeholder<...>; }[]): PgInsertBase<...>', gave the following error.
    Object literal may only specify known properties, and 'subject' does not exist in type '{ subject: string | SQL<unknown> | Placeholder<string, any>; chapterTitle: string | SQL<unknown> | Placeholder<string, any>; classLevel: string | SQL<unknown> | Placeholder<...>; chapterNumber: number | ... 1 more ... | Placeholder<...>; introduction: string | ... 1 more ... | Placeholder<...>; detailedNotes: string...'.
server/seeds/seed-biology-ch17-breathing.ts(531,7): error TS2353: Object literal may only specify known properties, and 'estimatedStudyMinutes' does not exist in type 'PgUpdateSetSource<PgTableWithColumns<{ name: "chapter_content"; schema: undefined; columns: { id: PgColumn<{ name: "id"; tableName: "chapter_content"; dataType: "number"; columnType: "PgSerial"; data: number; driverParam: number; notNull: true; ... 7 more ...; generated: undefined; }, {}, {}>; ... 33 more ...; updat...'.
server/seeds/seed-biology-ch18-circulation.ts(7,35): error TS2769: No overload matches this call.
  Overload 1 of 2, '(value: { subject: string | SQL<unknown> | Placeholder<string, any>; chapterTitle: string | SQL<unknown> | Placeholder<string, any>; classLevel: string | SQL<...> | Placeholder<...>; chapterNumber: number | ... 1 more ... | Placeholder<...>; introduction: string | ... 1 more ... | Placeholder<...>; detailedNotes: string | ... 1 more ... | Placeholder<...>; }): PgInsertBase<...>', gave the following error.
    Object literal may only specify known properties, and 'keyConcepts' does not exist in type '{ subject: string | SQL<unknown> | Placeholder<string, any>; chapterTitle: string | SQL<unknown> | Placeholder<string, any>; classLevel: string | SQL<unknown> | Placeholder<...>; chapterNumber: number | ... 1 more ... | Placeholder<...>; introduction: string | ... 1 more ... | Placeholder<...>; detailedNotes: string...'.
  Overload 2 of 2, '(values: { subject: string | SQL<unknown> | Placeholder<string, any>; chapterTitle: string | SQL<unknown> | Placeholder<string, any>; classLevel: string | SQL<...> | Placeholder<...>; chapterNumber: number | ... 1 more ... | Placeholder<...>; introduction: string | ... 1 more ... | Placeholder<...>; detailedNotes: string | ... 1 more ... | Placeholder<...>; }[]): PgInsertBase<...>', gave the following error.
    Object literal may only specify known properties, and 'subject' does not exist in type '{ subject: string | SQL<unknown> | Placeholder<string, any>; chapterTitle: string | SQL<unknown> | Placeholder<string, any>; classLevel: string | SQL<unknown> | Placeholder<...>; chapterNumber: number | ... 1 more ... | Placeholder<...>; introduction: string | ... 1 more ... | Placeholder<...>; detailedNotes: string...'.
server/seeds/seed-biology-ch18-circulation.ts(643,7): error TS2353: Object literal may only specify known properties, and 'estimatedStudyMinutes' does not exist in type 'PgUpdateSetSource<PgTableWithColumns<{ name: "chapter_content"; schema: undefined; columns: { id: PgColumn<{ name: "id"; tableName: "chapter_content"; dataType: "number"; columnType: "PgSerial"; data: number; driverParam: number; notNull: true; ... 7 more ...; generated: undefined; }, {}, {}>; ... 33 more ...; updat...'.
server/seeds/seed-biology-ch19-excretion.ts(7,35): error TS2769: No overload matches this call.
  Overload 1 of 2, '(value: { subject: string | SQL<unknown> | Placeholder<string, any>; chapterTitle: string | SQL<unknown> | Placeholder<string, any>; classLevel: string | SQL<...> | Placeholder<...>; chapterNumber: number | ... 1 more ... | Placeholder<...>; introduction: string | ... 1 more ... | Placeholder<...>; detailedNotes: string | ... 1 more ... | Placeholder<...>; }): PgInsertBase<...>', gave the following error.
    Object literal may only specify known properties, and 'keyConcepts' does not exist in type '{ subject: string | SQL<unknown> | Placeholder<string, any>; chapterTitle: string | SQL<unknown> | Placeholder<string, any>; classLevel: string | SQL<unknown> | Placeholder<...>; chapterNumber: number | ... 1 more ... | Placeholder<...>; introduction: string | ... 1 more ... | Placeholder<...>; detailedNotes: string...'.
  Overload 2 of 2, '(values: { subject: string | SQL<unknown> | Placeholder<string, any>; chapterTitle: string | SQL<unknown> | Placeholder<string, any>; classLevel: string | SQL<...> | Placeholder<...>; chapterNumber: number | ... 1 more ... | Placeholder<...>; introduction: string | ... 1 more ... | Placeholder<...>; detailedNotes: string | ... 1 more ... | Placeholder<...>; }[]): PgInsertBase<...>', gave the following error.
    Object literal may only specify known properties, and 'subject' does not exist in type '{ subject: string | SQL<unknown> | Placeholder<string, any>; chapterTitle: string | SQL<unknown> | Placeholder<string, any>; classLevel: string | SQL<unknown> | Placeholder<...>; chapterNumber: number | ... 1 more ... | Placeholder<...>; introduction: string | ... 1 more ... | Placeholder<...>; detailedNotes: string...'.
server/seeds/seed-biology-ch19-excretion.ts(556,7): error TS2353: Object literal may only specify known properties, and 'estimatedStudyMinutes' does not exist in type 'PgUpdateSetSource<PgTableWithColumns<{ name: "chapter_content"; schema: undefined; columns: { id: PgColumn<{ name: "id"; tableName: "chapter_content"; dataType: "number"; columnType: "PgSerial"; data: number; driverParam: number; notNull: true; ... 7 more ...; generated: undefined; }, {}, {}>; ... 33 more ...; updat...'.
server/seeds/seed-biology-ch20-locomotion.ts(7,35): error TS2769: No overload matches this call.
  Overload 1 of 2, '(value: { subject: string | SQL<unknown> | Placeholder<string, any>; chapterTitle: string | SQL<unknown> | Placeholder<string, any>; classLevel: string | SQL<...> | Placeholder<...>; chapterNumber: number | ... 1 more ... | Placeholder<...>; introduction: string | ... 1 more ... | Placeholder<...>; detailedNotes: string | ... 1 more ... | Placeholder<...>; }): PgInsertBase<...>', gave the following error.
    Object literal may only specify known properties, and 'keyConcepts' does not exist in type '{ subject: string | SQL<unknown> | Placeholder<string, any>; chapterTitle: string | SQL<unknown> | Placeholder<string, any>; classLevel: string | SQL<unknown> | Placeholder<...>; chapterNumber: number | ... 1 more ... | Placeholder<...>; introduction: string | ... 1 more ... | Placeholder<...>; detailedNotes: string...'.
  Overload 2 of 2, '(values: { subject: string | SQL<unknown> | Placeholder<string, any>; chapterTitle: string | SQL<unknown> | Placeholder<string, any>; classLevel: string | SQL<...> | Placeholder<...>; chapterNumber: number | ... 1 more ... | Placeholder<...>; introduction: string | ... 1 more ... | Placeholder<...>; detailedNotes: string | ... 1 more ... | Placeholder<...>; }[]): PgInsertBase<...>', gave the following error.
    Object literal may only specify known properties, and 'subject' does not exist in type '{ subject: string | SQL<unknown> | Placeholder<string, any>; chapterTitle: string | SQL<unknown> | Placeholder<string, any>; classLevel: string | SQL<unknown> | Placeholder<...>; chapterNumber: number | ... 1 more ... | Placeholder<...>; introduction: string | ... 1 more ... | Placeholder<...>; detailedNotes: string...'.
server/seeds/seed-biology-ch20-locomotion.ts(620,7): error TS2353: Object literal may only specify known properties, and 'estimatedStudyMinutes' does not exist in type 'PgUpdateSetSource<PgTableWithColumns<{ name: "chapter_content"; schema: undefined; columns: { id: PgColumn<{ name: "id"; tableName: "chapter_content"; dataType: "number"; columnType: "PgSerial"; data: number; driverParam: number; notNull: true; ... 7 more ...; generated: undefined; }, {}, {}>; ... 33 more ...; updat...'.
server/seeds/seed-biology-ch21-neural.ts(7,35): error TS2769: No overload matches this call.
  Overload 1 of 2, '(value: { subject: string | SQL<unknown> | Placeholder<string, any>; chapterTitle: string | SQL<unknown> | Placeholder<string, any>; classLevel: string | SQL<...> | Placeholder<...>; chapterNumber: number | ... 1 more ... | Placeholder<...>; introduction: string | ... 1 more ... | Placeholder<...>; detailedNotes: string | ... 1 more ... | Placeholder<...>; }): PgInsertBase<...>', gave the following error.
    Object literal may only specify known properties, and 'keyConcepts' does not exist in type '{ subject: string | SQL<unknown> | Placeholder<string, any>; chapterTitle: string | SQL<unknown> | Placeholder<string, any>; classLevel: string | SQL<unknown> | Placeholder<...>; chapterNumber: number | ... 1 more ... | Placeholder<...>; introduction: string | ... 1 more ... | Placeholder<...>; detailedNotes: string...'.
  Overload 2 of 2, '(values: { subject: string | SQL<unknown> | Placeholder<string, any>; chapterTitle: string | SQL<unknown> | Placeholder<string, any>; classLevel: string | SQL<...> | Placeholder<...>; chapterNumber: number | ... 1 more ... | Placeholder<...>; introduction: string | ... 1 more ... | Placeholder<...>; detailedNotes: string | ... 1 more ... | Placeholder<...>; }[]): PgInsertBase<...>', gave the following error.
    Object literal may only specify known properties, and 'subject' does not exist in type '{ subject: string | SQL<unknown> | Placeholder<string, any>; chapterTitle: string | SQL<unknown> | Placeholder<string, any>; classLevel: string | SQL<unknown> | Placeholder<...>; chapterNumber: number | ... 1 more ... | Placeholder<...>; introduction: string | ... 1 more ... | Placeholder<...>; detailedNotes: string...'.
server/seeds/seed-biology-ch21-neural.ts(645,7): error TS2353: Object literal may only specify known properties, and 'estimatedStudyMinutes' does not exist in type 'PgUpdateSetSource<PgTableWithColumns<{ name: "chapter_content"; schema: undefined; columns: { id: PgColumn<{ name: "id"; tableName: "chapter_content"; dataType: "number"; columnType: "PgSerial"; data: number; driverParam: number; notNull: true; ... 7 more ...; generated: undefined; }, {}, {}>; ... 33 more ...; updat...'.
server/seeds/seed-biology-ch22-chemical.ts(7,35): error TS2769: No overload matches this call.
  Overload 1 of 2, '(value: { subject: string | SQL<unknown> | Placeholder<string, any>; chapterTitle: string | SQL<unknown> | Placeholder<string, any>; classLevel: string | SQL<...> | Placeholder<...>; chapterNumber: number | ... 1 more ... | Placeholder<...>; introduction: string | ... 1 more ... | Placeholder<...>; detailedNotes: string | ... 1 more ... | Placeholder<...>; }): PgInsertBase<...>', gave the following error.
    Object literal may only specify known properties, and 'keyConcepts' does not exist in type '{ subject: string | SQL<unknown> | Placeholder<string, any>; chapterTitle: string | SQL<unknown> | Placeholder<string, any>; classLevel: string | SQL<unknown> | Placeholder<...>; chapterNumber: number | ... 1 more ... | Placeholder<...>; introduction: string | ... 1 more ... | Placeholder<...>; detailedNotes: string...'.
  Overload 2 of 2, '(values: { subject: string | SQL<unknown> | Placeholder<string, any>; chapterTitle: string | SQL<unknown> | Placeholder<string, any>; classLevel: string | SQL<...> | Placeholder<...>; chapterNumber: number | ... 1 more ... | Placeholder<...>; introduction: string | ... 1 more ... | Placeholder<...>; detailedNotes: string | ... 1 more ... | Placeholder<...>; }[]): PgInsertBase<...>', gave the following error.
    Object literal may only specify known properties, and 'subject' does not exist in type '{ subject: string | SQL<unknown> | Placeholder<string, any>; chapterTitle: string | SQL<unknown> | Placeholder<string, any>; classLevel: string | SQL<unknown> | Placeholder<...>; chapterNumber: number | ... 1 more ... | Placeholder<...>; introduction: string | ... 1 more ... | Placeholder<...>; detailedNotes: string...'.
server/seeds/seed-biology-ch22-chemical.ts(619,7): error TS2353: Object literal may only specify known properties, and 'estimatedStudyMinutes' does not exist in type 'PgUpdateSetSource<PgTableWithColumns<{ name: "chapter_content"; schema: undefined; columns: { id: PgColumn<{ name: "id"; tableName: "chapter_content"; dataType: "number"; columnType: "PgSerial"; data: number; driverParam: number; notNull: true; ... 7 more ...; generated: undefined; }, {}, {}>; ... 33 more ...; updat...'.
server/seeds/seed-biology-ch4-animal-kingdom.ts(9,6): error TS2769: No overload matches this call.
  Overload 1 of 2, '(value: { subject: string | SQL<unknown> | Placeholder<string, any>; chapterTitle: string | SQL<unknown> | Placeholder<string, any>; classLevel: string | SQL<...> | Placeholder<...>; chapterNumber: number | ... 1 more ... | Placeholder<...>; introduction: string | ... 1 more ... | Placeholder<...>; detailedNotes: string | ... 1 more ... | Placeholder<...>; }): PgInsertBase<...>', gave the following error.
    Object literal may only specify known properties, and 'keyConcepts' does not exist in type '{ subject: string | SQL<unknown> | Placeholder<string, any>; chapterTitle: string | SQL<unknown> | Placeholder<string, any>; classLevel: string | SQL<unknown> | Placeholder<...>; chapterNumber: number | ... 1 more ... | Placeholder<...>; introduction: string | ... 1 more ... | Placeholder<...>; detailedNotes: string...'.
  Overload 2 of 2, '(values: { subject: string | SQL<unknown> | Placeholder<string, any>; chapterTitle: string | SQL<unknown> | Placeholder<string, any>; classLevel: string | SQL<...> | Placeholder<...>; chapterNumber: number | ... 1 more ... | Placeholder<...>; introduction: string | ... 1 more ... | Placeholder<...>; detailedNotes: string | ... 1 more ... | Placeholder<...>; }[]): PgInsertBase<...>', gave the following error.
    Object literal may only specify known properties, and 'subject' does not exist in type '{ subject: string | SQL<unknown> | Placeholder<string, any>; chapterTitle: string | SQL<unknown> | Placeholder<string, any>; classLevel: string | SQL<unknown> | Placeholder<...>; chapterNumber: number | ... 1 more ... | Placeholder<...>; introduction: string | ... 1 more ... | Placeholder<...>; detailedNotes: string...'.
server/seeds/seed-biology-ch4-animal-kingdom.ts(749,9): error TS2353: Object literal may only specify known properties, and 'updatedAt' does not exist in type 'PgUpdateSetSource<PgTableWithColumns<{ name: "chapter_content"; schema: undefined; columns: { id: PgColumn<{ name: "id"; tableName: "chapter_content"; dataType: "number"; columnType: "PgSerial"; data: number; driverParam: number; notNull: true; ... 7 more ...; generated: undefined; }, {}, {}>; ... 33 more ...; updat...'.
server/seeds/seed-biology-ch5-morphology-flowering-plants.ts(9,6): error TS2769: No overload matches this call.
  Overload 1 of 2, '(value: { subject: string | SQL<unknown> | Placeholder<string, any>; chapterTitle: string | SQL<unknown> | Placeholder<string, any>; classLevel: string | SQL<...> | Placeholder<...>; chapterNumber: number | ... 1 more ... | Placeholder<...>; introduction: string | ... 1 more ... | Placeholder<...>; detailedNotes: string | ... 1 more ... | Placeholder<...>; }): PgInsertBase<...>', gave the following error.
    Object literal may only specify known properties, and 'keyConcepts' does not exist in type '{ subject: string | SQL<unknown> | Placeholder<string, any>; chapterTitle: string | SQL<unknown> | Placeholder<string, any>; classLevel: string | SQL<unknown> | Placeholder<...>; chapterNumber: number | ... 1 more ... | Placeholder<...>; introduction: string | ... 1 more ... | Placeholder<...>; detailedNotes: string...'.
  Overload 2 of 2, '(values: { subject: string | SQL<unknown> | Placeholder<string, any>; chapterTitle: string | SQL<unknown> | Placeholder<string, any>; classLevel: string | SQL<...> | Placeholder<...>; chapterNumber: number | ... 1 more ... | Placeholder<...>; introduction: string | ... 1 more ... | Placeholder<...>; detailedNotes: string | ... 1 more ... | Placeholder<...>; }[]): PgInsertBase<...>', gave the following error.
    Object literal may only specify known properties, and 'subject' does not exist in type '{ subject: string | SQL<unknown> | Placeholder<string, any>; chapterTitle: string | SQL<unknown> | Placeholder<string, any>; classLevel: string | SQL<unknown> | Placeholder<...>; chapterNumber: number | ... 1 more ... | Placeholder<...>; introduction: string | ... 1 more ... | Placeholder<...>; detailedNotes: string...'.
server/seeds/seed-biology-ch5-morphology-flowering-plants.ts(505,9): error TS2353: Object literal may only specify known properties, and 'updatedAt' does not exist in type 'PgUpdateSetSource<PgTableWithColumns<{ name: "chapter_content"; schema: undefined; columns: { id: PgColumn<{ name: "id"; tableName: "chapter_content"; dataType: "number"; columnType: "PgSerial"; data: number; driverParam: number; notNull: true; ... 7 more ...; generated: undefined; }, {}, {}>; ... 33 more ...; updat...'.
server/seeds/seed-biology-ch6-anatomy-flowering-plants.ts(9,6): error TS2769: No overload matches this call.
  Overload 1 of 2, '(value: { subject: string | SQL<unknown> | Placeholder<string, any>; chapterTitle: string | SQL<unknown> | Placeholder<string, any>; classLevel: string | SQL<...> | Placeholder<...>; chapterNumber: number | ... 1 more ... | Placeholder<...>; introduction: string | ... 1 more ... | Placeholder<...>; detailedNotes: string | ... 1 more ... | Placeholder<...>; }): PgInsertBase<...>', gave the following error.
    Object literal may only specify known properties, and 'keyConcepts' does not exist in type '{ subject: string | SQL<unknown> | Placeholder<string, any>; chapterTitle: string | SQL<unknown> | Placeholder<string, any>; classLevel: string | SQL<unknown> | Placeholder<...>; chapterNumber: number | ... 1 more ... | Placeholder<...>; introduction: string | ... 1 more ... | Placeholder<...>; detailedNotes: string...'.
  Overload 2 of 2, '(values: { subject: string | SQL<unknown> | Placeholder<string, any>; chapterTitle: string | SQL<unknown> | Placeholder<string, any>; classLevel: string | SQL<...> | Placeholder<...>; chapterNumber: number | ... 1 more ... | Placeholder<...>; introduction: string | ... 1 more ... | Placeholder<...>; detailedNotes: string | ... 1 more ... | Placeholder<...>; }[]): PgInsertBase<...>', gave the following error.
    Object literal may only specify known properties, and 'subject' does not exist in type '{ subject: string | SQL<unknown> | Placeholder<string, any>; chapterTitle: string | SQL<unknown> | Placeholder<string, any>; classLevel: string | SQL<unknown> | Placeholder<...>; chapterNumber: number | ... 1 more ... | Placeholder<...>; introduction: string | ... 1 more ... | Placeholder<...>; detailedNotes: string...'.
server/seeds/seed-biology-ch6-anatomy-flowering-plants.ts(648,9): error TS2353: Object literal may only specify known properties, and 'updatedAt' does not exist in type 'PgUpdateSetSource<PgTableWithColumns<{ name: "chapter_content"; schema: undefined; columns: { id: PgColumn<{ name: "id"; tableName: "chapter_content"; dataType: "number"; columnType: "PgSerial"; data: number; driverParam: number; notNull: true; ... 7 more ...; generated: undefined; }, {}, {}>; ... 33 more ...; updat...'.
server/seeds/seed-biology-ch7-structural-organisation-animals.ts(9,6): error TS2769: No overload matches this call.
  Overload 1 of 2, '(value: { subject: string | SQL<unknown> | Placeholder<string, any>; chapterTitle: string | SQL<unknown> | Placeholder<string, any>; classLevel: string | SQL<...> | Placeholder<...>; chapterNumber: number | ... 1 more ... | Placeholder<...>; introduction: string | ... 1 more ... | Placeholder<...>; detailedNotes: string | ... 1 more ... | Placeholder<...>; }): PgInsertBase<...>', gave the following error.
    Object literal may only specify known properties, and 'keyConcepts' does not exist in type '{ subject: string | SQL<unknown> | Placeholder<string, any>; chapterTitle: string | SQL<unknown> | Placeholder<string, any>; classLevel: string | SQL<unknown> | Placeholder<...>; chapterNumber: number | ... 1 more ... | Placeholder<...>; introduction: string | ... 1 more ... | Placeholder<...>; detailedNotes: string...'.
  Overload 2 of 2, '(values: { subject: string | SQL<unknown> | Placeholder<string, any>; chapterTitle: string | SQL<unknown> | Placeholder<string, any>; classLevel: string | SQL<...> | Placeholder<...>; chapterNumber: number | ... 1 more ... | Placeholder<...>; introduction: string | ... 1 more ... | Placeholder<...>; detailedNotes: string | ... 1 more ... | Placeholder<...>; }[]): PgInsertBase<...>', gave the following error.
    Object literal may only specify known properties, and 'subject' does not exist in type '{ subject: string | SQL<unknown> | Placeholder<string, any>; chapterTitle: string | SQL<unknown> | Placeholder<string, any>; classLevel: string | SQL<unknown> | Placeholder<...>; chapterNumber: number | ... 1 more ... | Placeholder<...>; introduction: string | ... 1 more ... | Placeholder<...>; detailedNotes: string...'.
server/seeds/seed-biology-ch7-structural-organisation-animals.ts(691,9): error TS2353: Object literal may only specify known properties, and 'updatedAt' does not exist in type 'PgUpdateSetSource<PgTableWithColumns<{ name: "chapter_content"; schema: undefined; columns: { id: PgColumn<{ name: "id"; tableName: "chapter_content"; dataType: "number"; columnType: "PgSerial"; data: number; driverParam: number; notNull: true; ... 7 more ...; generated: undefined; }, {}, {}>; ... 33 more ...; updat...'.
server/seeds/seed-biology-ch8-cell-unit-of-life.ts(9,6): error TS2769: No overload matches this call.
  Overload 1 of 2, '(value: { subject: string | SQL<unknown> | Placeholder<string, any>; chapterTitle: string | SQL<unknown> | Placeholder<string, any>; classLevel: string | SQL<...> | Placeholder<...>; chapterNumber: number | ... 1 more ... | Placeholder<...>; introduction: string | ... 1 more ... | Placeholder<...>; detailedNotes: string | ... 1 more ... | Placeholder<...>; }): PgInsertBase<...>', gave the following error.
    Object literal may only specify known properties, and 'keyConcepts' does not exist in type '{ subject: string | SQL<unknown> | Placeholder<string, any>; chapterTitle: string | SQL<unknown> | Placeholder<string, any>; classLevel: string | SQL<unknown> | Placeholder<...>; chapterNumber: number | ... 1 more ... | Placeholder<...>; introduction: string | ... 1 more ... | Placeholder<...>; detailedNotes: string...'.
  Overload 2 of 2, '(values: { subject: string | SQL<unknown> | Placeholder<string, any>; chapterTitle: string | SQL<unknown> | Placeholder<string, any>; classLevel: string | SQL<...> | Placeholder<...>; chapterNumber: number | ... 1 more ... | Placeholder<...>; introduction: string | ... 1 more ... | Placeholder<...>; detailedNotes: string | ... 1 more ... | Placeholder<...>; }[]): PgInsertBase<...>', gave the following error.
    Object literal may only specify known properties, and 'subject' does not exist in type '{ subject: string | SQL<unknown> | Placeholder<string, any>; chapterTitle: string | SQL<unknown> | Placeholder<string, any>; classLevel: string | SQL<unknown> | Placeholder<...>; chapterNumber: number | ... 1 more ... | Placeholder<...>; introduction: string | ... 1 more ... | Placeholder<...>; detailedNotes: string...'.
server/seeds/seed-biology-ch8-cell-unit-of-life.ts(663,9): error TS2353: Object literal may only specify known properties, and 'updatedAt' does not exist in type 'PgUpdateSetSource<PgTableWithColumns<{ name: "chapter_content"; schema: undefined; columns: { id: PgColumn<{ name: "id"; tableName: "chapter_content"; dataType: "number"; columnType: "PgSerial"; data: number; driverParam: number; notNull: true; ... 7 more ...; generated: undefined; }, {}, {}>; ... 33 more ...; updat...'.
server/seeds/seed-biology-ch9-biomolecules.ts(9,6): error TS2769: No overload matches this call.
  Overload 1 of 2, '(value: { subject: string | SQL<unknown> | Placeholder<string, any>; chapterTitle: string | SQL<unknown> | Placeholder<string, any>; classLevel: string | SQL<...> | Placeholder<...>; chapterNumber: number | ... 1 more ... | Placeholder<...>; introduction: string | ... 1 more ... | Placeholder<...>; detailedNotes: string | ... 1 more ... | Placeholder<...>; }): PgInsertBase<...>', gave the following error.
    Object literal may only specify known properties, and 'keyConcepts' does not exist in type '{ subject: string | SQL<unknown> | Placeholder<string, any>; chapterTitle: string | SQL<unknown> | Placeholder<string, any>; classLevel: string | SQL<unknown> | Placeholder<...>; chapterNumber: number | ... 1 more ... | Placeholder<...>; introduction: string | ... 1 more ... | Placeholder<...>; detailedNotes: string...'.
  Overload 2 of 2, '(values: { subject: string | SQL<unknown> | Placeholder<string, any>; chapterTitle: string | SQL<unknown> | Placeholder<string, any>; classLevel: string | SQL<...> | Placeholder<...>; chapterNumber: number | ... 1 more ... | Placeholder<...>; introduction: string | ... 1 more ... | Placeholder<...>; detailedNotes: string | ... 1 more ... | Placeholder<...>; }[]): PgInsertBase<...>', gave the following error.
    Object literal may only specify known properties, and 'subject' does not exist in type '{ subject: string | SQL<unknown> | Placeholder<string, any>; chapterTitle: string | SQL<unknown> | Placeholder<string, any>; classLevel: string | SQL<unknown> | Placeholder<...>; chapterNumber: number | ... 1 more ... | Placeholder<...>; introduction: string | ... 1 more ... | Placeholder<...>; detailedNotes: string...'.
server/seeds/seed-biology-ch9-biomolecules.ts(788,9): error TS2353: Object literal may only specify known properties, and 'updatedAt' does not exist in type 'PgUpdateSetSource<PgTableWithColumns<{ name: "chapter_content"; schema: undefined; columns: { id: PgColumn<{ name: "id"; tableName: "chapter_content"; dataType: "number"; columnType: "PgSerial"; data: number; driverParam: number; notNull: true; ... 7 more ...; generated: undefined; }, {}, {}>; ... 33 more ...; updat...'.
server/seeds/seed-biology-class12-ch1-reproduction.ts(7,35): error TS2769: No overload matches this call.
  Overload 1 of 2, '(value: { subject: string | SQL<unknown> | Placeholder<string, any>; chapterTitle: string | SQL<unknown> | Placeholder<string, any>; classLevel: string | SQL<...> | Placeholder<...>; chapterNumber: number | ... 1 more ... | Placeholder<...>; introduction: string | ... 1 more ... | Placeholder<...>; detailedNotes: string | ... 1 more ... | Placeholder<...>; }): PgInsertBase<...>', gave the following error.
    Object literal may only specify known properties, and 'keyConcepts' does not exist in type '{ subject: string | SQL<unknown> | Placeholder<string, any>; chapterTitle: string | SQL<unknown> | Placeholder<string, any>; classLevel: string | SQL<unknown> | Placeholder<...>; chapterNumber: number | ... 1 more ... | Placeholder<...>; introduction: string | ... 1 more ... | Placeholder<...>; detailedNotes: string...'.
  Overload 2 of 2, '(values: { subject: string | SQL<unknown> | Placeholder<string, any>; chapterTitle: string | SQL<unknown> | Placeholder<string, any>; classLevel: string | SQL<...> | Placeholder<...>; chapterNumber: number | ... 1 more ... | Placeholder<...>; introduction: string | ... 1 more ... | Placeholder<...>; detailedNotes: string | ... 1 more ... | Placeholder<...>; }[]): PgInsertBase<...>', gave the following error.
    Object literal may only specify known properties, and 'subject' does not exist in type '{ subject: string | SQL<unknown> | Placeholder<string, any>; chapterTitle: string | SQL<unknown> | Placeholder<string, any>; classLevel: string | SQL<unknown> | Placeholder<...>; chapterNumber: number | ... 1 more ... | Placeholder<...>; introduction: string | ... 1 more ... | Placeholder<...>; detailedNotes: string...'.
server/seeds/seed-biology-class12-ch1-reproduction.ts(488,7): error TS2353: Object literal may only specify known properties, and 'estimatedStudyMinutes' does not exist in type 'PgUpdateSetSource<PgTableWithColumns<{ name: "chapter_content"; schema: undefined; columns: { id: PgColumn<{ name: "id"; tableName: "chapter_content"; dataType: "number"; columnType: "PgSerial"; data: number; driverParam: number; notNull: true; ... 7 more ...; generated: undefined; }, {}, {}>; ... 33 more ...; updat...'.
server/seeds/seed-biology-class12-ch10-microbes.ts(335,7): error TS2353: Object literal may only specify known properties, and 'updatedAt' does not exist in type 'PgUpdateSetSource<PgTableWithColumns<{ name: "chapter_content"; schema: undefined; columns: { id: PgColumn<{ name: "id"; tableName: "chapter_content"; dataType: "number"; columnType: "PgSerial"; data: number; driverParam: number; notNull: true; ... 7 more ...; generated: undefined; }, {}, {}>; ... 33 more ...; updat...'.
server/seeds/seed-biology-class12-ch11-biotech-principles.ts(393,7): error TS2353: Object literal may only specify known properties, and 'updatedAt' does not exist in type 'PgUpdateSetSource<PgTableWithColumns<{ name: "chapter_content"; schema: undefined; columns: { id: PgColumn<{ name: "id"; tableName: "chapter_content"; dataType: "number"; columnType: "PgSerial"; data: number; driverParam: number; notNull: true; ... 7 more ...; generated: undefined; }, {}, {}>; ... 33 more ...; updat...'.
server/seeds/seed-biology-class12-ch12-biotech-applications.ts(357,7): error TS2353: Object literal may only specify known properties, and 'updatedAt' does not exist in type 'PgUpdateSetSource<PgTableWithColumns<{ name: "chapter_content"; schema: undefined; columns: { id: PgColumn<{ name: "id"; tableName: "chapter_content"; dataType: "number"; columnType: "PgSerial"; data: number; driverParam: number; notNull: true; ... 7 more ...; generated: undefined; }, {}, {}>; ... 33 more ...; updat...'.
server/seeds/seed-biology-class12-ch13-populations.ts(438,7): error TS2353: Object literal may only specify known properties, and 'updatedAt' does not exist in type 'PgUpdateSetSource<PgTableWithColumns<{ name: "chapter_content"; schema: undefined; columns: { id: PgColumn<{ name: "id"; tableName: "chapter_content"; dataType: "number"; columnType: "PgSerial"; data: number; driverParam: number; notNull: true; ... 7 more ...; generated: undefined; }, {}, {}>; ... 33 more ...; updat...'.
server/seeds/seed-biology-class12-ch14-ecosystem.ts(421,7): error TS2353: Object literal may only specify known properties, and 'updatedAt' does not exist in type 'PgUpdateSetSource<PgTableWithColumns<{ name: "chapter_content"; schema: undefined; columns: { id: PgColumn<{ name: "id"; tableName: "chapter_content"; dataType: "number"; columnType: "PgSerial"; data: number; driverParam: number; notNull: true; ... 7 more ...; generated: undefined; }, {}, {}>; ... 33 more ...; updat...'.
server/seeds/seed-biology-class12-ch15-biodiversity.ts(429,7): error TS2353: Object literal may only specify known properties, and 'updatedAt' does not exist in type 'PgUpdateSetSource<PgTableWithColumns<{ name: "chapter_content"; schema: undefined; columns: { id: PgColumn<{ name: "id"; tableName: "chapter_content"; dataType: "number"; columnType: "PgSerial"; data: number; driverParam: number; notNull: true; ... 7 more ...; generated: undefined; }, {}, {}>; ... 33 more ...; updat...'.
server/seeds/seed-biology-class12-ch16-environment.ts(511,7): error TS2353: Object literal may only specify known properties, and 'updatedAt' does not exist in type 'PgUpdateSetSource<PgTableWithColumns<{ name: "chapter_content"; schema: undefined; columns: { id: PgColumn<{ name: "id"; tableName: "chapter_content"; dataType: "number"; columnType: "PgSerial"; data: number; driverParam: number; notNull: true; ... 7 more ...; generated: undefined; }, {}, {}>; ... 33 more ...; updat...'.
server/seeds/seed-biology-class12-ch2-flowering-plants.ts(7,35): error TS2769: No overload matches this call.
  Overload 1 of 2, '(value: { subject: string | SQL<unknown> | Placeholder<string, any>; chapterTitle: string | SQL<unknown> | Placeholder<string, any>; classLevel: string | SQL<...> | Placeholder<...>; chapterNumber: number | ... 1 more ... | Placeholder<...>; introduction: string | ... 1 more ... | Placeholder<...>; detailedNotes: string | ... 1 more ... | Placeholder<...>; }): PgInsertBase<...>', gave the following error.
    Object literal may only specify known properties, and 'keyConcepts' does not exist in type '{ subject: string | SQL<unknown> | Placeholder<string, any>; chapterTitle: string | SQL<unknown> | Placeholder<string, any>; classLevel: string | SQL<unknown> | Placeholder<...>; chapterNumber: number | ... 1 more ... | Placeholder<...>; introduction: string | ... 1 more ... | Placeholder<...>; detailedNotes: string...'.
  Overload 2 of 2, '(values: { subject: string | SQL<unknown> | Placeholder<string, any>; chapterTitle: string | SQL<unknown> | Placeholder<string, any>; classLevel: string | SQL<...> | Placeholder<...>; chapterNumber: number | ... 1 more ... | Placeholder<...>; introduction: string | ... 1 more ... | Placeholder<...>; detailedNotes: string | ... 1 more ... | Placeholder<...>; }[]): PgInsertBase<...>', gave the following error.
    Object literal may only specify known properties, and 'subject' does not exist in type '{ subject: string | SQL<unknown> | Placeholder<string, any>; chapterTitle: string | SQL<unknown> | Placeholder<string, any>; classLevel: string | SQL<unknown> | Placeholder<...>; chapterNumber: number | ... 1 more ... | Placeholder<...>; introduction: string | ... 1 more ... | Placeholder<...>; detailedNotes: string...'.
server/seeds/seed-biology-class12-ch2-flowering-plants.ts(508,7): error TS2353: Object literal may only specify known properties, and 'estimatedStudyMinutes' does not exist in type 'PgUpdateSetSource<PgTableWithColumns<{ name: "chapter_content"; schema: undefined; columns: { id: PgColumn<{ name: "id"; tableName: "chapter_content"; dataType: "number"; columnType: "PgSerial"; data: number; driverParam: number; notNull: true; ... 7 more ...; generated: undefined; }, {}, {}>; ... 33 more ...; updat...'.
server/seeds/seed-biology-class12-ch3-human-reproduction.ts(7,35): error TS2769: No overload matches this call.
  Overload 1 of 2, '(value: { subject: string | SQL<unknown> | Placeholder<string, any>; chapterTitle: string | SQL<unknown> | Placeholder<string, any>; classLevel: string | SQL<...> | Placeholder<...>; chapterNumber: number | ... 1 more ... | Placeholder<...>; introduction: string | ... 1 more ... | Placeholder<...>; detailedNotes: string | ... 1 more ... | Placeholder<...>; }): PgInsertBase<...>', gave the following error.
    Object literal may only specify known properties, and 'keyConcepts' does not exist in type '{ subject: string | SQL<unknown> | Placeholder<string, any>; chapterTitle: string | SQL<unknown> | Placeholder<string, any>; classLevel: string | SQL<unknown> | Placeholder<...>; chapterNumber: number | ... 1 more ... | Placeholder<...>; introduction: string | ... 1 more ... | Placeholder<...>; detailedNotes: string...'.
  Overload 2 of 2, '(values: { subject: string | SQL<unknown> | Placeholder<string, any>; chapterTitle: string | SQL<unknown> | Placeholder<string, any>; classLevel: string | SQL<...> | Placeholder<...>; chapterNumber: number | ... 1 more ... | Placeholder<...>; introduction: string | ... 1 more ... | Placeholder<...>; detailedNotes: string | ... 1 more ... | Placeholder<...>; }[]): PgInsertBase<...>', gave the following error.
    Object literal may only specify known properties, and 'subject' does not exist in type '{ subject: string | SQL<unknown> | Placeholder<string, any>; chapterTitle: string | SQL<unknown> | Placeholder<string, any>; classLevel: string | SQL<unknown> | Placeholder<...>; chapterNumber: number | ... 1 more ... | Placeholder<...>; introduction: string | ... 1 more ... | Placeholder<...>; detailedNotes: string...'.
server/seeds/seed-biology-class12-ch3-human-reproduction.ts(698,7): error TS2353: Object literal may only specify known properties, and 'estimatedStudyMinutes' does not exist in type 'PgUpdateSetSource<PgTableWithColumns<{ name: "chapter_content"; schema: undefined; columns: { id: PgColumn<{ name: "id"; tableName: "chapter_content"; dataType: "number"; columnType: "PgSerial"; data: number; driverParam: number; notNull: true; ... 7 more ...; generated: undefined; }, {}, {}>; ... 33 more ...; updat...'.
server/seeds/seed-biology-class12-ch4-reproductive-health.ts(7,35): error TS2769: No overload matches this call.
  Overload 1 of 2, '(value: { subject: string | SQL<unknown> | Placeholder<string, any>; chapterTitle: string | SQL<unknown> | Placeholder<string, any>; classLevel: string | SQL<...> | Placeholder<...>; chapterNumber: number | ... 1 more ... | Placeholder<...>; introduction: string | ... 1 more ... | Placeholder<...>; detailedNotes: string | ... 1 more ... | Placeholder<...>; }): PgInsertBase<...>', gave the following error.
    Object literal may only specify known properties, and 'keyConcepts' does not exist in type '{ subject: string | SQL<unknown> | Placeholder<string, any>; chapterTitle: string | SQL<unknown> | Placeholder<string, any>; classLevel: string | SQL<unknown> | Placeholder<...>; chapterNumber: number | ... 1 more ... | Placeholder<...>; introduction: string | ... 1 more ... | Placeholder<...>; detailedNotes: string...'.
  Overload 2 of 2, '(values: { subject: string | SQL<unknown> | Placeholder<string, any>; chapterTitle: string | SQL<unknown> | Placeholder<string, any>; classLevel: string | SQL<...> | Placeholder<...>; chapterNumber: number | ... 1 more ... | Placeholder<...>; introduction: string | ... 1 more ... | Placeholder<...>; detailedNotes: string | ... 1 more ... | Placeholder<...>; }[]): PgInsertBase<...>', gave the following error.
    Object literal may only specify known properties, and 'subject' does not exist in type '{ subject: string | SQL<unknown> | Placeholder<string, any>; chapterTitle: string | SQL<unknown> | Placeholder<string, any>; classLevel: string | SQL<unknown> | Placeholder<...>; chapterNumber: number | ... 1 more ... | Placeholder<...>; introduction: string | ... 1 more ... | Placeholder<...>; detailedNotes: string...'.
server/seeds/seed-biology-class12-ch4-reproductive-health.ts(593,7): error TS2353: Object literal may only specify known properties, and 'estimatedStudyMinutes' does not exist in type 'PgUpdateSetSource<PgTableWithColumns<{ name: "chapter_content"; schema: undefined; columns: { id: PgColumn<{ name: "id"; tableName: "chapter_content"; dataType: "number"; columnType: "PgSerial"; data: number; driverParam: number; notNull: true; ... 7 more ...; generated: undefined; }, {}, {}>; ... 33 more ...; updat...'.
server/seeds/seed-biology-class12-ch5-inheritance.ts(285,7): error TS2353: Object literal may only specify known properties, and 'updatedAt' does not exist in type 'PgUpdateSetSource<PgTableWithColumns<{ name: "chapter_content"; schema: undefined; columns: { id: PgColumn<{ name: "id"; tableName: "chapter_content"; dataType: "number"; columnType: "PgSerial"; data: number; driverParam: number; notNull: true; ... 7 more ...; generated: undefined; }, {}, {}>; ... 33 more ...; updat...'.
server/seeds/seed-biology-class12-ch6-molecular.ts(358,7): error TS2353: Object literal may only specify known properties, and 'updatedAt' does not exist in type 'PgUpdateSetSource<PgTableWithColumns<{ name: "chapter_content"; schema: undefined; columns: { id: PgColumn<{ name: "id"; tableName: "chapter_content"; dataType: "number"; columnType: "PgSerial"; data: number; driverParam: number; notNull: true; ... 7 more ...; generated: undefined; }, {}, {}>; ... 33 more ...; updat...'.
server/seeds/seed-biology-class12-ch7-evolution.ts(380,7): error TS2353: Object literal may only specify known properties, and 'updatedAt' does not exist in type 'PgUpdateSetSource<PgTableWithColumns<{ name: "chapter_content"; schema: undefined; columns: { id: PgColumn<{ name: "id"; tableName: "chapter_content"; dataType: "number"; columnType: "PgSerial"; data: number; driverParam: number; notNull: true; ... 7 more ...; generated: undefined; }, {}, {}>; ... 33 more ...; updat...'.
server/seeds/seed-biology-class12-ch8-health.ts(533,7): error TS2353: Object literal may only specify known properties, and 'updatedAt' does not exist in type 'PgUpdateSetSource<PgTableWithColumns<{ name: "chapter_content"; schema: undefined; columns: { id: PgColumn<{ name: "id"; tableName: "chapter_content"; dataType: "number"; columnType: "PgSerial"; data: number; driverParam: number; notNull: true; ... 7 more ...; generated: undefined; }, {}, {}>; ... 33 more ...; updat...'.
server/seeds/seed-biology-class12-ch9-food.ts(308,7): error TS2353: Object literal may only specify known properties, and 'updatedAt' does not exist in type 'PgUpdateSetSource<PgTableWithColumns<{ name: "chapter_content"; schema: undefined; columns: { id: PgColumn<{ name: "id"; tableName: "chapter_content"; dataType: "number"; columnType: "PgSerial"; data: number; driverParam: number; notNull: true; ... 7 more ...; generated: undefined; }, {}, {}>; ... 33 more ...; updat...'.
server/seeds/seed-botany.ts(2959,13): error TS2353: Object literal may only specify known properties, and 'keyConcepts' does not exist in type '{ subject?: string | PgColumn<ColumnBaseConfig<ColumnDataType, string>, {}, {}> | SQL<unknown>; chapterTitle?: string | PgColumn<ColumnBaseConfig<ColumnDataType, string>, {}, {}> | SQL<...>; classLevel?: string | ... 1 more ... | SQL<...>; chapterNumber?: number | ... 1 more ... | SQL<...>; introduction?: string | ....'.
server/seeds/seed-botany.ts(2968,41): error TS2769: No overload matches this call.
  Overload 1 of 2, '(value: { subject: string | SQL<unknown> | Placeholder<string, any>; chapterTitle: string | SQL<unknown> | Placeholder<string, any>; classLevel: string | SQL<...> | Placeholder<...>; chapterNumber: number | ... 1 more ... | Placeholder<...>; introduction: string | ... 1 more ... | Placeholder<...>; detailedNotes: string | ... 1 more ... | Placeholder<...>; }): PgInsertBase<...>', gave the following error.
    Object literal may only specify known properties, and 'keyConcepts' does not exist in type '{ subject: string | SQL<unknown> | Placeholder<string, any>; chapterTitle: string | SQL<unknown> | Placeholder<string, any>; classLevel: string | SQL<unknown> | Placeholder<...>; chapterNumber: number | ... 1 more ... | Placeholder<...>; introduction: string | ... 1 more ... | Placeholder<...>; detailedNotes: string...'.
  Overload 2 of 2, '(values: { subject: string | SQL<unknown> | Placeholder<string, any>; chapterTitle: string | SQL<unknown> | Placeholder<string, any>; classLevel: string | SQL<...> | Placeholder<...>; chapterNumber: number | ... 1 more ... | Placeholder<...>; introduction: string | ... 1 more ... | Placeholder<...>; detailedNotes: string | ... 1 more ... | Placeholder<...>; }[]): PgInsertBase<...>', gave the following error.
    Object literal may only specify known properties, and 'subject' does not exist in type '{ subject: string | SQL<unknown> | Placeholder<string, any>; chapterTitle: string | SQL<unknown> | Placeholder<string, any>; classLevel: string | SQL<unknown> | Placeholder<...>; chapterNumber: number | ... 1 more ... | Placeholder<...>; introduction: string | ... 1 more ... | Placeholder<...>; detailedNotes: string...'.
server/seeds/seed-chemistry-class12-ch1-4.ts(157,7): error TS2353: Object literal may only specify known properties, and 'updatedAt' does not exist in type 'PgUpdateSetSource<PgTableWithColumns<{ name: "chapter_content"; schema: undefined; columns: { id: PgColumn<{ name: "id"; tableName: "chapter_content"; dataType: "number"; columnType: "PgSerial"; data: number; driverParam: number; notNull: true; ... 7 more ...; generated: undefined; }, {}, {}>; ... 33 more ...; updat...'.
server/seeds/seed-chemistry-class12-ch13-16-final.ts(252,7): error TS2353: Object literal may only specify known properties, and 'updatedAt' does not exist in type 'PgUpdateSetSource<PgTableWithColumns<{ name: "chapter_content"; schema: undefined; columns: { id: PgColumn<{ name: "id"; tableName: "chapter_content"; dataType: "number"; columnType: "PgSerial"; data: number; driverParam: number; notNull: true; ... 7 more ...; generated: undefined; }, {}, {}>; ... 33 more ...; updat...'.
server/seeds/seed-chemistry-class12-ch5-8.ts(166,7): error TS2353: Object literal may only specify known properties, and 'updatedAt' does not exist in type 'PgUpdateSetSource<PgTableWithColumns<{ name: "chapter_content"; schema: undefined; columns: { id: PgColumn<{ name: "id"; tableName: "chapter_content"; dataType: "number"; columnType: "PgSerial"; data: number; driverParam: number; notNull: true; ... 7 more ...; generated: undefined; }, {}, {}>; ... 33 more ...; updat...'.
server/seeds/seed-chemistry-class12-ch9-12.ts(232,7): error TS2353: Object literal may only specify known properties, and 'updatedAt' does not exist in type 'PgUpdateSetSource<PgTableWithColumns<{ name: "chapter_content"; schema: undefined; columns: { id: PgColumn<{ name: "id"; tableName: "chapter_content"; dataType: "number"; columnType: "PgSerial"; data: number; driverParam: number; notNull: true; ... 7 more ...; generated: undefined; }, {}, {}>; ... 33 more ...; updat...'.
server/seeds/seed-class12-physics-concepts.ts(329,11): error TS2353: Object literal may only specify known properties, and 'keyConcepts' does not exist in type '{ subject?: string | PgColumn<ColumnBaseConfig<ColumnDataType, string>, {}, {}> | SQL<unknown>; chapterTitle?: string | PgColumn<ColumnBaseConfig<ColumnDataType, string>, {}, {}> | SQL<...>; classLevel?: string | ... 1 more ... | SQL<...>; chapterNumber?: number | ... 1 more ... | SQL<...>; introduction?: string | ....'.
server/seeds/seed-inorganic-chemistry-class11.ts(798,13): error TS2353: Object literal may only specify known properties, and 'keyConcepts' does not exist in type '{ subject?: string | PgColumn<ColumnBaseConfig<ColumnDataType, string>, {}, {}> | SQL<unknown>; chapterTitle?: string | PgColumn<ColumnBaseConfig<ColumnDataType, string>, {}, {}> | SQL<...>; classLevel?: string | ... 1 more ... | SQL<...>; chapterNumber?: number | ... 1 more ... | SQL<...>; introduction?: string | ....'.
server/seeds/seed-inorganic-chemistry-class11.ts(804,18): error TS2345: Argument of type '(eq: any) => any' is not assignable to parameter of type 'SQL<unknown>'.
server/seeds/seed-inorganic-chemistry-class11.ts(807,41): error TS2769: No overload matches this call.
  Overload 1 of 2, '(value: { subject: string | SQL<unknown> | Placeholder<string, any>; chapterTitle: string | SQL<unknown> | Placeholder<string, any>; classLevel: string | SQL<...> | Placeholder<...>; chapterNumber: number | ... 1 more ... | Placeholder<...>; introduction: string | ... 1 more ... | Placeholder<...>; detailedNotes: string | ... 1 more ... | Placeholder<...>; }): PgInsertBase<...>', gave the following error.
    Object literal may only specify known properties, and 'keyConcepts' does not exist in type '{ subject: string | SQL<unknown> | Placeholder<string, any>; chapterTitle: string | SQL<unknown> | Placeholder<string, any>; classLevel: string | SQL<unknown> | Placeholder<...>; chapterNumber: number | ... 1 more ... | Placeholder<...>; introduction: string | ... 1 more ... | Placeholder<...>; detailedNotes: string...'.
  Overload 2 of 2, '(values: { subject: string | SQL<unknown> | Placeholder<string, any>; chapterTitle: string | SQL<unknown> | Placeholder<string, any>; classLevel: string | SQL<...> | Placeholder<...>; chapterNumber: number | ... 1 more ... | Placeholder<...>; introduction: string | ... 1 more ... | Placeholder<...>; detailedNotes: string | ... 1 more ... | Placeholder<...>; }[]): PgInsertBase<...>', gave the following error.
    Object literal may only specify known properties, and 'subject' does not exist in type '{ subject: string | SQL<unknown> | Placeholder<string, any>; chapterTitle: string | SQL<unknown> | Placeholder<string, any>; classLevel: string | SQL<unknown> | Placeholder<...>; chapterNumber: number | ... 1 more ... | Placeholder<...>; introduction: string | ... 1 more ... | Placeholder<...>; detailedNotes: string...'.
server/seeds/seed-inorganic-chemistry-class12.ts(780,13): error TS2353: Object literal may only specify known properties, and 'keyConcepts' does not exist in type '{ subject?: string | PgColumn<ColumnBaseConfig<ColumnDataType, string>, {}, {}> | SQL<unknown>; chapterTitle?: string | PgColumn<ColumnBaseConfig<ColumnDataType, string>, {}, {}> | SQL<...>; classLevel?: string | ... 1 more ... | SQL<...>; chapterNumber?: number | ... 1 more ... | SQL<...>; introduction?: string | ....'.
server/seeds/seed-inorganic-chemistry-class12.ts(789,41): error TS2769: No overload matches this call.
  Overload 1 of 2, '(value: { subject: string | SQL<unknown> | Placeholder<string, any>; chapterTitle: string | SQL<unknown> | Placeholder<string, any>; classLevel: string | SQL<...> | Placeholder<...>; chapterNumber: number | ... 1 more ... | Placeholder<...>; introduction: string | ... 1 more ... | Placeholder<...>; detailedNotes: string | ... 1 more ... | Placeholder<...>; }): PgInsertBase<...>', gave the following error.
    Object literal may only specify known properties, and 'keyConcepts' does not exist in type '{ subject: string | SQL<unknown> | Placeholder<string, any>; chapterTitle: string | SQL<unknown> | Placeholder<string, any>; classLevel: string | SQL<unknown> | Placeholder<...>; chapterNumber: number | ... 1 more ... | Placeholder<...>; introduction: string | ... 1 more ... | Placeholder<...>; detailedNotes: string...'.
  Overload 2 of 2, '(values: { subject: string | SQL<unknown> | Placeholder<string, any>; chapterTitle: string | SQL<unknown> | Placeholder<string, any>; classLevel: string | SQL<...> | Placeholder<...>; chapterNumber: number | ... 1 more ... | Placeholder<...>; introduction: string | ... 1 more ... | Placeholder<...>; detailedNotes: string | ... 1 more ... | Placeholder<...>; }[]): PgInsertBase<...>', gave the following error.
    Object literal may only specify known properties, and 'subject' does not exist in type '{ subject: string | SQL<unknown> | Placeholder<string, any>; chapterTitle: string | SQL<unknown> | Placeholder<string, any>; classLevel: string | SQL<unknown> | Placeholder<...>; chapterNumber: number | ... 1 more ... | Placeholder<...>; introduction: string | ... 1 more ... | Placeholder<...>; detailedNotes: string...'.
server/seeds/seed-inorganic-chemistry.ts(1301,13): error TS2353: Object literal may only specify known properties, and 'keyConcepts' does not exist in type '{ subject?: string | PgColumn<ColumnBaseConfig<ColumnDataType, string>, {}, {}> | SQL<unknown>; chapterTitle?: string | PgColumn<ColumnBaseConfig<ColumnDataType, string>, {}, {}> | SQL<...>; classLevel?: string | ... 1 more ... | SQL<...>; chapterNumber?: number | ... 1 more ... | SQL<...>; introduction?: string | ....'.
server/seeds/seed-inorganic-chemistry.ts(1307,18): error TS2345: Argument of type '(eq: any) => any' is not assignable to parameter of type 'SQL<unknown>'.
server/seeds/seed-inorganic-chemistry.ts(1310,41): error TS2769: No overload matches this call.
  Overload 1 of 2, '(value: { subject: string | SQL<unknown> | Placeholder<string, any>; chapterTitle: string | SQL<unknown> | Placeholder<string, any>; classLevel: string | SQL<...> | Placeholder<...>; chapterNumber: number | ... 1 more ... | Placeholder<...>; introduction: string | ... 1 more ... | Placeholder<...>; detailedNotes: string | ... 1 more ... | Placeholder<...>; }): PgInsertBase<...>', gave the following error.
    Object literal may only specify known properties, and 'keyConcepts' does not exist in type '{ subject: string | SQL<unknown> | Placeholder<string, any>; chapterTitle: string | SQL<unknown> | Placeholder<string, any>; classLevel: string | SQL<unknown> | Placeholder<...>; chapterNumber: number | ... 1 more ... | Placeholder<...>; introduction: string | ... 1 more ... | Placeholder<...>; detailedNotes: string...'.
  Overload 2 of 2, '(values: { subject: string | SQL<unknown> | Placeholder<string, any>; chapterTitle: string | SQL<unknown> | Placeholder<string, any>; classLevel: string | SQL<...> | Placeholder<...>; chapterNumber: number | ... 1 more ... | Placeholder<...>; introduction: string | ... 1 more ... | Placeholder<...>; detailedNotes: string | ... 1 more ... | Placeholder<...>; }[]): PgInsertBase<...>', gave the following error.
    Object literal may only specify known properties, and 'subject' does not exist in type '{ subject: string | SQL<unknown> | Placeholder<string, any>; chapterTitle: string | SQL<unknown> | Placeholder<string, any>; classLevel: string | SQL<unknown> | Placeholder<...>; chapterNumber: number | ... 1 more ... | Placeholder<...>; introduction: string | ... 1 more ... | Placeholder<...>; detailedNotes: string...'.
server/seeds/seed-organic-chemistry-class11.ts(689,13): error TS2353: Object literal may only specify known properties, and 'keyConcepts' does not exist in type '{ subject?: string | PgColumn<ColumnBaseConfig<ColumnDataType, string>, {}, {}> | SQL<unknown>; chapterTitle?: string | PgColumn<ColumnBaseConfig<ColumnDataType, string>, {}, {}> | SQL<...>; classLevel?: string | ... 1 more ... | SQL<...>; chapterNumber?: number | ... 1 more ... | SQL<...>; introduction?: string | ....'.
server/seeds/seed-organic-chemistry-class11.ts(695,18): error TS2345: Argument of type '(eq: any) => any' is not assignable to parameter of type 'SQL<unknown>'.
server/seeds/seed-organic-chemistry-class11.ts(698,41): error TS2769: No overload matches this call.
  Overload 1 of 2, '(value: { subject: string | SQL<unknown> | Placeholder<string, any>; chapterTitle: string | SQL<unknown> | Placeholder<string, any>; classLevel: string | SQL<...> | Placeholder<...>; chapterNumber: number | ... 1 more ... | Placeholder<...>; introduction: string | ... 1 more ... | Placeholder<...>; detailedNotes: string | ... 1 more ... | Placeholder<...>; }): PgInsertBase<...>', gave the following error.
    Object literal may only specify known properties, and 'keyConcepts' does not exist in type '{ subject: string | SQL<unknown> | Placeholder<string, any>; chapterTitle: string | SQL<unknown> | Placeholder<string, any>; classLevel: string | SQL<unknown> | Placeholder<...>; chapterNumber: number | ... 1 more ... | Placeholder<...>; introduction: string | ... 1 more ... | Placeholder<...>; detailedNotes: string...'.
  Overload 2 of 2, '(values: { subject: string | SQL<unknown> | Placeholder<string, any>; chapterTitle: string | SQL<unknown> | Placeholder<string, any>; classLevel: string | SQL<...> | Placeholder<...>; chapterNumber: number | ... 1 more ... | Placeholder<...>; introduction: string | ... 1 more ... | Placeholder<...>; detailedNotes: string | ... 1 more ... | Placeholder<...>; }[]): PgInsertBase<...>', gave the following error.
    Object literal may only specify known properties, and 'subject' does not exist in type '{ subject: string | SQL<unknown> | Placeholder<string, any>; chapterTitle: string | SQL<unknown> | Placeholder<string, any>; classLevel: string | SQL<unknown> | Placeholder<...>; chapterNumber: number | ... 1 more ... | Placeholder<...>; introduction: string | ... 1 more ... | Placeholder<...>; detailedNotes: string...'.
server/seeds/seed-organic-chemistry-class12.ts(1245,13): error TS2353: Object literal may only specify known properties, and 'keyConcepts' does not exist in type '{ subject?: string | PgColumn<ColumnBaseConfig<ColumnDataType, string>, {}, {}> | SQL<unknown>; chapterTitle?: string | PgColumn<ColumnBaseConfig<ColumnDataType, string>, {}, {}> | SQL<...>; classLevel?: string | ... 1 more ... | SQL<...>; chapterNumber?: number | ... 1 more ... | SQL<...>; introduction?: string | ....'.
server/seeds/seed-organic-chemistry-class12.ts(1254,41): error TS2769: No overload matches this call.
  Overload 1 of 2, '(value: { subject: string | SQL<unknown> | Placeholder<string, any>; chapterTitle: string | SQL<unknown> | Placeholder<string, any>; classLevel: string | SQL<...> | Placeholder<...>; chapterNumber: number | ... 1 more ... | Placeholder<...>; introduction: string | ... 1 more ... | Placeholder<...>; detailedNotes: string | ... 1 more ... | Placeholder<...>; }): PgInsertBase<...>', gave the following error.
    Object literal may only specify known properties, and 'keyConcepts' does not exist in type '{ subject: string | SQL<unknown> | Placeholder<string, any>; chapterTitle: string | SQL<unknown> | Placeholder<string, any>; classLevel: string | SQL<unknown> | Placeholder<...>; chapterNumber: number | ... 1 more ... | Placeholder<...>; introduction: string | ... 1 more ... | Placeholder<...>; detailedNotes: string...'.
  Overload 2 of 2, '(values: { subject: string | SQL<unknown> | Placeholder<string, any>; chapterTitle: string | SQL<unknown> | Placeholder<string, any>; classLevel: string | SQL<...> | Placeholder<...>; chapterNumber: number | ... 1 more ... | Placeholder<...>; introduction: string | ... 1 more ... | Placeholder<...>; detailedNotes: string | ... 1 more ... | Placeholder<...>; }[]): PgInsertBase<...>', gave the following error.
    Object literal may only specify known properties, and 'subject' does not exist in type '{ subject: string | SQL<unknown> | Placeholder<string, any>; chapterTitle: string | SQL<unknown> | Placeholder<string, any>; classLevel: string | SQL<unknown> | Placeholder<...>; chapterNumber: number | ... 1 more ... | Placeholder<...>; introduction: string | ... 1 more ... | Placeholder<...>; detailedNotes: string...'.
server/seeds/seed-organic-chemistry.ts(1753,13): error TS2353: Object literal may only specify known properties, and 'keyConcepts' does not exist in type '{ subject?: string | PgColumn<ColumnBaseConfig<ColumnDataType, string>, {}, {}> | SQL<unknown>; chapterTitle?: string | PgColumn<ColumnBaseConfig<ColumnDataType, string>, {}, {}> | SQL<...>; classLevel?: string | ... 1 more ... | SQL<...>; chapterNumber?: number | ... 1 more ... | SQL<...>; introduction?: string | ....'.
server/seeds/seed-organic-chemistry.ts(1762,41): error TS2769: No overload matches this call.
  Overload 1 of 2, '(value: { subject: string | SQL<unknown> | Placeholder<string, any>; chapterTitle: string | SQL<unknown> | Placeholder<string, any>; classLevel: string | SQL<...> | Placeholder<...>; chapterNumber: number | ... 1 more ... | Placeholder<...>; introduction: string | ... 1 more ... | Placeholder<...>; detailedNotes: string | ... 1 more ... | Placeholder<...>; }): PgInsertBase<...>', gave the following error.
    Object literal may only specify known properties, and 'keyConcepts' does not exist in type '{ subject: string | SQL<unknown> | Placeholder<string, any>; chapterTitle: string | SQL<unknown> | Placeholder<string, any>; classLevel: string | SQL<unknown> | Placeholder<...>; chapterNumber: number | ... 1 more ... | Placeholder<...>; introduction: string | ... 1 more ... | Placeholder<...>; detailedNotes: string...'.
  Overload 2 of 2, '(values: { subject: string | SQL<unknown> | Placeholder<string, any>; chapterTitle: string | SQL<unknown> | Placeholder<string, any>; classLevel: string | SQL<...> | Placeholder<...>; chapterNumber: number | ... 1 more ... | Placeholder<...>; introduction: string | ... 1 more ... | Placeholder<...>; detailedNotes: string | ... 1 more ... | Placeholder<...>; }[]): PgInsertBase<...>', gave the following error.
    Object literal may only specify known properties, and 'subject' does not exist in type '{ subject: string | SQL<unknown> | Placeholder<string, any>; chapterTitle: string | SQL<unknown> | Placeholder<string, any>; classLevel: string | SQL<unknown> | Placeholder<...>; chapterNumber: number | ... 1 more ... | Placeholder<...>; introduction: string | ... 1 more ... | Placeholder<...>; detailedNotes: string...'.
server/seeds/seed-physical-chemistry-class11.ts(900,13): error TS2353: Object literal may only specify known properties, and 'keyConcepts' does not exist in type '{ subject?: string | PgColumn<ColumnBaseConfig<ColumnDataType, string>, {}, {}> | SQL<unknown>; chapterTitle?: string | PgColumn<ColumnBaseConfig<ColumnDataType, string>, {}, {}> | SQL<...>; classLevel?: string | ... 1 more ... | SQL<...>; chapterNumber?: number | ... 1 more ... | SQL<...>; introduction?: string | ....'.
server/seeds/seed-physical-chemistry-class11.ts(906,18): error TS2345: Argument of type '(eq: any) => any' is not assignable to parameter of type 'SQL<unknown>'.
server/seeds/seed-physical-chemistry-class11.ts(909,41): error TS2769: No overload matches this call.
  Overload 1 of 2, '(value: { subject: string | SQL<unknown> | Placeholder<string, any>; chapterTitle: string | SQL<unknown> | Placeholder<string, any>; classLevel: string | SQL<...> | Placeholder<...>; chapterNumber: number | ... 1 more ... | Placeholder<...>; introduction: string | ... 1 more ... | Placeholder<...>; detailedNotes: string | ... 1 more ... | Placeholder<...>; }): PgInsertBase<...>', gave the following error.
    Object literal may only specify known properties, and 'keyConcepts' does not exist in type '{ subject: string | SQL<unknown> | Placeholder<string, any>; chapterTitle: string | SQL<unknown> | Placeholder<string, any>; classLevel: string | SQL<unknown> | Placeholder<...>; chapterNumber: number | ... 1 more ... | Placeholder<...>; introduction: string | ... 1 more ... | Placeholder<...>; detailedNotes: string...'.
  Overload 2 of 2, '(values: { subject: string | SQL<unknown> | Placeholder<string, any>; chapterTitle: string | SQL<unknown> | Placeholder<string, any>; classLevel: string | SQL<...> | Placeholder<...>; chapterNumber: number | ... 1 more ... | Placeholder<...>; introduction: string | ... 1 more ... | Placeholder<...>; detailedNotes: string | ... 1 more ... | Placeholder<...>; }[]): PgInsertBase<...>', gave the following error.
    Object literal may only specify known properties, and 'subject' does not exist in type '{ subject: string | SQL<unknown> | Placeholder<string, any>; chapterTitle: string | SQL<unknown> | Placeholder<string, any>; classLevel: string | SQL<unknown> | Placeholder<...>; chapterNumber: number | ... 1 more ... | Placeholder<...>; introduction: string | ... 1 more ... | Placeholder<...>; detailedNotes: string...'.
server/seeds/seed-physical-chemistry-class12.ts(769,13): error TS2353: Object literal may only specify known properties, and 'keyConcepts' does not exist in type '{ subject?: string | PgColumn<ColumnBaseConfig<ColumnDataType, string>, {}, {}> | SQL<unknown>; chapterTitle?: string | PgColumn<ColumnBaseConfig<ColumnDataType, string>, {}, {}> | SQL<...>; classLevel?: string | ... 1 more ... | SQL<...>; chapterNumber?: number | ... 1 more ... | SQL<...>; introduction?: string | ....'.
server/seeds/seed-physical-chemistry-class12.ts(778,41): error TS2769: No overload matches this call.
  Overload 1 of 2, '(value: { subject: string | SQL<unknown> | Placeholder<string, any>; chapterTitle: string | SQL<unknown> | Placeholder<string, any>; classLevel: string | SQL<...> | Placeholder<...>; chapterNumber: number | ... 1 more ... | Placeholder<...>; introduction: string | ... 1 more ... | Placeholder<...>; detailedNotes: string | ... 1 more ... | Placeholder<...>; }): PgInsertBase<...>', gave the following error.
    Object literal may only specify known properties, and 'keyConcepts' does not exist in type '{ subject: string | SQL<unknown> | Placeholder<string, any>; chapterTitle: string | SQL<unknown> | Placeholder<string, any>; classLevel: string | SQL<unknown> | Placeholder<...>; chapterNumber: number | ... 1 more ... | Placeholder<...>; introduction: string | ... 1 more ... | Placeholder<...>; detailedNotes: string...'.
  Overload 2 of 2, '(values: { subject: string | SQL<unknown> | Placeholder<string, any>; chapterTitle: string | SQL<unknown> | Placeholder<string, any>; classLevel: string | SQL<...> | Placeholder<...>; chapterNumber: number | ... 1 more ... | Placeholder<...>; introduction: string | ... 1 more ... | Placeholder<...>; detailedNotes: string | ... 1 more ... | Placeholder<...>; }[]): PgInsertBase<...>', gave the following error.
    Object literal may only specify known properties, and 'subject' does not exist in type '{ subject: string | SQL<unknown> | Placeholder<string, any>; chapterTitle: string | SQL<unknown> | Placeholder<string, any>; classLevel: string | SQL<unknown> | Placeholder<...>; chapterNumber: number | ... 1 more ... | Placeholder<...>; introduction: string | ... 1 more ... | Placeholder<...>; detailedNotes: string...'.
server/seeds/seed-physics-all-chapters-questions.ts(24,34): error TS2339: Property 'chapterNumber' does not exist on type '{ id: number; subject: string; classLevel: string; topicName: string; ncertChapter: string; referenceBooks: string[]; }'.
server/seeds/seed-physics-all-chapters-questions.ts(38,67): error TS2339: Property 'chapterNumber' does not exist on type '{ id: number; subject: string; classLevel: string; topicName: string; ncertChapter: string; referenceBooks: string[]; }'.
server/seeds/seed-physics-class12-ch1-charges.ts(303,7): error TS2353: Object literal may only specify known properties, and 'updatedAt' does not exist in type 'PgUpdateSetSource<PgTableWithColumns<{ name: "chapter_content"; schema: undefined; columns: { id: PgColumn<{ name: "id"; tableName: "chapter_content"; dataType: "number"; columnType: "PgSerial"; data: number; driverParam: number; notNull: true; ... 7 more ...; generated: undefined; }, {}, {}>; ... 33 more ...; updat...'.
server/seeds/seed-physics-class12-ch10-12-modern.ts(128,7): error TS2353: Object literal may only specify known properties, and 'updatedAt' does not exist in type 'PgUpdateSetSource<PgTableWithColumns<{ name: "chapter_content"; schema: undefined; columns: { id: PgColumn<{ name: "id"; tableName: "chapter_content"; dataType: "number"; columnType: "PgSerial"; data: number; driverParam: number; notNull: true; ... 7 more ...; generated: undefined; }, {}, {}>; ... 33 more ...; updat...'.
server/seeds/seed-physics-class12-ch10-12-modern.ts(242,7): error TS2353: Object literal may only specify known properties, and 'updatedAt' does not exist in type 'PgUpdateSetSource<PgTableWithColumns<{ name: "chapter_content"; schema: undefined; columns: { id: PgColumn<{ name: "id"; tableName: "chapter_content"; dataType: "number"; columnType: "PgSerial"; data: number; driverParam: number; notNull: true; ... 7 more ...; generated: undefined; }, {}, {}>; ... 33 more ...; updat...'.
server/seeds/seed-physics-class12-ch10-12-modern.ts(376,7): error TS2353: Object literal may only specify known properties, and 'updatedAt' does not exist in type 'PgUpdateSetSource<PgTableWithColumns<{ name: "chapter_content"; schema: undefined; columns: { id: PgColumn<{ name: "id"; tableName: "chapter_content"; dataType: "number"; columnType: "PgSerial"; data: number; driverParam: number; notNull: true; ... 7 more ...; generated: undefined; }, {}, {}>; ... 33 more ...; updat...'.
server/seeds/seed-physics-class12-ch13-15-final.ts(146,7): error TS2353: Object literal may only specify known properties, and 'updatedAt' does not exist in type 'PgUpdateSetSource<PgTableWithColumns<{ name: "chapter_content"; schema: undefined; columns: { id: PgColumn<{ name: "id"; tableName: "chapter_content"; dataType: "number"; columnType: "PgSerial"; data: number; driverParam: number; notNull: true; ... 7 more ...; generated: undefined; }, {}, {}>; ... 33 more ...; updat...'.
server/seeds/seed-physics-class12-ch13-15-final.ts(339,7): error TS2353: Object literal may only specify known properties, and 'updatedAt' does not exist in type 'PgUpdateSetSource<PgTableWithColumns<{ name: "chapter_content"; schema: undefined; columns: { id: PgColumn<{ name: "id"; tableName: "chapter_content"; dataType: "number"; columnType: "PgSerial"; data: number; driverParam: number; notNull: true; ... 7 more ...; generated: undefined; }, {}, {}>; ... 33 more ...; updat...'.
server/seeds/seed-physics-class12-ch13-15-final.ts(530,7): error TS2353: Object literal may only specify known properties, and 'updatedAt' does not exist in type 'PgUpdateSetSource<PgTableWithColumns<{ name: "chapter_content"; schema: undefined; columns: { id: PgColumn<{ name: "id"; tableName: "chapter_content"; dataType: "number"; columnType: "PgSerial"; data: number; driverParam: number; notNull: true; ... 7 more ...; generated: undefined; }, {}, {}>; ... 33 more ...; updat...'.
server/seeds/seed-physics-class12-ch2-potential.ts(309,7): error TS2353: Object literal may only specify known properties, and 'updatedAt' does not exist in type 'PgUpdateSetSource<PgTableWithColumns<{ name: "chapter_content"; schema: undefined; columns: { id: PgColumn<{ name: "id"; tableName: "chapter_content"; dataType: "number"; columnType: "PgSerial"; data: number; driverParam: number; notNull: true; ... 7 more ...; generated: undefined; }, {}, {}>; ... 33 more ...; updat...'.
server/seeds/seed-physics-class12-ch3-current.ts(349,7): error TS2353: Object literal may only specify known properties, and 'updatedAt' does not exist in type 'PgUpdateSetSource<PgTableWithColumns<{ name: "chapter_content"; schema: undefined; columns: { id: PgColumn<{ name: "id"; tableName: "chapter_content"; dataType: "number"; columnType: "PgSerial"; data: number; driverParam: number; notNull: true; ... 7 more ...; generated: undefined; }, {}, {}>; ... 33 more ...; updat...'.
server/seeds/seed-physics-class12-ch4-6-magnetism.ts(75,7): error TS2353: Object literal may only specify known properties, and 'updatedAt' does not exist in type 'PgUpdateSetSource<PgTableWithColumns<{ name: "chapter_content"; schema: undefined; columns: { id: PgColumn<{ name: "id"; tableName: "chapter_content"; dataType: "number"; columnType: "PgSerial"; data: number; driverParam: number; notNull: true; ... 7 more ...; generated: undefined; }, {}, {}>; ... 33 more ...; updat...'.
server/seeds/seed-physics-class12-ch4-6-magnetism.ts(160,7): error TS2353: Object literal may only specify known properties, and 'updatedAt' does not exist in type 'PgUpdateSetSource<PgTableWithColumns<{ name: "chapter_content"; schema: undefined; columns: { id: PgColumn<{ name: "id"; tableName: "chapter_content"; dataType: "number"; columnType: "PgSerial"; data: number; driverParam: number; notNull: true; ... 7 more ...; generated: undefined; }, {}, {}>; ... 33 more ...; updat...'.
server/seeds/seed-physics-class12-ch4-6-magnetism.ts(277,7): error TS2353: Object literal may only specify known properties, and 'updatedAt' does not exist in type 'PgUpdateSetSource<PgTableWithColumns<{ name: "chapter_content"; schema: undefined; columns: { id: PgColumn<{ name: "id"; tableName: "chapter_content"; dataType: "number"; columnType: "PgSerial"; data: number; driverParam: number; notNull: true; ... 7 more ...; generated: undefined; }, {}, {}>; ... 33 more ...; updat...'.
server/seeds/seed-physics-class12-ch7-9-waves-optics.ts(105,7): error TS2353: Object literal may only specify known properties, and 'updatedAt' does not exist in type 'PgUpdateSetSource<PgTableWithColumns<{ name: "chapter_content"; schema: undefined; columns: { id: PgColumn<{ name: "id"; tableName: "chapter_content"; dataType: "number"; columnType: "PgSerial"; data: number; driverParam: number; notNull: true; ... 7 more ...; generated: undefined; }, {}, {}>; ... 33 more ...; updat...'.
server/seeds/seed-physics-class12-ch7-9-waves-optics.ts(214,7): error TS2353: Object literal may only specify known properties, and 'updatedAt' does not exist in type 'PgUpdateSetSource<PgTableWithColumns<{ name: "chapter_content"; schema: undefined; columns: { id: PgColumn<{ name: "id"; tableName: "chapter_content"; dataType: "number"; columnType: "PgSerial"; data: number; driverParam: number; notNull: true; ... 7 more ...; generated: undefined; }, {}, {}>; ... 33 more ...; updat...'.
server/seeds/seed-physics-class12-ch7-9-waves-optics.ts(363,7): error TS2353: Object literal may only specify known properties, and 'updatedAt' does not exist in type 'PgUpdateSetSource<PgTableWithColumns<{ name: "chapter_content"; schema: undefined; columns: { id: PgColumn<{ name: "id"; tableName: "chapter_content"; dataType: "number"; columnType: "PgSerial"; data: number; driverParam: number; notNull: true; ... 7 more ...; generated: undefined; }, {}, {}>; ... 33 more ...; updat...'.
server/seeds/seed-zoology.ts(2728,13): error TS2353: Object literal may only specify known properties, and 'keyConcepts' does not exist in type '{ subject?: string | PgColumn<ColumnBaseConfig<ColumnDataType, string>, {}, {}> | SQL<unknown>; chapterTitle?: string | PgColumn<ColumnBaseConfig<ColumnDataType, string>, {}, {}> | SQL<...>; classLevel?: string | ... 1 more ... | SQL<...>; chapterNumber?: number | ... 1 more ... | SQL<...>; introduction?: string | ....'.
server/seeds/seed-zoology.ts(2737,41): error TS2769: No overload matches this call.
  Overload 1 of 2, '(value: { subject: string | SQL<unknown> | Placeholder<string, any>; chapterTitle: string | SQL<unknown> | Placeholder<string, any>; classLevel: string | SQL<...> | Placeholder<...>; chapterNumber: number | ... 1 more ... | Placeholder<...>; introduction: string | ... 1 more ... | Placeholder<...>; detailedNotes: string | ... 1 more ... | Placeholder<...>; }): PgInsertBase<...>', gave the following error.
    Object literal may only specify known properties, and 'keyConcepts' does not exist in type '{ subject: string | SQL<unknown> | Placeholder<string, any>; chapterTitle: string | SQL<unknown> | Placeholder<string, any>; classLevel: string | SQL<unknown> | Placeholder<...>; chapterNumber: number | ... 1 more ... | Placeholder<...>; introduction: string | ... 1 more ... | Placeholder<...>; detailedNotes: string...'.
  Overload 2 of 2, '(values: { subject: string | SQL<unknown> | Placeholder<string, any>; chapterTitle: string | SQL<unknown> | Placeholder<string, any>; classLevel: string | SQL<...> | Placeholder<...>; chapterNumber: number | ... 1 more ... | Placeholder<...>; introduction: string | ... 1 more ... | Placeholder<...>; detailedNotes: string | ... 1 more ... | Placeholder<...>; }[]): PgInsertBase<...>', gave the following error.
    Object literal may only specify known properties, and 'subject' does not exist in type '{ subject: string | SQL<unknown> | Placeholder<string, any>; chapterTitle: string | SQL<unknown> | Placeholder<string, any>; classLevel: string | SQL<unknown> | Placeholder<...>; chapterNumber: number | ... 1 more ... | Placeholder<...>; introduction: string | ... 1 more ... | Placeholder<...>; detailedNotes: string...'.
server/storage.ts(127,50): error TS2769: No overload matches this call.
  Overload 1 of 2, '(value: { name: string | SQL<unknown> | Placeholder<string, any>; email: string | SQL<unknown> | Placeholder<string, any>; passwordHash: string | SQL<unknown> | Placeholder<...>; }): PgInsertBase<...>', gave the following error.
    Argument of type '{}' is not assignable to parameter of type '{ name: string | SQL<unknown> | Placeholder<string, any>; email: string | SQL<unknown> | Placeholder<string, any>; passwordHash: string | SQL<unknown> | Placeholder<...>; }'.
      Type '{}' is missing the following properties from type '{ name: string | SQL<unknown> | Placeholder<string, any>; email: string | SQL<unknown> | Placeholder<string, any>; passwordHash: string | SQL<unknown> | Placeholder<...>; }': name, email, passwordHash
  Overload 2 of 2, '(values: { name: string | SQL<unknown> | Placeholder<string, any>; email: string | SQL<unknown> | Placeholder<string, any>; passwordHash: string | SQL<unknown> | Placeholder<...>; }[]): PgInsertBase<...>', gave the following error.
    Argument of type '{}' is not assignable to parameter of type '{ name: string | SQL<unknown> | Placeholder<string, any>; email: string | SQL<unknown> | Placeholder<string, any>; passwordHash: string | SQL<unknown> | Placeholder<...>; }[]'.
      Type '{}' is missing the following properties from type '{ name: string | SQL<unknown> | Placeholder<string, any>; email: string | SQL<unknown> | Placeholder<string, any>; passwordHash: string | SQL<unknown> | Placeholder<...>; }[]': length, pop, push, concat, and 29 more.
server/storage.ts(133,14): error TS2353: Object literal may only specify known properties, and 'totalPoints' does not exist in type '{ name?: string | PgColumn<ColumnBaseConfig<ColumnDataType, string>, {}, {}> | SQL<unknown>; email?: string | PgColumn<ColumnBaseConfig<ColumnDataType, string>, {}, {}> | SQL<...>; passwordHash?: string | ... 1 more ... | SQL<...>; }'.
server/storage.ts(147,58): error TS2769: No overload matches this call.
  Overload 1 of 2, '(value: { subject: string | SQL<unknown> | Placeholder<string, any>; classLevel: string | SQL<unknown> | Placeholder<string, any>; topicName: string | SQL<unknown> | Placeholder<...>; }): PgInsertBase<...>', gave the following error.
    Argument of type '{}' is not assignable to parameter of type '{ subject: string | SQL<unknown> | Placeholder<string, any>; classLevel: string | SQL<unknown> | Placeholder<string, any>; topicName: string | SQL<unknown> | Placeholder<...>; }'.
      Type '{}' is missing the following properties from type '{ subject: string | SQL<unknown> | Placeholder<string, any>; classLevel: string | SQL<unknown> | Placeholder<string, any>; topicName: string | SQL<unknown> | Placeholder<...>; }': subject, classLevel, topicName
  Overload 2 of 2, '(values: { subject: string | SQL<unknown> | Placeholder<string, any>; classLevel: string | SQL<unknown> | Placeholder<string, any>; topicName: string | SQL<unknown> | Placeholder<...>; }[]): PgInsertBase<...>', gave the following error.
    Argument of type '{}' is not assignable to parameter of type '{ subject: string | SQL<unknown> | Placeholder<string, any>; classLevel: string | SQL<unknown> | Placeholder<string, any>; topicName: string | SQL<unknown> | Placeholder<...>; }[]'.
      Type '{}' is missing the following properties from type '{ subject: string | SQL<unknown> | Placeholder<string, any>; classLevel: string | SQL<unknown> | Placeholder<string, any>; topicName: string | SQL<unknown> | Placeholder<...>; }[]': length, pop, push, concat, and 29 more.
server/storage.ts(239,54): error TS2769: No overload matches this call.
  Overload 1 of 2, '(value: { options: SQL<unknown> | { id: string; text: string; }[] | Placeholder<string, any>; correctAnswer: string | SQL<unknown> | Placeholder<string, any>; topicId: number | ... 1 more ... | Placeholder<...>; questionText: string | ... 1 more ... | Placeholder<...>; solutionDetail: string | ... 1 more ... | Placeholder<...>; difficultyLevel: number | ... 1 more ... | Placeholder<...>; sourceType: string | ... 1 more ... | Placeholder<...>; }): PgInsertBase<...>', gave the following error.
    Argument of type '{}' is not assignable to parameter of type '{ options: SQL<unknown> | { id: string; text: string; }[] | Placeholder<string, any>; correctAnswer: string | SQL<unknown> | Placeholder<string, any>; topicId: number | ... 1 more ... | Placeholder<...>; questionText: string | ... 1 more ... | Placeholder<...>; solutionDetail: string | ... 1 more ... | Placeholder<....'.
      Type '{}' is missing the following properties from type '{ options: SQL<unknown> | { id: string; text: string; }[] | Placeholder<string, any>; correctAnswer: string | SQL<unknown> | Placeholder<string, any>; topicId: number | ... 1 more ... | Placeholder<...>; questionText: string | ... 1 more ... | Placeholder<...>; solutionDetail: string | ... 1 more ... | Placeholder<....': options, correctAnswer, topicId, questionText, and 3 more.
  Overload 2 of 2, '(values: { options: SQL<unknown> | { id: string; text: string; }[] | Placeholder<string, any>; correctAnswer: string | SQL<unknown> | Placeholder<string, any>; topicId: number | ... 1 more ... | Placeholder<...>; questionText: string | ... 1 more ... | Placeholder<...>; solutionDetail: string | ... 1 more ... | Placeholder<...>; difficultyLevel: number | ... 1 more ... | Placeholder<...>; sourceType: string | ... 1 more ... | Placeholder<...>; }[]): PgInsertBase<...>', gave the following error.
    Argument of type '{}' is not assignable to parameter of type '{ options: SQL<unknown> | { id: string; text: string; }[] | Placeholder<string, any>; correctAnswer: string | SQL<unknown> | Placeholder<string, any>; topicId: number | ... 1 more ... | Placeholder<...>; questionText: string | ... 1 more ... | Placeholder<...>; solutionDetail: string | ... 1 more ... | Placeholder<....'.
      Type '{}' is missing the following properties from type '{ options: SQL<unknown> | { id: string; text: string; }[] | Placeholder<string, any>; correctAnswer: string | SQL<unknown> | Placeholder<string, any>; topicId: number | ... 1 more ... | Placeholder<...>; questionText: string | ... 1 more ... | Placeholder<...>; solutionDetail: string | ... 1 more ... | Placeholder<....': length, pop, push, concat, and 29 more.
server/storage.ts(245,60): error TS2769: No overload matches this call.
  Overload 1 of 2, '(value: { isCorrect: boolean | SQL<unknown> | Placeholder<string, any>; userAnswer: string | SQL<unknown> | Placeholder<string, any>; questionId: number | SQL<...> | Placeholder<...>; userId: string | ... 1 more ... | Placeholder<...>; }): PgInsertBase<...>', gave the following error.
    Argument of type '{}' is not assignable to parameter of type '{ isCorrect: boolean | SQL<unknown> | Placeholder<string, any>; userAnswer: string | SQL<unknown> | Placeholder<string, any>; questionId: number | SQL<...> | Placeholder<...>; userId: string | ... 1 more ... | Placeholder<...>; }'.
      Type '{}' is missing the following properties from type '{ isCorrect: boolean | SQL<unknown> | Placeholder<string, any>; userAnswer: string | SQL<unknown> | Placeholder<string, any>; questionId: number | SQL<...> | Placeholder<...>; userId: string | ... 1 more ... | Placeholder<...>; }': isCorrect, userAnswer, questionId, userId
  Overload 2 of 2, '(values: { isCorrect: boolean | SQL<unknown> | Placeholder<string, any>; userAnswer: string | SQL<unknown> | Placeholder<string, any>; questionId: number | SQL<...> | Placeholder<...>; userId: string | ... 1 more ... | Placeholder<...>; }[]): PgInsertBase<...>', gave the following error.
    Argument of type '{}' is not assignable to parameter of type '{ isCorrect: boolean | SQL<unknown> | Placeholder<string, any>; userAnswer: string | SQL<unknown> | Placeholder<string, any>; questionId: number | SQL<...> | Placeholder<...>; userId: string | ... 1 more ... | Placeholder<...>; }[]'.
      Type '{}' is missing the following properties from type '{ isCorrect: boolean | SQL<unknown> | Placeholder<string, any>; userAnswer: string | SQL<unknown> | Placeholder<string, any>; questionId: number | SQL<...> | Placeholder<...>; userId: string | ... 1 more ... | Placeholder<...>; }[]': length, pop, push, concat, and 29 more.
server/storage.ts(311,54): error TS2769: No overload matches this call.
  Overload 1 of 2, '(value: { title: string | SQL<unknown> | Placeholder<string, any>; testType: string | SQL<unknown> | Placeholder<string, any>; questionsList: number[] | SQL<unknown> | Placeholder<...>; durationMinutes: number | ... 1 more ... | Placeholder<...>; }): PgInsertBase<...>', gave the following error.
    Argument of type '{}' is not assignable to parameter of type '{ title: string | SQL<unknown> | Placeholder<string, any>; testType: string | SQL<unknown> | Placeholder<string, any>; questionsList: number[] | SQL<unknown> | Placeholder<...>; durationMinutes: number | ... 1 more ... | Placeholder<...>; }'.
      Type '{}' is missing the following properties from type '{ title: string | SQL<unknown> | Placeholder<string, any>; testType: string | SQL<unknown> | Placeholder<string, any>; questionsList: number[] | SQL<unknown> | Placeholder<...>; durationMinutes: number | ... 1 more ... | Placeholder<...>; }': title, testType, questionsList, durationMinutes
  Overload 2 of 2, '(values: { title: string | SQL<unknown> | Placeholder<string, any>; testType: string | SQL<unknown> | Placeholder<string, any>; questionsList: number[] | SQL<unknown> | Placeholder<...>; durationMinutes: number | ... 1 more ... | Placeholder<...>; }[]): PgInsertBase<...>', gave the following error.
    Argument of type '{}' is not assignable to parameter of type '{ title: string | SQL<unknown> | Placeholder<string, any>; testType: string | SQL<unknown> | Placeholder<string, any>; questionsList: number[] | SQL<unknown> | Placeholder<...>; durationMinutes: number | ... 1 more ... | Placeholder<...>; }[]'.
      Type '{}' is missing the following properties from type '{ title: string | SQL<unknown> | Placeholder<string, any>; testType: string | SQL<unknown> | Placeholder<string, any>; questionsList: number[] | SQL<unknown> | Placeholder<...>; durationMinutes: number | ... 1 more ... | Placeholder<...>; }[]': length, pop, push, concat, and 29 more.
server/storage.ts(358,54): error TS2769: No overload matches this call.
  Overload 1 of 2, '(value: { title: string | SQL<unknown> | Placeholder<string, any>; content: string | SQL<unknown> | Placeholder<string, any>; subject: string | SQL<unknown> | Placeholder<...>; }): PgInsertBase<...>', gave the following error.
    Argument of type '{}' is not assignable to parameter of type '{ title: string | SQL<unknown> | Placeholder<string, any>; content: string | SQL<unknown> | Placeholder<string, any>; subject: string | SQL<unknown> | Placeholder<...>; }'.
      Type '{}' is missing the following properties from type '{ title: string | SQL<unknown> | Placeholder<string, any>; content: string | SQL<unknown> | Placeholder<string, any>; subject: string | SQL<unknown> | Placeholder<...>; }': title, content, subject
  Overload 2 of 2, '(values: { title: string | SQL<unknown> | Placeholder<string, any>; content: string | SQL<unknown> | Placeholder<string, any>; subject: string | SQL<unknown> | Placeholder<...>; }[]): PgInsertBase<...>', gave the following error.
    Argument of type '{}' is not assignable to parameter of type '{ title: string | SQL<unknown> | Placeholder<string, any>; content: string | SQL<unknown> | Placeholder<string, any>; subject: string | SQL<unknown> | Placeholder<...>; }[]'.
      Type '{}' is missing the following properties from type '{ title: string | SQL<unknown> | Placeholder<string, any>; content: string | SQL<unknown> | Placeholder<string, any>; subject: string | SQL<unknown> | Placeholder<...>; }[]': length, pop, push, concat, and 29 more.
server/storage.ts(418,53): error TS2769: No overload matches this call.
  Overload 1 of 2, '(value: { name: string | SQL<unknown> | Placeholder<string, any>; subject: string | SQL<unknown> | Placeholder<string, any>; latexFormula: string | SQL<unknown> | Placeholder<...>; }): PgInsertBase<...>', gave the following error.
    Argument of type '{}' is not assignable to parameter of type '{ name: string | SQL<unknown> | Placeholder<string, any>; subject: string | SQL<unknown> | Placeholder<string, any>; latexFormula: string | SQL<unknown> | Placeholder<...>; }'.
      Type '{}' is missing the following properties from type '{ name: string | SQL<unknown> | Placeholder<string, any>; subject: string | SQL<unknown> | Placeholder<string, any>; latexFormula: string | SQL<unknown> | Placeholder<...>; }': name, subject, latexFormula
  Overload 2 of 2, '(values: { name: string | SQL<unknown> | Placeholder<string, any>; subject: string | SQL<unknown> | Placeholder<string, any>; latexFormula: string | SQL<unknown> | Placeholder<...>; }[]): PgInsertBase<...>', gave the following error.
    Argument of type '{}' is not assignable to parameter of type '{ name: string | SQL<unknown> | Placeholder<string, any>; subject: string | SQL<unknown> | Placeholder<string, any>; latexFormula: string | SQL<unknown> | Placeholder<...>; }[]'.
      Type '{}' is missing the following properties from type '{ name: string | SQL<unknown> | Placeholder<string, any>; subject: string | SQL<unknown> | Placeholder<string, any>; latexFormula: string | SQL<unknown> | Placeholder<...>; }[]': length, pop, push, concat, and 29 more.
server/storage.ts(459,43): error TS2339: Property 'userId' does not exist on type '{}'.
server/storage.ts(460,44): error TS2339: Property 'topicId' does not exist on type '{}'.
server/storage.ts(485,15): error TS2769: No overload matches this call.
  Overload 1 of 2, '(value: { topicId: number | SQL<unknown> | Placeholder<string, any>; userId: string | SQL<unknown> | Placeholder<string, any>; }): PgInsertBase<PgTableWithColumns<{ name: "user_topic_progress"; schema: undefined; columns: { ...; }; dialect: "pg"; }>, ... 4 more ..., never>', gave the following error.
    Argument of type '{}' is not assignable to parameter of type '{ topicId: number | SQL<unknown> | Placeholder<string, any>; userId: string | SQL<unknown> | Placeholder<string, any>; }'.
      Type '{}' is missing the following properties from type '{ topicId: number | SQL<unknown> | Placeholder<string, any>; userId: string | SQL<unknown> | Placeholder<string, any>; }': topicId, userId
  Overload 2 of 2, '(values: { topicId: number | SQL<unknown> | Placeholder<string, any>; userId: string | SQL<unknown> | Placeholder<string, any>; }[]): PgInsertBase<PgTableWithColumns<{ name: "user_topic_progress"; schema: undefined; columns: { ...; }; dialect: "pg"; }>, ... 4 more ..., never>', gave the following error.
    Argument of type '{}' is not assignable to parameter of type '{ topicId: number | SQL<unknown> | Placeholder<string, any>; userId: string | SQL<unknown> | Placeholder<string, any>; }[]'.
      Type '{}' is missing the following properties from type '{ topicId: number | SQL<unknown> | Placeholder<string, any>; userId: string | SQL<unknown> | Placeholder<string, any>; }[]': length, pop, push, concat, and 29 more.
server/storage.ts(683,15): error TS2769: No overload matches this call.
  Overload 1 of 2, '(value: { userId: string | SQL<unknown> | Placeholder<string, any>; flashcardId: number | SQL<unknown> | Placeholder<string, any>; }): PgInsertBase<PgTableWithColumns<{ name: "user_flashcard_progress"; schema: undefined; columns: { ...; }; dialect: "pg"; }>, ... 4 more ..., never>', gave the following error.
    Argument of type '{}' is not assignable to parameter of type '{ userId: string | SQL<unknown> | Placeholder<string, any>; flashcardId: number | SQL<unknown> | Placeholder<string, any>; }'.
      Type '{}' is missing the following properties from type '{ userId: string | SQL<unknown> | Placeholder<string, any>; flashcardId: number | SQL<unknown> | Placeholder<string, any>; }': userId, flashcardId
  Overload 2 of 2, '(values: { userId: string | SQL<unknown> | Placeholder<string, any>; flashcardId: number | SQL<unknown> | Placeholder<string, any>; }[]): PgInsertBase<PgTableWithColumns<{ name: "user_flashcard_progress"; schema: undefined; columns: { ...; }; dialect: "pg"; }>, ... 4 more ..., never>', gave the following error.
    Argument of type '{}' is not assignable to parameter of type '{ userId: string | SQL<unknown> | Placeholder<string, any>; flashcardId: number | SQL<unknown> | Placeholder<string, any>; }[]'.
      Type '{}' is missing the following properties from type '{ userId: string | SQL<unknown> | Placeholder<string, any>; flashcardId: number | SQL<unknown> | Placeholder<string, any>; }[]': length, pop, push, concat, and 29 more.
server/ws/testSessionManager.ts(129,7): error TS2740: Type 'Record<number, string>' is missing the following properties from type 'PgColumn<{ name: "answers"; tableName: "test_sessions"; dataType: "json"; columnType: "PgJsonb"; data: Record<number, string>; driverParam: unknown; notNull: true; hasDefault: true; isPrimaryKey: false; ... 5 more ...; generated: undefined; }, {}, { ...; }>': table, _, name, keyAsName, and 19 more.
server/ws/testSessionManager.ts(157,7): error TS2322: Type 'number' is not assignable to type 'PgColumn<{ name: "current_question_index"; tableName: "test_sessions"; dataType: "number"; columnType: "PgInteger"; data: number; driverParam: string | number; notNull: true; hasDefault: true; ... 6 more ...; generated: undefined; }, {}, {}>'.
server/ws/testSessionManager.ts(208,7): error TS2322: Type 'string' is not assignable to type 'PgColumn<{ name: "status"; tableName: "test_sessions"; dataType: "string"; columnType: "PgVarchar"; data: string; driverParam: string; notNull: true; hasDefault: true; isPrimaryKey: false; isAutoincrement: false; ... 4 more ...; generated: undefined; }, {}, { ...; }>'.
server/ws/testSessionManager.ts(209,7): error TS2322: Type 'number' is not assignable to type 'PgColumn<{ name: "score"; tableName: "test_sessions"; dataType: "number"; columnType: "PgInteger"; data: number; driverParam: string | number; notNull: false; hasDefault: false; isPrimaryKey: false; ... 5 more ...; generated: undefined; }, {}, {}>'.
server/ws/testSessionManager.ts(292,7): error TS2322: Type 'string' is not assignable to type 'PgColumn<{ name: "status"; tableName: "test_sessions"; dataType: "string"; columnType: "PgVarchar"; data: string; driverParam: string; notNull: true; hasDefault: true; isPrimaryKey: false; isAutoincrement: false; ... 4 more ...; generated: undefined; }, {}, { ...; }>'.
server/ws/testSessionManager.ts(310,9): error TS2322: Type 'boolean' is not assignable to type 'PgColumn<{ name: "is_active"; tableName: "session_participants"; dataType: "boolean"; columnType: "PgBoolean"; data: boolean; driverParam: boolean; notNull: true; hasDefault: true; isPrimaryKey: false; ... 5 more ...; generated: undefined; }, {}, {}>'.
server/ws/testSessionManager.ts(311,9): error TS2740: Type 'Date' is missing the following properties from type 'PgColumn<{ name: "last_seen_at"; tableName: "session_participants"; dataType: "date"; columnType: "PgTimestamp"; data: Date; driverParam: string; notNull: true; hasDefault: true; isPrimaryKey: false; ... 5 more ...; generated: undefined; }, {}, {}>': table, _, name, keyAsName, and 19 more.
server/ws/testSessionManager.ts(355,9): error TS2322: Type 'boolean' is not assignable to type 'PgColumn<{ name: "is_active"; tableName: "session_participants"; dataType: "boolean"; columnType: "PgBoolean"; data: boolean; driverParam: boolean; notNull: true; hasDefault: true; isPrimaryKey: false; ... 5 more ...; generated: undefined; }, {}, {}>'.
server/ws/testSessionManager.ts(356,9): error TS2740: Type 'Date' is missing the following properties from type 'PgColumn<{ name: "last_seen_at"; tableName: "session_participants"; dataType: "date"; columnType: "PgTimestamp"; data: Date; driverParam: string; notNull: true; hasDefault: true; isPrimaryKey: false; ... 5 more ...; generated: undefined; }, {}, {}>': table, _, name, keyAsName, and 19 more.
server/ws/testSessionManager.ts(370,44): error TS2769: No overload matches this call.
  Overload 1 of 2, '(value: { userId: string | SQL<unknown> | Placeholder<string, any>; sessionId: string | SQL<unknown> | Placeholder<string, any>; }): PgInsertBase<PgTableWithColumns<{ name: "session_participants"; schema: undefined; columns: { ...; }; dialect: "pg"; }>, ... 4 more ..., never>', gave the following error.
    Object literal may only specify known properties, and 'isActive' does not exist in type '{ userId: string | SQL<unknown> | Placeholder<string, any>; sessionId: string | SQL<unknown> | Placeholder<string, any>; }'.
  Overload 2 of 2, '(values: { userId: string | SQL<unknown> | Placeholder<string, any>; sessionId: string | SQL<unknown> | Placeholder<string, any>; }[]): PgInsertBase<PgTableWithColumns<{ name: "session_participants"; schema: undefined; columns: { ...; }; dialect: "pg"; }>, ... 4 more ..., never>', gave the following error.
    Object literal may only specify known properties, and 'sessionId' does not exist in type '{ userId: string | SQL<unknown> | Placeholder<string, any>; sessionId: string | SQL<unknown> | Placeholder<string, any>; }[]'.
